<?xml version="1.0"?>
<link_info>
   <banner>TMS320C6x Linker PC v7.4.14</banner>
   <copyright>Copyright (c) 1996-2015 Texas Instruments Incorporated</copyright>
   <link_time>0x568d634c</link_time>
   <output_file>lab0.out</output_file>
   <entry_point>
      <name>_c_int00</name>
      <address>0x2aa0</address>
   </entry_point>
   <input_file_list>
      <input_file id="fl-2">
         <path>.\</path>
         <kind>object</kind>
         <file>Vectors_poll.obj</file>
         <name>Vectors_poll.obj</name>
      </input_file>
      <input_file id="fl-3">
         <path>.\</path>
         <kind>object</kind>
         <file>c6713dskinit.obj</file>
         <name>c6713dskinit.obj</name>
      </input_file>
      <input_file id="fl-4">
         <path>.\</path>
         <kind>object</kind>
         <file>main.obj</file>
         <name>main.obj</name>
      </input_file>
      <input_file id="fl-81">
         <path>C:\ti\ccsv6\tools\compiler\c6000_7.4.14\lib\</path>
         <kind>archive</kind>
         <file>rts6700.lib</file>
         <name>boot.obj</name>
      </input_file>
      <input_file id="fl-82">
         <path>C:\ti\ccsv6\tools\compiler\c6000_7.4.14\lib\</path>
         <kind>archive</kind>
         <file>rts6700.lib</file>
         <name>exit.obj</name>
      </input_file>
      <input_file id="fl-83">
         <path>C:\ti\ccsv6\tools\compiler\c6000_7.4.14\lib\</path>
         <kind>archive</kind>
         <file>rts6700.lib</file>
         <name>fixdu.obj</name>
      </input_file>
      <input_file id="fl-84">
         <path>C:\ti\ccsv6\tools\compiler\c6000_7.4.14\lib\</path>
         <kind>archive</kind>
         <file>rts6700.lib</file>
         <name>imath64.obj</name>
      </input_file>
      <input_file id="fl-85">
         <path>C:\ti\ccsv6\tools\compiler\c6000_7.4.14\lib\</path>
         <kind>archive</kind>
         <file>rts6700.lib</file>
         <name>llshift.obj</name>
      </input_file>
      <input_file id="fl-86">
         <path>C:\ti\ccsv6\tools\compiler\c6000_7.4.14\lib\</path>
         <kind>archive</kind>
         <file>rts6700.lib</file>
         <name>mpyll.obj</name>
      </input_file>
      <input_file id="fl-87">
         <path>C:\ti\ccsv6\tools\compiler\c6000_7.4.14\lib\</path>
         <kind>archive</kind>
         <file>rts6700.lib</file>
         <name>negll.obj</name>
      </input_file>
      <input_file id="fl-88">
         <path>C:\ti\ccsv6\tools\compiler\c6000_7.4.14\lib\</path>
         <kind>archive</kind>
         <file>rts6700.lib</file>
         <name>remi.obj</name>
      </input_file>
      <input_file id="fl-89">
         <path>C:\ti\ccsv6\tools\compiler\c6000_7.4.14\lib\</path>
         <kind>archive</kind>
         <file>rts6700.lib</file>
         <name>abs.obj</name>
      </input_file>
      <input_file id="fl-8a">
         <path>C:\ti\ccsv6\tools\compiler\c6000_7.4.14\lib\</path>
         <kind>archive</kind>
         <file>rts6700.lib</file>
         <name>args_main.obj</name>
      </input_file>
      <input_file id="fl-8b">
         <path>C:\ti\ccsv6\tools\compiler\c6000_7.4.14\lib\</path>
         <kind>archive</kind>
         <file>rts6700.lib</file>
         <name>autoinit.obj</name>
      </input_file>
      <input_file id="fl-8c">
         <path>C:\ti\ccsv6\tools\compiler\c6000_7.4.14\lib\</path>
         <kind>archive</kind>
         <file>rts6700.lib</file>
         <name>cpp_init.obj</name>
      </input_file>
      <input_file id="fl-8d">
         <path>C:\ti\ccsv6\tools\compiler\c6000_7.4.14\lib\</path>
         <kind>archive</kind>
         <file>rts6700.lib</file>
         <name>cpy_tbl.obj</name>
      </input_file>
      <input_file id="fl-8e">
         <path>C:\ti\ccsv6\tools\compiler\c6000_7.4.14\lib\</path>
         <kind>archive</kind>
         <file>rts6700.lib</file>
         <name>memcpy62.obj</name>
      </input_file>
      <input_file id="fl-8f">
         <path>C:\dsk6713\c6000\dsk6713\lib\</path>
         <kind>archive</kind>
         <file>dsk6713bsl.lib</file>
         <name>dsk6713.obj</name>
      </input_file>
      <input_file id="fl-90">
         <path>C:\dsk6713\c6000\dsk6713\lib\</path>
         <kind>archive</kind>
         <file>dsk6713bsl.lib</file>
         <name>dsk6713_aic23_opencodec.obj</name>
      </input_file>
      <input_file id="fl-91">
         <path>C:\dsk6713\c6000\dsk6713\lib\</path>
         <kind>archive</kind>
         <file>dsk6713bsl.lib</file>
         <name>dsk6713_aic23_registers.obj</name>
      </input_file>
      <input_file id="fl-92">
         <path>C:\dsk6713\c6000\dsk6713\lib\</path>
         <kind>archive</kind>
         <file>dsk6713bsl.lib</file>
         <name>dsk6713_aic23_setfreq.obj</name>
      </input_file>
      <input_file id="fl-93">
         <path>C:\dsk6713\c6000\dsk6713\lib\</path>
         <kind>archive</kind>
         <file>dsk6713bsl.lib</file>
         <name>dsk6713_led.obj</name>
      </input_file>
      <input_file id="fl-94">
         <path>C:\dsk6713\c6000\bios\lib\</path>
         <kind>archive</kind>
         <file>csl6713.lib</file>
         <name>csl_irq.obj</name>
      </input_file>
      <input_file id="fl-95">
         <path>C:\dsk6713\c6000\bios\lib\</path>
         <kind>archive</kind>
         <file>csl6713.lib</file>
         <name>csl_mcbsp.obj</name>
      </input_file>
      <input_file id="fl-96">
         <path>C:\ti\ccsv6\tools\compiler\c6000_7.4.14\lib\</path>
         <kind>archive</kind>
         <file>rts6700.lib</file>
         <name>strasg.obj</name>
      </input_file>
   </input_file_list>
   <object_component_list>
      <object_component id="oc-10">
         <name>.vectors</name>
         <load_address>0x0</load_address>
         <run_address>0x0</run_address>
         <size>0x200</size>
         <input_file_ref idref="fl-2"/>
      </object_component>
      <object_component id="oc-82">
         <name>.text</name>
         <load_address>0x220</load_address>
         <run_address>0x220</run_address>
         <size>0x720</size>
         <input_file_ref idref="fl-3"/>
      </object_component>
      <object_component id="oc-4e">
         <name>.text</name>
         <load_address>0x940</load_address>
         <run_address>0x940</run_address>
         <size>0x480</size>
         <input_file_ref idref="fl-8f"/>
      </object_component>
      <object_component id="oc-91">
         <name>.text:__divull</name>
         <load_address>0xdc0</load_address>
         <run_address>0xdc0</run_address>
         <size>0x380</size>
         <input_file_ref idref="fl-84"/>
      </object_component>
      <object_component id="oc-54">
         <name>.text</name>
         <load_address>0x1140</load_address>
         <run_address>0x1140</run_address>
         <size>0x300</size>
         <input_file_ref idref="fl-90"/>
      </object_component>
      <object_component id="oc-7e">
         <name>.text</name>
         <load_address>0x1440</load_address>
         <run_address>0x1440</run_address>
         <size>0x280</size>
         <input_file_ref idref="fl-4"/>
      </object_component>
      <object_component id="oc-7c">
         <name>.text:_memcpy</name>
         <load_address>0x16c0</load_address>
         <run_address>0x16c0</run_address>
         <size>0x240</size>
         <input_file_ref idref="fl-8e"/>
      </object_component>
      <object_component id="oc-66">
         <name>.text</name>
         <load_address>0x1900</load_address>
         <run_address>0x1900</run_address>
         <size>0x1e0</size>
         <input_file_ref idref="fl-93"/>
      </object_component>
      <object_component id="oc-88">
         <name>.text:_IRQ_map</name>
         <load_address>0x1ae0</load_address>
         <run_address>0x1ae0</run_address>
         <size>0x1a0</size>
         <input_file_ref idref="fl-94"/>
      </object_component>
      <object_component id="oc-80">
         <name>.text:_MCBSP_reset</name>
         <load_address>0x1c80</load_address>
         <run_address>0x1c80</run_address>
         <size>0x180</size>
         <input_file_ref idref="fl-95"/>
      </object_component>
      <object_component id="oc-5a">
         <name>.text</name>
         <load_address>0x1e00</load_address>
         <run_address>0x1e00</run_address>
         <size>0x140</size>
         <input_file_ref idref="fl-91"/>
      </object_component>
      <object_component id="oc-7a">
         <name>.text:_MCBSP_start</name>
         <load_address>0x1f40</load_address>
         <run_address>0x1f40</run_address>
         <size>0x100</size>
         <input_file_ref idref="fl-95"/>
      </object_component>
      <object_component id="oc-75">
         <name>.text:__auto_init</name>
         <load_address>0x2040</load_address>
         <run_address>0x2040</run_address>
         <size>0x100</size>
         <input_file_ref idref="fl-8b"/>
      </object_component>
      <object_component id="oc-81">
         <name>.text:__remi</name>
         <load_address>0x2140</load_address>
         <run_address>0x2140</run_address>
         <size>0x100</size>
         <input_file_ref idref="fl-88"/>
      </object_component>
      <object_component id="oc-79">
         <name>.text:_MCBSP_open</name>
         <load_address>0x2240</load_address>
         <run_address>0x2240</run_address>
         <size>0xe0</size>
         <input_file_ref idref="fl-95"/>
      </object_component>
      <object_component id="oc-78">
         <name>.text:__strasg</name>
         <load_address>0x2320</load_address>
         <run_address>0x2320</run_address>
         <size>0xe0</size>
         <input_file_ref idref="fl-96"/>
      </object_component>
      <object_component id="oc-77">
         <name>.text:_exit</name>
         <load_address>0x2400</load_address>
         <run_address>0x2400</run_address>
         <size>0xe0</size>
         <input_file_ref idref="fl-82"/>
      </object_component>
      <object_component id="oc-84">
         <name>.text:__fixdu</name>
         <load_address>0x24e0</load_address>
         <run_address>0x24e0</run_address>
         <size>0xc0</size>
         <input_file_ref idref="fl-83"/>
      </object_component>
      <object_component id="oc-7b">
         <name>.text:_copy_in</name>
         <load_address>0x25a0</load_address>
         <run_address>0x25a0</run_address>
         <size>0xc0</size>
         <input_file_ref idref="fl-8d"/>
      </object_component>
      <object_component id="oc-60">
         <name>.text</name>
         <load_address>0x2660</load_address>
         <run_address>0x2660</run_address>
         <size>0xc0</size>
         <input_file_ref idref="fl-92"/>
      </object_component>
      <object_component id="oc-85">
         <name>.text:_MCBSP_config</name>
         <load_address>0x2720</load_address>
         <run_address>0x2720</run_address>
         <size>0xa0</size>
         <input_file_ref idref="fl-95"/>
      </object_component>
      <object_component id="oc-92">
         <name>.text:__mpyll</name>
         <load_address>0x27c0</load_address>
         <run_address>0x27c0</run_address>
         <size>0xa0</size>
         <input_file_ref idref="fl-86"/>
      </object_component>
      <object_component id="oc-83">
         <name>.text:__remull</name>
         <load_address>0x2860</load_address>
         <run_address>0x2860</run_address>
         <size>0xa0</size>
         <input_file_ref idref="fl-84"/>
      </object_component>
      <object_component id="oc-93">
         <name>.text:_setMux</name>
         <load_address>0x2900</load_address>
         <run_address>0x2900</run_address>
         <size>0xa0</size>
         <input_file_ref idref="fl-94"/>
      </object_component>
      <object_component id="oc-7d">
         <name>.text:___TI_cpp_init</name>
         <load_address>0x29a0</load_address>
         <run_address>0x29a0</run_address>
         <size>0x80</size>
         <input_file_ref idref="fl-8c"/>
      </object_component>
      <object_component id="oc-94">
         <name>.text:__llshl</name>
         <load_address>0x2a20</load_address>
         <run_address>0x2a20</run_address>
         <size>0x80</size>
         <input_file_ref idref="fl-85"/>
      </object_component>
      <object_component id="oc-e">
         <name>.text:_c_int00</name>
         <load_address>0x2aa0</load_address>
         <run_address>0x2aa0</run_address>
         <size>0x80</size>
         <input_file_ref idref="fl-81"/>
      </object_component>
      <object_component id="oc-96">
         <name>.text:__llshru</name>
         <load_address>0x2b20</load_address>
         <run_address>0x2b20</run_address>
         <size>0x60</size>
         <input_file_ref idref="fl-85"/>
      </object_component>
      <object_component id="oc-95">
         <name>.text:__subcull</name>
         <load_address>0x2b80</load_address>
         <run_address>0x2b80</run_address>
         <size>0x60</size>
         <input_file_ref idref="fl-84"/>
      </object_component>
      <object_component id="oc-8c">
         <name>.text:_IRQ_enable</name>
         <load_address>0x2be0</load_address>
         <run_address>0x2be0</run_address>
         <size>0x40</size>
         <input_file_ref idref="fl-94"/>
      </object_component>
      <object_component id="oc-89">
         <name>.text:_IRQ_reset</name>
         <load_address>0x2c20</load_address>
         <run_address>0x2c20</run_address>
         <size>0x40</size>
         <input_file_ref idref="fl-94"/>
      </object_component>
      <object_component id="oc-76">
         <name>.text:__args_main</name>
         <load_address>0x2c60</load_address>
         <run_address>0x2c60</run_address>
         <size>0x40</size>
         <input_file_ref idref="fl-8a"/>
      </object_component>
      <object_component id="oc-f">
         <name>.text</name>
         <load_address>0x2ca0</load_address>
         <run_address>0x2ca0</run_address>
         <size>0x20</size>
         <input_file_ref idref="fl-2"/>
      </object_component>
      <object_component id="oc-86">
         <name>.text:_IRQ_globalDisable</name>
         <load_address>0x2cc0</load_address>
         <run_address>0x2cc0</run_address>
         <size>0x20</size>
         <input_file_ref idref="fl-94"/>
      </object_component>
      <object_component id="oc-8a">
         <name>.text:_IRQ_globalEnable</name>
         <load_address>0x2ce0</load_address>
         <run_address>0x2ce0</run_address>
         <size>0x20</size>
         <input_file_ref idref="fl-94"/>
      </object_component>
      <object_component id="oc-8b">
         <name>.text:_IRQ_nmiEnable</name>
         <load_address>0x2d00</load_address>
         <run_address>0x2d00</run_address>
         <size>0x20</size>
         <input_file_ref idref="fl-94"/>
      </object_component>
      <object_component id="oc-87">
         <name>.text:_MCBSP_getXmtEventId</name>
         <load_address>0x2d20</load_address>
         <run_address>0x2d20</run_address>
         <size>0x20</size>
         <input_file_ref idref="fl-95"/>
      </object_component>
      <object_component id="oc-90">
         <name>.text:_MCBSP_read</name>
         <load_address>0x2d40</load_address>
         <run_address>0x2d40</run_address>
         <size>0x20</size>
         <input_file_ref idref="fl-95"/>
      </object_component>
      <object_component id="oc-8f">
         <name>.text:_MCBSP_rrdy</name>
         <load_address>0x2d60</load_address>
         <run_address>0x2d60</run_address>
         <size>0x20</size>
         <input_file_ref idref="fl-95"/>
      </object_component>
      <object_component id="oc-8e">
         <name>.text:_MCBSP_write</name>
         <load_address>0x2d80</load_address>
         <run_address>0x2d80</run_address>
         <size>0x20</size>
         <input_file_ref idref="fl-95"/>
      </object_component>
      <object_component id="oc-8d">
         <name>.text:_MCBSP_xrdy</name>
         <load_address>0x2da0</load_address>
         <run_address>0x2da0</run_address>
         <size>0x20</size>
         <input_file_ref idref="fl-95"/>
      </object_component>
      <object_component id="oc-7f">
         <name>.text:_abort</name>
         <load_address>0x2dc0</load_address>
         <run_address>0x2dc0</run_address>
         <size>0x20</size>
         <input_file_ref idref="fl-82"/>
      </object_component>
      <object_component id="oc-6b">
         <name>.text</name>
         <load_address>0x2de0</load_address>
         <run_address>0x2de0</run_address>
         <size>0x20</size>
         <input_file_ref idref="fl-94"/>
      </object_component>
      <object_component id="oc-14">
         <name>.bss</name>
         <uninitialized>true</uninitialized>
         <run_address>0x3ac4</run_address>
         <size>0xc</size>
         <input_file_ref idref="fl-3"/>
      </object_component>
      <object_component id="oc-1b">
         <name>.bss</name>
         <uninitialized>true</uninitialized>
         <run_address>0x3ad0</run_address>
         <size>0x6</size>
         <input_file_ref idref="fl-4"/>
      </object_component>
      <object_component id="oc-6c">
         <name>.cinit</name>
         <load_address>0x3600</load_address>
         <run_address>0x3600</run_address>
         <size>0x12c</size>
         <input_file_ref idref="fl-94"/>
      </object_component>
      <object_component id="oc-16">
         <name>.cinit</name>
         <load_address>0x3730</load_address>
         <run_address>0x3730</run_address>
         <size>0x58</size>
         <input_file_ref idref="fl-3"/>
      </object_component>
      <object_component id="oc-6f">
         <name>.cinit</name>
         <load_address>0x3788</load_address>
         <run_address>0x3788</run_address>
         <size>0x54</size>
         <input_file_ref idref="fl-95"/>
      </object_component>
      <object_component id="oc-5b">
         <name>.cinit</name>
         <load_address>0x37e0</load_address>
         <run_address>0x37e0</run_address>
         <size>0x30</size>
         <input_file_ref idref="fl-91"/>
      </object_component>
      <object_component id="oc-26">
         <name>.cinit</name>
         <load_address>0x3810</load_address>
         <run_address>0x3810</run_address>
         <size>0x2c</size>
         <input_file_ref idref="fl-82"/>
      </object_component>
      <object_component id="oc-61">
         <name>.cinit</name>
         <load_address>0x3840</load_address>
         <run_address>0x3840</run_address>
         <size>0x28</size>
         <input_file_ref idref="fl-92"/>
      </object_component>
      <object_component id="oc-1d">
         <name>.cinit</name>
         <load_address>0x3868</load_address>
         <run_address>0x3868</run_address>
         <size>0x1a</size>
         <input_file_ref idref="fl-4"/>
      </object_component>
      <object_component id="oc-22">
         <name>.stack</name>
         <uninitialized>true</uninitialized>
         <run_address>0x2e00</run_address>
         <size>0x8</size>
         <input_file_ref idref="fl-81"/>
      </object_component>
      <object_component id="oc-ae">
         <name>.stack</name>
         <uninitialized>true</uninitialized>
         <run_address>0x2e00</run_address>
         <size>0x0</size>
      </object_component>
      <object_component id="oc-56">
         <name>.const</name>
         <load_address>0x3a64</load_address>
         <run_address>0x3a64</run_address>
         <size>0x40</size>
         <input_file_ref idref="fl-90"/>
      </object_component>
      <object_component id="oc-50">
         <name>.const</name>
         <load_address>0x3aa4</load_address>
         <run_address>0x3aa4</run_address>
         <size>0x20</size>
         <input_file_ref idref="fl-8f"/>
      </object_component>
      <object_component id="oc-17">
         <name>.far</name>
         <uninitialized>true</uninitialized>
         <run_address>0x3980</run_address>
         <size>0x4c</size>
         <input_file_ref idref="fl-3"/>
      </object_component>
      <object_component id="oc-27">
         <name>.far</name>
         <uninitialized>true</uninitialized>
         <run_address>0x3a4c</run_address>
         <size>0xc</size>
         <input_file_ref idref="fl-82"/>
      </object_component>
      <object_component id="oc-4f">
         <name>.far</name>
         <uninitialized>true</uninitialized>
         <run_address>0x3a60</run_address>
         <size>0x2</size>
         <input_file_ref idref="fl-8f"/>
      </object_component>
      <object_component id="oc-55">
         <name>.far</name>
         <uninitialized>true</uninitialized>
         <run_address>0x3a58</run_address>
         <size>0x8</size>
         <input_file_ref idref="fl-90"/>
      </object_component>
      <object_component id="oc-5c">
         <name>.far</name>
         <uninitialized>true</uninitialized>
         <run_address>0x3a04</run_address>
         <size>0x28</size>
         <input_file_ref idref="fl-91"/>
      </object_component>
      <object_component id="oc-62">
         <name>.far</name>
         <uninitialized>true</uninitialized>
         <run_address>0x3a2c</run_address>
         <size>0x20</size>
         <input_file_ref idref="fl-92"/>
      </object_component>
      <object_component id="oc-67">
         <name>.far</name>
         <uninitialized>true</uninitialized>
         <run_address>0x3a62</run_address>
         <size>0x2</size>
         <input_file_ref idref="fl-93"/>
      </object_component>
      <object_component id="oc-6d">
         <name>.far</name>
         <uninitialized>true</uninitialized>
         <run_address>0x388c</run_address>
         <size>0xf4</size>
         <input_file_ref idref="fl-94"/>
      </object_component>
      <object_component id="oc-70">
         <name>.far</name>
         <uninitialized>true</uninitialized>
         <run_address>0x39cc</run_address>
         <size>0x38</size>
         <input_file_ref idref="fl-95"/>
      </object_component>
      <object_component id="oc-11">
         <name>.debug_info</name>
         <load_address>0x0</load_address>
         <run_address>0x0</run_address>
         <size>0xdb</size>
         <input_file_ref idref="fl-2"/>
      </object_component>
      <object_component id="oc-15">
         <name>.debug_info</name>
         <load_address>0xdb</load_address>
         <run_address>0xdb</run_address>
         <size>0x1490</size>
         <input_file_ref idref="fl-3"/>
      </object_component>
      <object_component id="oc-1c">
         <name>.debug_info</name>
         <load_address>0x156b</load_address>
         <run_address>0x156b</run_address>
         <size>0xb12</size>
         <input_file_ref idref="fl-4"/>
      </object_component>
      <object_component id="oc-21">
         <name>.debug_info</name>
         <load_address>0x207d</load_address>
         <run_address>0x207d</run_address>
         <size>0x70a</size>
         <input_file_ref idref="fl-81"/>
      </object_component>
      <object_component id="oc-25">
         <name>.debug_info</name>
         <load_address>0x2787</load_address>
         <run_address>0x2787</run_address>
         <size>0x7fa</size>
         <input_file_ref idref="fl-82"/>
      </object_component>
      <object_component id="oc-2a">
         <name>.debug_info</name>
         <load_address>0x2f81</load_address>
         <run_address>0x2f81</run_address>
         <size>0x68d</size>
         <input_file_ref idref="fl-83"/>
      </object_component>
      <object_component id="oc-2d">
         <name>.debug_info</name>
         <load_address>0x360e</load_address>
         <run_address>0x360e</run_address>
         <size>0x836</size>
         <input_file_ref idref="fl-84"/>
      </object_component>
      <object_component id="oc-30">
         <name>.debug_info</name>
         <load_address>0x3e44</load_address>
         <run_address>0x3e44</run_address>
         <size>0x700</size>
         <input_file_ref idref="fl-85"/>
      </object_component>
      <object_component id="oc-33">
         <name>.debug_info</name>
         <load_address>0x4544</load_address>
         <run_address>0x4544</run_address>
         <size>0x6b6</size>
         <input_file_ref idref="fl-86"/>
      </object_component>
      <object_component id="oc-36">
         <name>.debug_info</name>
         <load_address>0x4bfa</load_address>
         <run_address>0x4bfa</run_address>
         <size>0x5ce</size>
         <input_file_ref idref="fl-87"/>
      </object_component>
      <object_component id="oc-39">
         <name>.debug_info</name>
         <load_address>0x51c8</load_address>
         <run_address>0x51c8</run_address>
         <size>0xcf</size>
         <input_file_ref idref="fl-88"/>
      </object_component>
      <object_component id="oc-3c">
         <name>.debug_info</name>
         <load_address>0x5297</load_address>
         <run_address>0x5297</run_address>
         <size>0x5cb</size>
         <input_file_ref idref="fl-89"/>
      </object_component>
      <object_component id="oc-3f">
         <name>.debug_info</name>
         <load_address>0x5862</load_address>
         <run_address>0x5862</run_address>
         <size>0x6e0</size>
         <input_file_ref idref="fl-8a"/>
      </object_component>
      <object_component id="oc-42">
         <name>.debug_info</name>
         <load_address>0x5f42</load_address>
         <run_address>0x5f42</run_address>
         <size>0x86c</size>
         <input_file_ref idref="fl-8b"/>
      </object_component>
      <object_component id="oc-45">
         <name>.debug_info</name>
         <load_address>0x67ae</load_address>
         <run_address>0x67ae</run_address>
         <size>0x6e4</size>
         <input_file_ref idref="fl-8c"/>
      </object_component>
      <object_component id="oc-48">
         <name>.debug_info</name>
         <load_address>0x6e92</load_address>
         <run_address>0x6e92</run_address>
         <size>0x7da</size>
         <input_file_ref idref="fl-8d"/>
      </object_component>
      <object_component id="oc-4b">
         <name>.debug_info</name>
         <load_address>0x766c</load_address>
         <run_address>0x766c</run_address>
         <size>0x789</size>
         <input_file_ref idref="fl-8e"/>
      </object_component>
      <object_component id="oc-52">
         <name>.debug_info</name>
         <load_address>0x7df5</load_address>
         <run_address>0x7df5</run_address>
         <size>0x8a7</size>
         <input_file_ref idref="fl-8f"/>
      </object_component>
      <object_component id="oc-58">
         <name>.debug_info</name>
         <load_address>0x869c</load_address>
         <run_address>0x869c</run_address>
         <size>0x89f</size>
         <input_file_ref idref="fl-90"/>
      </object_component>
      <object_component id="oc-5e">
         <name>.debug_info</name>
         <load_address>0x8f3b</load_address>
         <run_address>0x8f3b</run_address>
         <size>0x929</size>
         <input_file_ref idref="fl-91"/>
      </object_component>
      <object_component id="oc-64">
         <name>.debug_info</name>
         <load_address>0x9864</load_address>
         <run_address>0x9864</run_address>
         <size>0x5b3</size>
         <input_file_ref idref="fl-92"/>
      </object_component>
      <object_component id="oc-69">
         <name>.debug_info</name>
         <load_address>0x9e17</load_address>
         <run_address>0x9e17</run_address>
         <size>0x60b</size>
         <input_file_ref idref="fl-93"/>
      </object_component>
      <object_component id="oc-72">
         <name>.debug_info</name>
         <load_address>0xa422</load_address>
         <run_address>0xa422</run_address>
         <size>0xd5</size>
         <input_file_ref idref="fl-96"/>
      </object_component>
      <object_component id="oc-af">
         <name>.debug_info</name>
         <load_address>0xa4f7</load_address>
         <run_address>0xa4f7</run_address>
         <size>0x6e</size>
      </object_component>
      <object_component id="oc-12">
         <name>.debug_line</name>
         <load_address>0x0</load_address>
         <run_address>0x0</run_address>
         <size>0xcd</size>
         <input_file_ref idref="fl-2"/>
      </object_component>
      <object_component id="oc-19">
         <name>.debug_line</name>
         <load_address>0xcd</load_address>
         <run_address>0xcd</run_address>
         <size>0x158</size>
         <input_file_ref idref="fl-3"/>
      </object_component>
      <object_component id="oc-1f">
         <name>.debug_line</name>
         <load_address>0x225</load_address>
         <run_address>0x225</run_address>
         <size>0xfa</size>
         <input_file_ref idref="fl-4"/>
      </object_component>
      <object_component id="oc-23">
         <name>.debug_line</name>
         <load_address>0x31f</load_address>
         <run_address>0x31f</run_address>
         <size>0x3d</size>
         <input_file_ref idref="fl-81"/>
      </object_component>
      <object_component id="oc-28">
         <name>.debug_line</name>
         <load_address>0x35c</load_address>
         <run_address>0x35c</run_address>
         <size>0x4f</size>
         <input_file_ref idref="fl-82"/>
      </object_component>
      <object_component id="oc-2b">
         <name>.debug_line</name>
         <load_address>0x3ab</load_address>
         <run_address>0x3ab</run_address>
         <size>0x3d</size>
         <input_file_ref idref="fl-83"/>
      </object_component>
      <object_component id="oc-2e">
         <name>.debug_line</name>
         <load_address>0x3e8</load_address>
         <run_address>0x3e8</run_address>
         <size>0x75</size>
         <input_file_ref idref="fl-84"/>
      </object_component>
      <object_component id="oc-31">
         <name>.debug_line</name>
         <load_address>0x45d</load_address>
         <run_address>0x45d</run_address>
         <size>0x56</size>
         <input_file_ref idref="fl-85"/>
      </object_component>
      <object_component id="oc-34">
         <name>.debug_line</name>
         <load_address>0x4b3</load_address>
         <run_address>0x4b3</run_address>
         <size>0x3d</size>
         <input_file_ref idref="fl-86"/>
      </object_component>
      <object_component id="oc-37">
         <name>.debug_line</name>
         <load_address>0x4f0</load_address>
         <run_address>0x4f0</run_address>
         <size>0x26</size>
         <input_file_ref idref="fl-87"/>
      </object_component>
      <object_component id="oc-3a">
         <name>.debug_line</name>
         <load_address>0x516</load_address>
         <run_address>0x516</run_address>
         <size>0x43</size>
         <input_file_ref idref="fl-88"/>
      </object_component>
      <object_component id="oc-3d">
         <name>.debug_line</name>
         <load_address>0x559</load_address>
         <run_address>0x559</run_address>
         <size>0x23</size>
         <input_file_ref idref="fl-89"/>
      </object_component>
      <object_component id="oc-40">
         <name>.debug_line</name>
         <load_address>0x57c</load_address>
         <run_address>0x57c</run_address>
         <size>0x41</size>
         <input_file_ref idref="fl-8a"/>
      </object_component>
      <object_component id="oc-43">
         <name>.debug_line</name>
         <load_address>0x5bd</load_address>
         <run_address>0x5bd</run_address>
         <size>0x47</size>
         <input_file_ref idref="fl-8b"/>
      </object_component>
      <object_component id="oc-46">
         <name>.debug_line</name>
         <load_address>0x604</load_address>
         <run_address>0x604</run_address>
         <size>0x45</size>
         <input_file_ref idref="fl-8c"/>
      </object_component>
      <object_component id="oc-49">
         <name>.debug_line</name>
         <load_address>0x649</load_address>
         <run_address>0x649</run_address>
         <size>0x44</size>
         <input_file_ref idref="fl-8d"/>
      </object_component>
      <object_component id="oc-4c">
         <name>.debug_line</name>
         <load_address>0x68d</load_address>
         <run_address>0x68d</run_address>
         <size>0x4e</size>
         <input_file_ref idref="fl-8e"/>
      </object_component>
      <object_component id="oc-53">
         <name>.debug_line</name>
         <load_address>0x6db</load_address>
         <run_address>0x6db</run_address>
         <size>0xb2</size>
         <input_file_ref idref="fl-8f"/>
      </object_component>
      <object_component id="oc-59">
         <name>.debug_line</name>
         <load_address>0x78d</load_address>
         <run_address>0x78d</run_address>
         <size>0x4f</size>
         <input_file_ref idref="fl-90"/>
      </object_component>
      <object_component id="oc-5f">
         <name>.debug_line</name>
         <load_address>0x7dc</load_address>
         <run_address>0x7dc</run_address>
         <size>0x7e</size>
         <input_file_ref idref="fl-91"/>
      </object_component>
      <object_component id="oc-65">
         <name>.debug_line</name>
         <load_address>0x85a</load_address>
         <run_address>0x85a</run_address>
         <size>0x52</size>
         <input_file_ref idref="fl-92"/>
      </object_component>
      <object_component id="oc-6a">
         <name>.debug_line</name>
         <load_address>0x8ac</load_address>
         <run_address>0x8ac</run_address>
         <size>0x7b</size>
         <input_file_ref idref="fl-93"/>
      </object_component>
      <object_component id="oc-73">
         <name>.debug_line</name>
         <load_address>0x927</load_address>
         <run_address>0x927</run_address>
         <size>0x48</size>
         <input_file_ref idref="fl-96"/>
      </object_component>
      <object_component id="oc-13">
         <name>.debug_abbrev</name>
         <load_address>0x0</load_address>
         <run_address>0x0</run_address>
         <size>0x21</size>
         <input_file_ref idref="fl-2"/>
      </object_component>
      <object_component id="oc-1a">
         <name>.debug_abbrev</name>
         <load_address>0x21</load_address>
         <run_address>0x21</run_address>
         <size>0x18e</size>
         <input_file_ref idref="fl-3"/>
      </object_component>
      <object_component id="oc-20">
         <name>.debug_abbrev</name>
         <load_address>0x1af</load_address>
         <run_address>0x1af</run_address>
         <size>0x11b</size>
         <input_file_ref idref="fl-4"/>
      </object_component>
      <object_component id="oc-24">
         <name>.debug_abbrev</name>
         <load_address>0x2ca</load_address>
         <run_address>0x2ca</run_address>
         <size>0xfe</size>
         <input_file_ref idref="fl-81"/>
      </object_component>
      <object_component id="oc-29">
         <name>.debug_abbrev</name>
         <load_address>0x3c8</load_address>
         <run_address>0x3c8</run_address>
         <size>0x119</size>
         <input_file_ref idref="fl-82"/>
      </object_component>
      <object_component id="oc-2c">
         <name>.debug_abbrev</name>
         <load_address>0x4e1</load_address>
         <run_address>0x4e1</run_address>
         <size>0xac</size>
         <input_file_ref idref="fl-83"/>
      </object_component>
      <object_component id="oc-2f">
         <name>.debug_abbrev</name>
         <load_address>0x58d</load_address>
         <run_address>0x58d</run_address>
         <size>0xc3</size>
         <input_file_ref idref="fl-84"/>
      </object_component>
      <object_component id="oc-32">
         <name>.debug_abbrev</name>
         <load_address>0x650</load_address>
         <run_address>0x650</run_address>
         <size>0xa3</size>
         <input_file_ref idref="fl-85"/>
      </object_component>
      <object_component id="oc-35">
         <name>.debug_abbrev</name>
         <load_address>0x6f3</load_address>
         <run_address>0x6f3</run_address>
         <size>0xa3</size>
         <input_file_ref idref="fl-86"/>
      </object_component>
      <object_component id="oc-38">
         <name>.debug_abbrev</name>
         <load_address>0x796</load_address>
         <run_address>0x796</run_address>
         <size>0x71</size>
         <input_file_ref idref="fl-87"/>
      </object_component>
      <object_component id="oc-3b">
         <name>.debug_abbrev</name>
         <load_address>0x807</load_address>
         <run_address>0x807</run_address>
         <size>0x3b</size>
         <input_file_ref idref="fl-88"/>
      </object_component>
      <object_component id="oc-3e">
         <name>.debug_abbrev</name>
         <load_address>0x842</load_address>
         <run_address>0x842</run_address>
         <size>0x90</size>
         <input_file_ref idref="fl-89"/>
      </object_component>
      <object_component id="oc-41">
         <name>.debug_abbrev</name>
         <load_address>0x8d2</load_address>
         <run_address>0x8d2</run_address>
         <size>0xe1</size>
         <input_file_ref idref="fl-8a"/>
      </object_component>
      <object_component id="oc-44">
         <name>.debug_abbrev</name>
         <load_address>0x9b3</load_address>
         <run_address>0x9b3</run_address>
         <size>0x13f</size>
         <input_file_ref idref="fl-8b"/>
      </object_component>
      <object_component id="oc-47">
         <name>.debug_abbrev</name>
         <load_address>0xaf2</load_address>
         <run_address>0xaf2</run_address>
         <size>0xdd</size>
         <input_file_ref idref="fl-8c"/>
      </object_component>
      <object_component id="oc-4a">
         <name>.debug_abbrev</name>
         <load_address>0xbcf</load_address>
         <run_address>0xbcf</run_address>
         <size>0x10c</size>
         <input_file_ref idref="fl-8d"/>
      </object_component>
      <object_component id="oc-4d">
         <name>.debug_abbrev</name>
         <load_address>0xcdb</load_address>
         <run_address>0xcdb</run_address>
         <size>0xd5</size>
         <input_file_ref idref="fl-8e"/>
      </object_component>
      <object_component id="oc-51">
         <name>.debug_abbrev</name>
         <load_address>0xdb0</load_address>
         <run_address>0xdb0</run_address>
         <size>0x196</size>
         <input_file_ref idref="fl-8f"/>
      </object_component>
      <object_component id="oc-57">
         <name>.debug_abbrev</name>
         <load_address>0xf46</load_address>
         <run_address>0xf46</run_address>
         <size>0x126</size>
         <input_file_ref idref="fl-90"/>
      </object_component>
      <object_component id="oc-5d">
         <name>.debug_abbrev</name>
         <load_address>0x106c</load_address>
         <run_address>0x106c</run_address>
         <size>0x14e</size>
         <input_file_ref idref="fl-91"/>
      </object_component>
      <object_component id="oc-63">
         <name>.debug_abbrev</name>
         <load_address>0x11ba</load_address>
         <run_address>0x11ba</run_address>
         <size>0xf1</size>
         <input_file_ref idref="fl-92"/>
      </object_component>
      <object_component id="oc-68">
         <name>.debug_abbrev</name>
         <load_address>0x12ab</load_address>
         <run_address>0x12ab</run_address>
         <size>0xd8</size>
         <input_file_ref idref="fl-93"/>
      </object_component>
      <object_component id="oc-74">
         <name>.debug_abbrev</name>
         <load_address>0x1383</load_address>
         <run_address>0x1383</run_address>
         <size>0x3b</size>
         <input_file_ref idref="fl-96"/>
      </object_component>
      <object_component id="oc-b0">
         <name>.debug_abbrev</name>
         <load_address>0x13be</load_address>
         <run_address>0x13be</run_address>
         <size>0xd</size>
      </object_component>
      <object_component id="oc-18">
         <name>.debug_frame</name>
         <load_address>0x0</load_address>
         <run_address>0x0</run_address>
         <size>0x34e</size>
         <input_file_ref idref="fl-3"/>
      </object_component>
      <object_component id="oc-1e">
         <name>.debug_frame</name>
         <load_address>0x34e</load_address>
         <run_address>0x34e</run_address>
         <size>0x2ea</size>
         <input_file_ref idref="fl-4"/>
      </object_component>
      <object_component id="oc-6e">
         <name>$BRID</name>
         <load_address>0x0</load_address>
         <run_address>0x0</run_address>
         <size>0x78</size>
         <input_file_ref idref="fl-94"/>
      </object_component>
      <object_component id="oc-71">
         <name>$BRID</name>
         <load_address>0x78</load_address>
         <run_address>0x78</run_address>
         <size>0x7c</size>
         <input_file_ref idref="fl-95"/>
      </object_component>
   </object_component_list>
   <logical_group_list>
      <logical_group id="lg-2">
         <name>.EXT_RAM</name>
         <run_address>0x0</run_address>
         <size>0x0</size>
         <contents>
         </contents>
      </logical_group>
      <logical_group id="lg-3">
         <name>.vectors</name>
         <load_address>0x0</load_address>
         <run_address>0x0</run_address>
         <size>0x200</size>
         <contents>
            <object_component_ref idref="oc-10"/>
         </contents>
      </logical_group>
      <logical_group id="lg-4">
         <name>.text</name>
         <load_address>0x220</load_address>
         <run_address>0x220</run_address>
         <size>0x2be0</size>
         <contents>
            <object_component_ref idref="oc-82"/>
            <object_component_ref idref="oc-4e"/>
            <object_component_ref idref="oc-91"/>
            <object_component_ref idref="oc-54"/>
            <object_component_ref idref="oc-7e"/>
            <object_component_ref idref="oc-7c"/>
            <object_component_ref idref="oc-66"/>
            <object_component_ref idref="oc-88"/>
            <object_component_ref idref="oc-80"/>
            <object_component_ref idref="oc-5a"/>
            <object_component_ref idref="oc-7a"/>
            <object_component_ref idref="oc-75"/>
            <object_component_ref idref="oc-81"/>
            <object_component_ref idref="oc-79"/>
            <object_component_ref idref="oc-78"/>
            <object_component_ref idref="oc-77"/>
            <object_component_ref idref="oc-84"/>
            <object_component_ref idref="oc-7b"/>
            <object_component_ref idref="oc-60"/>
            <object_component_ref idref="oc-85"/>
            <object_component_ref idref="oc-92"/>
            <object_component_ref idref="oc-83"/>
            <object_component_ref idref="oc-93"/>
            <object_component_ref idref="oc-7d"/>
            <object_component_ref idref="oc-94"/>
            <object_component_ref idref="oc-e"/>
            <object_component_ref idref="oc-96"/>
            <object_component_ref idref="oc-95"/>
            <object_component_ref idref="oc-8c"/>
            <object_component_ref idref="oc-89"/>
            <object_component_ref idref="oc-76"/>
            <object_component_ref idref="oc-f"/>
            <object_component_ref idref="oc-86"/>
            <object_component_ref idref="oc-8a"/>
            <object_component_ref idref="oc-8b"/>
            <object_component_ref idref="oc-87"/>
            <object_component_ref idref="oc-90"/>
            <object_component_ref idref="oc-8f"/>
            <object_component_ref idref="oc-8e"/>
            <object_component_ref idref="oc-8d"/>
            <object_component_ref idref="oc-7f"/>
            <object_component_ref idref="oc-6b"/>
         </contents>
      </logical_group>
      <logical_group id="lg-5">
         <name>.bss</name>
         <run_address>0x3ac4</run_address>
         <size>0x12</size>
         <contents>
            <object_component_ref idref="oc-14"/>
            <object_component_ref idref="oc-1b"/>
         </contents>
      </logical_group>
      <logical_group id="lg-6">
         <name>.cinit</name>
         <load_address>0x3600</load_address>
         <run_address>0x3600</run_address>
         <size>0x28c</size>
         <contents>
            <object_component_ref idref="oc-6c"/>
            <object_component_ref idref="oc-16"/>
            <object_component_ref idref="oc-6f"/>
            <object_component_ref idref="oc-5b"/>
            <object_component_ref idref="oc-26"/>
            <object_component_ref idref="oc-61"/>
            <object_component_ref idref="oc-1d"/>
         </contents>
      </logical_group>
      <logical_group id="lg-7">
         <name>.stack</name>
         <run_address>0x2e00</run_address>
         <size>0x800</size>
         <contents>
            <object_component_ref idref="oc-22"/>
            <object_component_ref idref="oc-ae"/>
         </contents>
      </logical_group>
      <logical_group id="lg-8">
         <name>.sysmem</name>
         <run_address>0x0</run_address>
         <size>0x0</size>
         <contents>
         </contents>
      </logical_group>
      <logical_group id="lg-9">
         <name>.const</name>
         <load_address>0x3a64</load_address>
         <run_address>0x3a64</run_address>
         <size>0x60</size>
         <contents>
            <object_component_ref idref="oc-56"/>
            <object_component_ref idref="oc-50"/>
         </contents>
      </logical_group>
      <logical_group id="lg-a">
         <name>.switch</name>
         <run_address>0x0</run_address>
         <size>0x0</size>
         <contents>
         </contents>
      </logical_group>
      <logical_group id="lg-b">
         <name>.far</name>
         <run_address>0x388c</run_address>
         <size>0x1d8</size>
         <contents>
            <object_component_ref idref="oc-17"/>
            <object_component_ref idref="oc-27"/>
            <object_component_ref idref="oc-4f"/>
            <object_component_ref idref="oc-55"/>
            <object_component_ref idref="oc-5c"/>
            <object_component_ref idref="oc-62"/>
            <object_component_ref idref="oc-67"/>
            <object_component_ref idref="oc-6d"/>
            <object_component_ref idref="oc-70"/>
         </contents>
      </logical_group>
      <logical_group id="lg-c">
         <name>.cio</name>
         <run_address>0x0</run_address>
         <size>0x0</size>
         <contents>
         </contents>
      </logical_group>
      <logical_group id="lg-d">
         <name>.csldata</name>
         <run_address>0x0</run_address>
         <size>0x0</size>
         <contents>
         </contents>
      </logical_group>
      <logical_group id="lg-a3">
         <name>.debug_info</name>
         <load_address>0x0</load_address>
         <run_address>0x0</run_address>
         <size>0xa565</size>
         <contents>
            <object_component_ref idref="oc-11"/>
            <object_component_ref idref="oc-15"/>
            <object_component_ref idref="oc-1c"/>
            <object_component_ref idref="oc-21"/>
            <object_component_ref idref="oc-25"/>
            <object_component_ref idref="oc-2a"/>
            <object_component_ref idref="oc-2d"/>
            <object_component_ref idref="oc-30"/>
            <object_component_ref idref="oc-33"/>
            <object_component_ref idref="oc-36"/>
            <object_component_ref idref="oc-39"/>
            <object_component_ref idref="oc-3c"/>
            <object_component_ref idref="oc-3f"/>
            <object_component_ref idref="oc-42"/>
            <object_component_ref idref="oc-45"/>
            <object_component_ref idref="oc-48"/>
            <object_component_ref idref="oc-4b"/>
            <object_component_ref idref="oc-52"/>
            <object_component_ref idref="oc-58"/>
            <object_component_ref idref="oc-5e"/>
            <object_component_ref idref="oc-64"/>
            <object_component_ref idref="oc-69"/>
            <object_component_ref idref="oc-72"/>
            <object_component_ref idref="oc-af"/>
         </contents>
      </logical_group>
      <logical_group id="lg-a5">
         <name>.debug_line</name>
         <load_address>0x0</load_address>
         <run_address>0x0</run_address>
         <size>0x96f</size>
         <contents>
            <object_component_ref idref="oc-12"/>
            <object_component_ref idref="oc-19"/>
            <object_component_ref idref="oc-1f"/>
            <object_component_ref idref="oc-23"/>
            <object_component_ref idref="oc-28"/>
            <object_component_ref idref="oc-2b"/>
            <object_component_ref idref="oc-2e"/>
            <object_component_ref idref="oc-31"/>
            <object_component_ref idref="oc-34"/>
            <object_component_ref idref="oc-37"/>
            <object_component_ref idref="oc-3a"/>
            <object_component_ref idref="oc-3d"/>
            <object_component_ref idref="oc-40"/>
            <object_component_ref idref="oc-43"/>
            <object_component_ref idref="oc-46"/>
            <object_component_ref idref="oc-49"/>
            <object_component_ref idref="oc-4c"/>
            <object_component_ref idref="oc-53"/>
            <object_component_ref idref="oc-59"/>
            <object_component_ref idref="oc-5f"/>
            <object_component_ref idref="oc-65"/>
            <object_component_ref idref="oc-6a"/>
            <object_component_ref idref="oc-73"/>
         </contents>
      </logical_group>
      <logical_group id="lg-a7">
         <name>.debug_abbrev</name>
         <load_address>0x0</load_address>
         <run_address>0x0</run_address>
         <size>0x13cb</size>
         <contents>
            <object_component_ref idref="oc-13"/>
            <object_component_ref idref="oc-1a"/>
            <object_component_ref idref="oc-20"/>
            <object_component_ref idref="oc-24"/>
            <object_component_ref idref="oc-29"/>
            <object_component_ref idref="oc-2c"/>
            <object_component_ref idref="oc-2f"/>
            <object_component_ref idref="oc-32"/>
            <object_component_ref idref="oc-35"/>
            <object_component_ref idref="oc-38"/>
            <object_component_ref idref="oc-3b"/>
            <object_component_ref idref="oc-3e"/>
            <object_component_ref idref="oc-41"/>
            <object_component_ref idref="oc-44"/>
            <object_component_ref idref="oc-47"/>
            <object_component_ref idref="oc-4a"/>
            <object_component_ref idref="oc-4d"/>
            <object_component_ref idref="oc-51"/>
            <object_component_ref idref="oc-57"/>
            <object_component_ref idref="oc-5d"/>
            <object_component_ref idref="oc-63"/>
            <object_component_ref idref="oc-68"/>
            <object_component_ref idref="oc-74"/>
            <object_component_ref idref="oc-b0"/>
         </contents>
      </logical_group>
      <logical_group id="lg-a9">
         <name>.debug_frame</name>
         <load_address>0x0</load_address>
         <run_address>0x0</run_address>
         <size>0x638</size>
         <contents>
            <object_component_ref idref="oc-18"/>
            <object_component_ref idref="oc-1e"/>
         </contents>
      </logical_group>
      <logical_group id="lg-ab">
         <name>$BRID</name>
         <load_address>0x0</load_address>
         <run_address>0x0</run_address>
         <size>0xf4</size>
         <contents>
            <object_component_ref idref="oc-6e"/>
            <object_component_ref idref="oc-71"/>
         </contents>
      </logical_group>
   </logical_group_list>
   <placement_map>
      <memory_area>
         <name>IVECS</name>
         <page_id>0x0</page_id>
         <origin>0x0</origin>
         <length>0x220</length>
         <used_space>0x200</used_space>
         <unused_space>0x20</unused_space>
         <attributes>RWIX</attributes>
         <usage_details>
            <allocated_space>
               <start_address>0x0</start_address>
               <size>0x200</size>
               <logical_group_ref idref="lg-3"/>
            </allocated_space>
            <available_space>
               <start_address>0x200</start_address>
               <size>0x20</size>
            </available_space>
         </usage_details>
      </memory_area>
      <memory_area>
         <name>IRAM</name>
         <page_id>0x0</page_id>
         <origin>0x220</origin>
         <length>0x2fde0</length>
         <used_space>0x38b6</used_space>
         <unused_space>0x2c52a</unused_space>
         <attributes>RWIX</attributes>
         <usage_details>
            <allocated_space>
               <start_address>0x220</start_address>
               <size>0x2be0</size>
               <logical_group_ref idref="lg-4"/>
            </allocated_space>
            <allocated_space>
               <start_address>0x2e00</start_address>
               <size>0x800</size>
               <logical_group_ref idref="lg-7"/>
            </allocated_space>
            <allocated_space>
               <start_address>0x3600</start_address>
               <size>0x28c</size>
               <logical_group_ref idref="lg-6"/>
            </allocated_space>
            <allocated_space>
               <start_address>0x388c</start_address>
               <size>0x1d8</size>
               <logical_group_ref idref="lg-b"/>
            </allocated_space>
            <allocated_space>
               <start_address>0x3a64</start_address>
               <size>0x60</size>
               <logical_group_ref idref="lg-9"/>
            </allocated_space>
            <allocated_space>
               <start_address>0x3ac4</start_address>
               <size>0x12</size>
               <logical_group_ref idref="lg-5"/>
            </allocated_space>
            <available_space>
               <start_address>0x3ad6</start_address>
               <size>0x2c52a</size>
            </available_space>
         </usage_details>
      </memory_area>
      <memory_area>
         <name>SDRAM</name>
         <page_id>0x0</page_id>
         <origin>0x80000000</origin>
         <length>0x1000000</length>
         <used_space>0x0</used_space>
         <unused_space>0x1000000</unused_space>
         <attributes>RWIX</attributes>
         <usage_details>
         </usage_details>
      </memory_area>
      <memory_area>
         <name>FLASH</name>
         <page_id>0x0</page_id>
         <origin>0x90000000</origin>
         <length>0x20000</length>
         <used_space>0x0</used_space>
         <unused_space>0x20000</unused_space>
         <attributes>RWIX</attributes>
         <usage_details>
         </usage_details>
      </memory_area>
   </placement_map>
   <symbol_table>
      <symbol id="sm-0">
         <name>cinit</name>
         <value>0x3600</value>
      </symbol>
      <symbol id="sm-1">
         <name>___cinit__</name>
         <value>0x3600</value>
      </symbol>
      <symbol id="sm-2">
         <name>pinit</name>
         <value>0xffffffff</value>
      </symbol>
      <symbol id="sm-3">
         <name>___pinit__</name>
         <value>0xffffffff</value>
      </symbol>
      <symbol id="sm-4">
         <name>binit</name>
         <value>0xffffffff</value>
      </symbol>
      <symbol id="sm-5">
         <name>___binit__</name>
         <value>0xffffffff</value>
      </symbol>
      <symbol id="sm-6">
         <name>__STACK_SIZE</name>
         <value>0x800</value>
      </symbol>
      <symbol id="sm-7">
         <name>__STACK_END</name>
         <value>0x3600</value>
      </symbol>
      <symbol id="sm-8">
         <name>___c_args__</name>
         <value>0xffffffff</value>
      </symbol>
      <symbol id="sm-9">
         <name>.text</name>
         <value>0x220</value>
      </symbol>
      <symbol id="sm-a">
         <name>___text__</name>
         <value>0x220</value>
      </symbol>
      <symbol id="sm-b">
         <name>etext</name>
         <value>0x2e00</value>
      </symbol>
      <symbol id="sm-c">
         <name>___etext__</name>
         <value>0x2e00</value>
      </symbol>
      <symbol id="sm-d">
         <name>.bss</name>
         <value>0x3ac4</value>
      </symbol>
      <symbol id="sm-e">
         <name>___bss__</name>
         <value>0x3ac4</value>
      </symbol>
      <symbol id="sm-f">
         <name>end</name>
         <value>0x3ad6</value>
      </symbol>
      <symbol id="sm-10">
         <name>___end__</name>
         <value>0x3ad6</value>
      </symbol>
      <symbol id="sm-11">
         <name>___TI_pprof_out_hndl</name>
         <value>0xffffffff</value>
      </symbol>
      <symbol id="sm-12">
         <name>___TI_prof_data_start</name>
         <value>0xffffffff</value>
      </symbol>
      <symbol id="sm-13">
         <name>___TI_prof_data_size</name>
         <value>0xffffffff</value>
      </symbol>
      <symbol id="sm-14">
         <name>$bss</name>
         <value>0x3ac4</value>
      </symbol>
      <symbol id="sm-42">
         <name>_vector10</name>
         <value>0x140</value>
         <object_component_ref idref="oc-10"/>
      </symbol>
      <symbol id="sm-43">
         <name>_vector11</name>
         <value>0x160</value>
         <object_component_ref idref="oc-10"/>
      </symbol>
      <symbol id="sm-44">
         <name>_vector12</name>
         <value>0x180</value>
         <object_component_ref idref="oc-10"/>
      </symbol>
      <symbol id="sm-45">
         <name>_vector13</name>
         <value>0x1a0</value>
         <object_component_ref idref="oc-10"/>
      </symbol>
      <symbol id="sm-46">
         <name>_vector14</name>
         <value>0x1c0</value>
         <object_component_ref idref="oc-10"/>
      </symbol>
      <symbol id="sm-47">
         <name>_vector15</name>
         <value>0x1e0</value>
         <object_component_ref idref="oc-10"/>
      </symbol>
      <symbol id="sm-48">
         <name>_vectors</name>
         <value>0x0</value>
         <object_component_ref idref="oc-10"/>
      </symbol>
      <symbol id="sm-49">
         <name>_vector1</name>
         <value>0x20</value>
         <object_component_ref idref="oc-10"/>
      </symbol>
      <symbol id="sm-4a">
         <name>_vector3</name>
         <value>0x60</value>
         <object_component_ref idref="oc-10"/>
      </symbol>
      <symbol id="sm-4b">
         <name>_vector2</name>
         <value>0x40</value>
         <object_component_ref idref="oc-10"/>
      </symbol>
      <symbol id="sm-4c">
         <name>_vector5</name>
         <value>0xa0</value>
         <object_component_ref idref="oc-10"/>
      </symbol>
      <symbol id="sm-4d">
         <name>_vector4</name>
         <value>0x80</value>
         <object_component_ref idref="oc-10"/>
      </symbol>
      <symbol id="sm-4e">
         <name>_vector7</name>
         <value>0xe0</value>
         <object_component_ref idref="oc-10"/>
      </symbol>
      <symbol id="sm-4f">
         <name>_vector6</name>
         <value>0xc0</value>
         <object_component_ref idref="oc-10"/>
      </symbol>
      <symbol id="sm-50">
         <name>_vector9</name>
         <value>0x120</value>
         <object_component_ref idref="oc-10"/>
      </symbol>
      <symbol id="sm-51">
         <name>_vector8</name>
         <value>0x100</value>
         <object_component_ref idref="oc-10"/>
      </symbol>
      <symbol id="sm-9c">
         <name>_comm_poll</name>
         <value>0x2cc</value>
         <object_component_ref idref="oc-82"/>
      </symbol>
      <symbol id="sm-9d">
         <name>_output_left_sample</name>
         <value>0x50c</value>
         <object_component_ref idref="oc-82"/>
      </symbol>
      <symbol id="sm-9e">
         <name>_comm_intr</name>
         <value>0x2f8</value>
         <object_component_ref idref="oc-82"/>
      </symbol>
      <symbol id="sm-9f">
         <name>_input_left_sample</name>
         <value>0x7b8</value>
         <object_component_ref idref="oc-82"/>
      </symbol>
      <symbol id="sm-a0">
         <name>_output_sample</name>
         <value>0x3fc</value>
         <object_component_ref idref="oc-82"/>
      </symbol>
      <symbol id="sm-a1">
         <name>_c6713_dsk_init</name>
         <value>0x220</value>
         <object_component_ref idref="oc-82"/>
      </symbol>
      <symbol id="sm-a2">
         <name>_config</name>
         <value>0x39a4</value>
         <object_component_ref idref="oc-17"/>
      </symbol>
      <symbol id="sm-a3">
         <name>_input_right_sample</name>
         <value>0x878</value>
         <object_component_ref idref="oc-82"/>
      </symbol>
      <symbol id="sm-a4">
         <name>_AIC_data</name>
         <value>0x3980</value>
         <object_component_ref idref="oc-17"/>
      </symbol>
      <symbol id="sm-a5">
         <name>_hAIC23_handle</name>
         <value>0x3acc</value>
         <object_component_ref idref="oc-14"/>
      </symbol>
      <symbol id="sm-a6">
         <name>_AIC23CfgData</name>
         <value>0x3984</value>
         <object_component_ref idref="oc-17"/>
      </symbol>
      <symbol id="sm-a7">
         <name>_input_sample</name>
         <value>0x6bc</value>
         <object_component_ref idref="oc-82"/>
      </symbol>
      <symbol id="sm-a8">
         <name>_output_right_sample</name>
         <value>0x5e4</value>
         <object_component_ref idref="oc-82"/>
      </symbol>
      <symbol id="sm-dd">
         <name>_main</name>
         <value>0x1658</value>
         <object_component_ref idref="oc-7e"/>
      </symbol>
      <symbol id="sm-de">
         <name>_part_1</name>
         <value>0x1440</value>
         <object_component_ref idref="oc-7e"/>
      </symbol>
      <symbol id="sm-df">
         <name>_part_3</name>
         <value>0x1450</value>
         <object_component_ref idref="oc-7e"/>
      </symbol>
      <symbol id="sm-e0">
         <name>_part_2</name>
         <value>0x1448</value>
         <object_component_ref idref="oc-7e"/>
      </symbol>
      <symbol id="sm-e1">
         <name>_part_5</name>
         <value>0x1460</value>
         <object_component_ref idref="oc-7e"/>
      </symbol>
      <symbol id="sm-e2">
         <name>_part_4</name>
         <value>0x1458</value>
         <object_component_ref idref="oc-7e"/>
      </symbol>
      <symbol id="sm-e3">
         <name>_part_6</name>
         <value>0x1510</value>
         <object_component_ref idref="oc-7e"/>
      </symbol>
      <symbol id="sm-e4">
         <name>_inputsource</name>
         <value>0x3ad4</value>
         <object_component_ref idref="oc-1b"/>
      </symbol>
      <symbol id="sm-e5">
         <name>_fs</name>
         <value>0x3ad0</value>
         <object_component_ref idref="oc-1b"/>
      </symbol>
      <symbol id="sm-f1">
         <name>_c_int00</name>
         <value>0x2aa0</value>
         <object_component_ref idref="oc-e"/>
      </symbol>
      <symbol id="sm-f2">
         <name>__stack</name>
         <value>0x2e00</value>
         <object_component_ref idref="oc-22"/>
      </symbol>
      <symbol id="sm-102">
         <name>C$$EXIT</name>
         <value>0x2dc0</value>
         <object_component_ref idref="oc-7f"/>
      </symbol>
      <symbol id="sm-103">
         <name>_exit</name>
         <value>0x2400</value>
         <object_component_ref idref="oc-77"/>
      </symbol>
      <symbol id="sm-104">
         <name>___TI_enable_exit_profile_output</name>
         <value>0x3a54</value>
         <object_component_ref idref="oc-27"/>
      </symbol>
      <symbol id="sm-105">
         <name>_abort</name>
         <value>0x2dc0</value>
         <object_component_ref idref="oc-7f"/>
      </symbol>
      <symbol id="sm-106">
         <name>__cleanup_ptr</name>
         <value>0x3a4c</value>
         <object_component_ref idref="oc-27"/>
      </symbol>
      <symbol id="sm-107">
         <name>__dtors_ptr</name>
         <value>0x3a50</value>
         <object_component_ref idref="oc-27"/>
      </symbol>
      <symbol id="sm-111">
         <name>__fixdu</name>
         <value>0x24e0</value>
         <object_component_ref idref="oc-84"/>
      </symbol>
      <symbol id="sm-11f">
         <name>__subcull</name>
         <value>0x2b80</value>
         <object_component_ref idref="oc-95"/>
      </symbol>
      <symbol id="sm-120">
         <name>__divull</name>
         <value>0xdc0</value>
         <object_component_ref idref="oc-91"/>
      </symbol>
      <symbol id="sm-121">
         <name>__remull</name>
         <value>0x2860</value>
         <object_component_ref idref="oc-83"/>
      </symbol>
      <symbol id="sm-12d">
         <name>__llshl</name>
         <value>0x2a20</value>
         <object_component_ref idref="oc-94"/>
      </symbol>
      <symbol id="sm-12e">
         <name>__llshru</name>
         <value>0x2b20</value>
         <object_component_ref idref="oc-96"/>
      </symbol>
      <symbol id="sm-138">
         <name>__mpyll</name>
         <value>0x27c0</value>
         <object_component_ref idref="oc-92"/>
      </symbol>
      <symbol id="sm-147">
         <name>__remi</name>
         <value>0x2140</value>
         <object_component_ref idref="oc-81"/>
      </symbol>
      <symbol id="sm-148">
         <name>__c6xabi_remi</name>
         <value>0x2140</value>
         <object_component_ref idref="oc-81"/>
      </symbol>
      <symbol id="sm-159">
         <name>__args_main</name>
         <value>0x2c60</value>
         <object_component_ref idref="oc-76"/>
      </symbol>
      <symbol id="sm-15a">
         <name>__TI_args_main</name>
         <value>0x1</value>
      </symbol>
      <symbol id="sm-164">
         <name>__auto_init</name>
         <value>0x2040</value>
         <object_component_ref idref="oc-75"/>
      </symbol>
      <symbol id="sm-16e">
         <name>___TI_cpp_init</name>
         <value>0x29a0</value>
         <object_component_ref idref="oc-7d"/>
      </symbol>
      <symbol id="sm-178">
         <name>_copy_in</name>
         <value>0x25a0</value>
         <object_component_ref idref="oc-7b"/>
      </symbol>
      <symbol id="sm-182">
         <name>_memcpy</name>
         <value>0x16c0</value>
         <object_component_ref idref="oc-7c"/>
      </symbol>
      <symbol id="sm-190">
         <name>_DSK6713_init</name>
         <value>0x98c</value>
         <object_component_ref idref="oc-4e"/>
      </symbol>
      <symbol id="sm-191">
         <name>_DSK6713_version</name>
         <value>0x3a60</value>
         <object_component_ref idref="oc-4f"/>
      </symbol>
      <symbol id="sm-192">
         <name>_DSK6713_rget</name>
         <value>0xca8</value>
         <object_component_ref idref="oc-4e"/>
      </symbol>
      <symbol id="sm-193">
         <name>_DSK6713_wait</name>
         <value>0xcd0</value>
         <object_component_ref idref="oc-4e"/>
      </symbol>
      <symbol id="sm-194">
         <name>_DSK6713_rset</name>
         <value>0xcbc</value>
         <object_component_ref idref="oc-4e"/>
      </symbol>
      <symbol id="sm-195">
         <name>_DSK6713_waitusec</name>
         <value>0xd28</value>
         <object_component_ref idref="oc-4e"/>
      </symbol>
      <symbol id="sm-196">
         <name>_DSK6713_getVersion</name>
         <value>0xd54</value>
         <object_component_ref idref="oc-4e"/>
      </symbol>
      <symbol id="sm-1a4">
         <name>_DSK6713_AIC23_codeccontrolhandle</name>
         <value>0x3a58</value>
         <object_component_ref idref="oc-55"/>
      </symbol>
      <symbol id="sm-1a5">
         <name>_DSK6713_AIC23_codecdatahandle</name>
         <value>0x3a5c</value>
         <object_component_ref idref="oc-55"/>
      </symbol>
      <symbol id="sm-1a6">
         <name>_DSK6713_AIC23_openCodec</name>
         <value>0x1140</value>
         <object_component_ref idref="oc-54"/>
      </symbol>
      <symbol id="sm-1b4">
         <name>_DSK6713_AIC23_config</name>
         <value>0x1ec0</value>
         <object_component_ref idref="oc-5a"/>
      </symbol>
      <symbol id="sm-1b5">
         <name>_DSK6713_AIC23_rget</name>
         <value>0x1e98</value>
         <object_component_ref idref="oc-5a"/>
      </symbol>
      <symbol id="sm-1b6">
         <name>_DSK6713_AIC23_rset</name>
         <value>0x1e00</value>
         <object_component_ref idref="oc-5a"/>
      </symbol>
      <symbol id="sm-1c4">
         <name>_DSK6713_AIC23_setFreq</name>
         <value>0x2660</value>
         <object_component_ref idref="oc-60"/>
      </symbol>
      <symbol id="sm-1d0">
         <name>_DSK6713_LED_init</name>
         <value>0x1900</value>
         <object_component_ref idref="oc-66"/>
      </symbol>
      <symbol id="sm-1d1">
         <name>_DSK6713_LED_on</name>
         <value>0x19b0</value>
         <object_component_ref idref="oc-66"/>
      </symbol>
      <symbol id="sm-1d2">
         <name>_DSK6713_LED_toggle</name>
         <value>0x1a20</value>
         <object_component_ref idref="oc-66"/>
      </symbol>
      <symbol id="sm-1d3">
         <name>_DSK6713_LED_off</name>
         <value>0x1940</value>
         <object_component_ref idref="oc-66"/>
      </symbol>
      <symbol id="sm-1eb">
         <name>__IRQ_eventTable</name>
         <value>0x38b4</value>
         <object_component_ref idref="oc-6d"/>
      </symbol>
      <symbol id="sm-1ec">
         <name>_IRQ_nmiEnable</name>
         <value>0x2d00</value>
         <object_component_ref idref="oc-8b"/>
      </symbol>
      <symbol id="sm-1ed">
         <name>_IRQ_reset</name>
         <value>0x2c20</value>
         <object_component_ref idref="oc-89"/>
      </symbol>
      <symbol id="sm-1ee">
         <name>__IRQ_intTable</name>
         <value>0x3938</value>
         <object_component_ref idref="oc-6d"/>
      </symbol>
      <symbol id="sm-1ef">
         <name>_IRQ_globalEnable</name>
         <value>0x2ce0</value>
         <object_component_ref idref="oc-8a"/>
      </symbol>
      <symbol id="sm-1f0">
         <name>_IRQ_globalDisable</name>
         <value>0x2cc0</value>
         <object_component_ref idref="oc-86"/>
      </symbol>
      <symbol id="sm-1f1">
         <name>_IRQ_map</name>
         <value>0x1ae0</value>
         <object_component_ref idref="oc-88"/>
      </symbol>
      <symbol id="sm-1f2">
         <name>_IRQ_enable</name>
         <value>0x2be0</value>
         <object_component_ref idref="oc-8c"/>
      </symbol>
      <symbol id="sm-1f3">
         <name>__IRQ_dispatchTable</name>
         <value>0x3978</value>
         <object_component_ref idref="oc-6d"/>
      </symbol>
      <symbol id="sm-1f4">
         <name>__IRQ_hookFetchPacket</name>
         <value>0x2de0</value>
         <object_component_ref idref="oc-6b"/>
      </symbol>
      <symbol id="sm-20e">
         <name>_MCBSP_reset</name>
         <value>0x1c80</value>
         <object_component_ref idref="oc-80"/>
      </symbol>
      <symbol id="sm-20f">
         <name>_MCBSP_read</name>
         <value>0x2d40</value>
         <object_component_ref idref="oc-90"/>
      </symbol>
      <symbol id="sm-210">
         <name>_MCBSP_getXmtEventId</name>
         <value>0x2d20</value>
         <object_component_ref idref="oc-87"/>
      </symbol>
      <symbol id="sm-211">
         <name>_MCBSP_open</name>
         <value>0x2240</value>
         <object_component_ref idref="oc-79"/>
      </symbol>
      <symbol id="sm-212">
         <name>__MCBSP_hDev0</name>
         <value>0x39fc</value>
         <object_component_ref idref="oc-70"/>
      </symbol>
      <symbol id="sm-213">
         <name>__MCBSP_hDev1</name>
         <value>0x3a00</value>
         <object_component_ref idref="oc-70"/>
      </symbol>
      <symbol id="sm-214">
         <name>_MCBSP_start</name>
         <value>0x1f40</value>
         <object_component_ref idref="oc-7a"/>
      </symbol>
      <symbol id="sm-215">
         <name>_MCBSP_rrdy</name>
         <value>0x2d60</value>
         <object_component_ref idref="oc-8f"/>
      </symbol>
      <symbol id="sm-216">
         <name>_MCBSP_config</name>
         <value>0x2720</value>
         <object_component_ref idref="oc-85"/>
      </symbol>
      <symbol id="sm-217">
         <name>_MCBSP_xrdy</name>
         <value>0x2da0</value>
         <object_component_ref idref="oc-8d"/>
      </symbol>
      <symbol id="sm-218">
         <name>_MCBSP_write</name>
         <value>0x2d80</value>
         <object_component_ref idref="oc-8e"/>
      </symbol>
      <symbol id="sm-220">
         <name>__strasg</name>
         <value>0x2320</value>
         <object_component_ref idref="oc-78"/>
      </symbol>
   </symbol_table>
</link_info>
