******************************************************************************
               TMS320C6x Linker PC v7.4.14                     
******************************************************************************
>> Linked Wed Jan 06 10:56:12 2016

OUTPUT FILE NAME:   <lab0.out>
ENTRY POINT SYMBOL: "_c_int00"  address: 00002aa0


MEMORY CONFIGURATION

         name            origin    length      used     unused   attr    fill
----------------------  --------  ---------  --------  --------  ----  --------
  IVECS                 00000000   00000220  00000200  00000020  RWIX
  IRAM                  00000220   0002fde0  000038b6  0002c52a  RWIX
  SDRAM                 80000000   01000000  00000000  01000000  RWIX
  FLASH                 90000000   00020000  00000000  00020000  RWIX


SECTION ALLOCATION MAP

 output                                  attributes/
section   page    origin      length       input sections
--------  ----  ----------  ----------   ----------------
$BRID      0    00000000    000000f4     COPY SECTION
                  00000000    00000078     csl6713.lib : csl_irq.obj ($BRID)
                  00000078    0000007c                 : csl_mcbsp.obj ($BRID)

.vectors   0    00000000    00000200     
                  00000000    00000200     Vectors_poll.obj (.vectors)

.text      0    00000220    00002be0     
                  00000220    00000720     c6713dskinit.obj (.text)
                  00000940    00000480     dsk6713bsl.lib : dsk6713.obj (.text)
                  00000dc0    00000380     rts6700.lib : imath64.obj (.text:__divull)
                  00001140    00000300     dsk6713bsl.lib : dsk6713_aic23_opencodec.obj (.text)
                  00001440    00000280     main.obj (.text)
                  000016c0    00000240     rts6700.lib : memcpy62.obj (.text:_memcpy)
                  00001900    000001e0     dsk6713bsl.lib : dsk6713_led.obj (.text)
                  00001ae0    000001a0     csl6713.lib : csl_irq.obj (.text:_IRQ_map)
                  00001c80    00000180                 : csl_mcbsp.obj (.text:_MCBSP_reset)
                  00001e00    00000140     dsk6713bsl.lib : dsk6713_aic23_registers.obj (.text)
                  00001f40    00000100     csl6713.lib : csl_mcbsp.obj (.text:_MCBSP_start)
                  00002040    00000100     rts6700.lib : autoinit.obj (.text:__auto_init)
                  00002140    00000100                 : remi.obj (.text:__remi)
                  00002240    000000e0     csl6713.lib : csl_mcbsp.obj (.text:_MCBSP_open)
                  00002320    000000e0     rts6700.lib : strasg.obj (.text:__strasg)
                  00002400    000000e0                 : exit.obj (.text:_exit)
                  000024e0    000000c0                 : fixdu.obj (.text:__fixdu)
                  000025a0    000000c0                 : cpy_tbl.obj (.text:_copy_in)
                  00002660    000000c0     dsk6713bsl.lib : dsk6713_aic23_setfreq.obj (.text)
                  00002720    000000a0     csl6713.lib : csl_mcbsp.obj (.text:_MCBSP_config)
                  000027c0    000000a0     rts6700.lib : mpyll.obj (.text:__mpyll)
                  00002860    000000a0                 : imath64.obj (.text:__remull)
                  00002900    000000a0     csl6713.lib : csl_irq.obj (.text:_setMux)
                  000029a0    00000080     rts6700.lib : cpp_init.obj (.text:___TI_cpp_init)
                  00002a20    00000080                 : llshift.obj (.text:__llshl)
                  00002aa0    00000080                 : boot.obj (.text:_c_int00)
                  00002b20    00000060                 : llshift.obj (.text:__llshru)
                  00002b80    00000060                 : imath64.obj (.text:__subcull)
                  00002be0    00000040     csl6713.lib : csl_irq.obj (.text:_IRQ_enable)
                  00002c20    00000040                 : csl_irq.obj (.text:_IRQ_reset)
                  00002c60    00000040     rts6700.lib : args_main.obj (.text:__args_main)
                  00002ca0    00000020     Vectors_poll.obj (.text)
                  00002cc0    00000020     csl6713.lib : csl_irq.obj (.text:_IRQ_globalDisable)
                  00002ce0    00000020                 : csl_irq.obj (.text:_IRQ_globalEnable)
                  00002d00    00000020                 : csl_irq.obj (.text:_IRQ_nmiEnable)
                  00002d20    00000020                 : csl_mcbsp.obj (.text:_MCBSP_getXmtEventId)
                  00002d40    00000020                 : csl_mcbsp.obj (.text:_MCBSP_read)
                  00002d60    00000020                 : csl_mcbsp.obj (.text:_MCBSP_rrdy)
                  00002d80    00000020                 : csl_mcbsp.obj (.text:_MCBSP_write)
                  00002da0    00000020                 : csl_mcbsp.obj (.text:_MCBSP_xrdy)
                  00002dc0    00000020     rts6700.lib : exit.obj (.text:_abort)
                  00002de0    00000020     csl6713.lib : csl_irq.obj (.text)

.stack     0    00002e00    00000800     UNINITIALIZED
                  00002e00    00000008     rts6700.lib : boot.obj (.stack)
                  00002e08    000007f8     --HOLE--

.cinit     0    00003600    0000028c     
                  00003600    0000012c     csl6713.lib : csl_irq.obj (.cinit)
                  0000372c    00000004     --HOLE-- [fill = 0]
                  00003730    00000058     c6713dskinit.obj (.cinit)
                  00003788    00000054     csl6713.lib : csl_mcbsp.obj (.cinit)
                  000037dc    00000004     --HOLE-- [fill = 0]
                  000037e0    00000030     dsk6713bsl.lib : dsk6713_aic23_registers.obj (.cinit)
                  00003810    0000002c     rts6700.lib : exit.obj (.cinit)
                  0000383c    00000004     --HOLE-- [fill = 0]
                  00003840    00000028     dsk6713bsl.lib : dsk6713_aic23_setfreq.obj (.cinit)
                  00003868    0000001a     main.obj (.cinit)
                  00003882    00000006     --HOLE-- [fill = 0]
                  00003888    00000004     (.pad.cinit) [fill = 0]

.far       0    0000388c    000001d8     UNINITIALIZED
                  0000388c    000000f4     csl6713.lib : csl_irq.obj (.far)
                  00003980    0000004c     c6713dskinit.obj (.far)
                  000039cc    00000038     csl6713.lib : csl_mcbsp.obj (.far)
                  00003a04    00000028     dsk6713bsl.lib : dsk6713_aic23_registers.obj (.far)
                  00003a2c    00000020                    : dsk6713_aic23_setfreq.obj (.far)
                  00003a4c    0000000c     rts6700.lib : exit.obj (.far)
                  00003a58    00000008     dsk6713bsl.lib : dsk6713_aic23_opencodec.obj (.far)
                  00003a60    00000002                    : dsk6713.obj (.far)
                  00003a62    00000002                    : dsk6713_led.obj (.far)

.const     0    00003a64    00000060     
                  00003a64    00000040     dsk6713bsl.lib : dsk6713_aic23_opencodec.obj (.const)
                  00003aa4    00000020                    : dsk6713.obj (.const)

.bss       0    00003ac4    00000012     UNINITIALIZED
                  00003ac4    0000000c     c6713dskinit.obj (.bss)
                  00003ad0    00000006     main.obj (.bss)


GLOBAL SYMBOLS: SORTED ALPHABETICALLY BY Name 

address    name
--------   ----
00003ac4   $bss
00003ac4   .bss
00000220   .text
00002dc0   C$$EXIT
00003984   _AIC23CfgData
00003980   _AIC_data
00003a58   _DSK6713_AIC23_codeccontrolhandle
00003a5c   _DSK6713_AIC23_codecdatahandle
00001ec0   _DSK6713_AIC23_config
00001140   _DSK6713_AIC23_openCodec
00001e98   _DSK6713_AIC23_rget
00001e00   _DSK6713_AIC23_rset
00002660   _DSK6713_AIC23_setFreq
00001900   _DSK6713_LED_init
00001940   _DSK6713_LED_off
000019b0   _DSK6713_LED_on
00001a20   _DSK6713_LED_toggle
00000d54   _DSK6713_getVersion
0000098c   _DSK6713_init
00000ca8   _DSK6713_rget
00000cbc   _DSK6713_rset
00003a60   _DSK6713_version
00000cd0   _DSK6713_wait
00000d28   _DSK6713_waitusec
00002be0   _IRQ_enable
00002cc0   _IRQ_globalDisable
00002ce0   _IRQ_globalEnable
00001ae0   _IRQ_map
00002d00   _IRQ_nmiEnable
00002c20   _IRQ_reset
00002720   _MCBSP_config
00002d20   _MCBSP_getXmtEventId
00002240   _MCBSP_open
00002d40   _MCBSP_read
00001c80   _MCBSP_reset
00002d60   _MCBSP_rrdy
00001f40   _MCBSP_start
00002d80   _MCBSP_write
00002da0   _MCBSP_xrdy
00003978   __IRQ_dispatchTable
000038b4   __IRQ_eventTable
00002de0   __IRQ_hookFetchPacket
00003938   __IRQ_intTable
000039fc   __MCBSP_hDev0
00003a00   __MCBSP_hDev1
00003600   __STACK_END
00000800   __STACK_SIZE
00000001   __TI_args_main
000029a0   ___TI_cpp_init
00003a54   ___TI_enable_exit_profile_output
ffffffff   ___TI_pprof_out_hndl
ffffffff   ___TI_prof_data_size
ffffffff   ___TI_prof_data_start
ffffffff   ___binit__
00003ac4   ___bss__
ffffffff   ___c_args__
00003600   ___cinit__
00003ad6   ___end__
00002e00   ___etext__
ffffffff   ___pinit__
00000220   ___text__
00002c60   __args_main
00002040   __auto_init
00002140   __c6xabi_remi
00003a4c   __cleanup_ptr
00000dc0   __divull
00003a50   __dtors_ptr
000024e0   __fixdu
00002a20   __llshl
00002b20   __llshru
000027c0   __mpyll
00002140   __remi
00002860   __remull
00002e00   __stack
00002320   __strasg
00002b80   __subcull
00002dc0   _abort
00000220   _c6713_dsk_init
00002aa0   _c_int00
000002f8   _comm_intr
000002cc   _comm_poll
000039a4   _config
000025a0   _copy_in
00002400   _exit
00003ad0   _fs
00003acc   _hAIC23_handle
000007b8   _input_left_sample
00000878   _input_right_sample
000006bc   _input_sample
00003ad4   _inputsource
00001658   _main
000016c0   _memcpy
0000050c   _output_left_sample
000005e4   _output_right_sample
000003fc   _output_sample
00001440   _part_1
00001448   _part_2
00001450   _part_3
00001458   _part_4
00001460   _part_5
00001510   _part_6
00000020   _vector1
00000140   _vector10
00000160   _vector11
00000180   _vector12
000001a0   _vector13
000001c0   _vector14
000001e0   _vector15
00000040   _vector2
00000060   _vector3
00000080   _vector4
000000a0   _vector5
000000c0   _vector6
000000e0   _vector7
00000100   _vector8
00000120   _vector9
00000000   _vectors
ffffffff   binit
00003600   cinit
00003ad6   end
00002e00   etext
ffffffff   pinit


GLOBAL SYMBOLS: SORTED BY Symbol Address 

address    name
--------   ----
00000000   _vectors
00000001   __TI_args_main
00000020   _vector1
00000040   _vector2
00000060   _vector3
00000080   _vector4
000000a0   _vector5
000000c0   _vector6
000000e0   _vector7
00000100   _vector8
00000120   _vector9
00000140   _vector10
00000160   _vector11
00000180   _vector12
000001a0   _vector13
000001c0   _vector14
000001e0   _vector15
00000220   .text
00000220   ___text__
00000220   _c6713_dsk_init
000002cc   _comm_poll
000002f8   _comm_intr
000003fc   _output_sample
0000050c   _output_left_sample
000005e4   _output_right_sample
000006bc   _input_sample
000007b8   _input_left_sample
00000800   __STACK_SIZE
00000878   _input_right_sample
0000098c   _DSK6713_init
00000ca8   _DSK6713_rget
00000cbc   _DSK6713_rset
00000cd0   _DSK6713_wait
00000d28   _DSK6713_waitusec
00000d54   _DSK6713_getVersion
00000dc0   __divull
00001140   _DSK6713_AIC23_openCodec
00001440   _part_1
00001448   _part_2
00001450   _part_3
00001458   _part_4
00001460   _part_5
00001510   _part_6
00001658   _main
000016c0   _memcpy
00001900   _DSK6713_LED_init
00001940   _DSK6713_LED_off
000019b0   _DSK6713_LED_on
00001a20   _DSK6713_LED_toggle
00001ae0   _IRQ_map
00001c80   _MCBSP_reset
00001e00   _DSK6713_AIC23_rset
00001e98   _DSK6713_AIC23_rget
00001ec0   _DSK6713_AIC23_config
00001f40   _MCBSP_start
00002040   __auto_init
00002140   __c6xabi_remi
00002140   __remi
00002240   _MCBSP_open
00002320   __strasg
00002400   _exit
000024e0   __fixdu
000025a0   _copy_in
00002660   _DSK6713_AIC23_setFreq
00002720   _MCBSP_config
000027c0   __mpyll
00002860   __remull
000029a0   ___TI_cpp_init
00002a20   __llshl
00002aa0   _c_int00
00002b20   __llshru
00002b80   __subcull
00002be0   _IRQ_enable
00002c20   _IRQ_reset
00002c60   __args_main
00002cc0   _IRQ_globalDisable
00002ce0   _IRQ_globalEnable
00002d00   _IRQ_nmiEnable
00002d20   _MCBSP_getXmtEventId
00002d40   _MCBSP_read
00002d60   _MCBSP_rrdy
00002d80   _MCBSP_write
00002da0   _MCBSP_xrdy
00002dc0   C$$EXIT
00002dc0   _abort
00002de0   __IRQ_hookFetchPacket
00002e00   ___etext__
00002e00   __stack
00002e00   etext
00003600   __STACK_END
00003600   ___cinit__
00003600   cinit
000038b4   __IRQ_eventTable
00003938   __IRQ_intTable
00003978   __IRQ_dispatchTable
00003980   _AIC_data
00003984   _AIC23CfgData
000039a4   _config
000039fc   __MCBSP_hDev0
00003a00   __MCBSP_hDev1
00003a4c   __cleanup_ptr
00003a50   __dtors_ptr
00003a54   ___TI_enable_exit_profile_output
00003a58   _DSK6713_AIC23_codeccontrolhandle
00003a5c   _DSK6713_AIC23_codecdatahandle
00003a60   _DSK6713_version
00003ac4   $bss
00003ac4   .bss
00003ac4   ___bss__
00003acc   _hAIC23_handle
00003ad0   _fs
00003ad4   _inputsource
00003ad6   ___end__
00003ad6   end
ffffffff   ___TI_pprof_out_hndl
ffffffff   ___TI_prof_data_size
ffffffff   ___TI_prof_data_start
ffffffff   ___binit__
ffffffff   ___c_args__
ffffffff   ___pinit__
ffffffff   binit
ffffffff   pinit

[122 symbols]
