<?xml version="1.0"?>
<link_info>
   <banner>TMS320C6x Linker PC v7.4.16</banner>
   <copyright>Copyright (c) 1996-2015 Texas Instruments Incorporated</copyright>
   <link_time>0x56c4c3dd</link_time>
   <output_file>lab_3.out</output_file>
   <entry_point>
      <name>_c_int00</name>
      <address>0x1fc0</address>
   </entry_point>
   <input_file_list>
      <input_file id="fl-2">
         <path>.\</path>
         <kind>object</kind>
         <file>Vectors_poll.obj</file>
         <name>Vectors_poll.obj</name>
      </input_file>
      <input_file id="fl-3">
         <path>.\</path>
         <kind>object</kind>
         <file>c6713dskinit.obj</file>
         <name>c6713dskinit.obj</name>
      </input_file>
      <input_file id="fl-4">
         <path>.\</path>
         <kind>object</kind>
         <file>main.obj</file>
         <name>main.obj</name>
      </input_file>
      <input_file id="fl-81">
         <path>C:\ti\ccsv6\tools\compiler\c6000_7.4.16\lib\</path>
         <kind>archive</kind>
         <file>rts6700.lib</file>
         <name>boot.obj</name>
      </input_file>
      <input_file id="fl-82">
         <path>C:\ti\ccsv6\tools\compiler\c6000_7.4.16\lib\</path>
         <kind>archive</kind>
         <file>rts6700.lib</file>
         <name>exit.obj</name>
      </input_file>
      <input_file id="fl-83">
         <path>C:\ti\ccsv6\tools\compiler\c6000_7.4.16\lib\</path>
         <kind>archive</kind>
         <file>rts6700.lib</file>
         <name>args_main.obj</name>
      </input_file>
      <input_file id="fl-84">
         <path>C:\ti\ccsv6\tools\compiler\c6000_7.4.16\lib\</path>
         <kind>archive</kind>
         <file>rts6700.lib</file>
         <name>autoinit.obj</name>
      </input_file>
      <input_file id="fl-85">
         <path>C:\ti\ccsv6\tools\compiler\c6000_7.4.16\lib\</path>
         <kind>archive</kind>
         <file>rts6700.lib</file>
         <name>cpp_init.obj</name>
      </input_file>
      <input_file id="fl-86">
         <path>C:\ti\ccsv6\tools\compiler\c6000_7.4.16\lib\</path>
         <kind>archive</kind>
         <file>rts6700.lib</file>
         <name>cpy_tbl.obj</name>
      </input_file>
      <input_file id="fl-87">
         <path>C:\ti\ccsv6\tools\compiler\c6000_7.4.16\lib\</path>
         <kind>archive</kind>
         <file>rts6700.lib</file>
         <name>memcpy62.obj</name>
      </input_file>
      <input_file id="fl-88">
         <path>C:\dsk6713\c6000\bios\lib\</path>
         <kind>archive</kind>
         <file>csl6713.lib</file>
         <name>csl_irq.obj</name>
      </input_file>
      <input_file id="fl-89">
         <path>C:\dsk6713\c6000\bios\lib\</path>
         <kind>archive</kind>
         <file>csl6713.lib</file>
         <name>csl_mcbsp.obj</name>
      </input_file>
      <input_file id="fl-8a">
         <path>C:\dsk6713\c6000\dsk6713\lib\</path>
         <kind>archive</kind>
         <file>dsk6713bsl.lib</file>
         <name>dsk6713.obj</name>
      </input_file>
      <input_file id="fl-8b">
         <path>C:\dsk6713\c6000\dsk6713\lib\</path>
         <kind>archive</kind>
         <file>dsk6713bsl.lib</file>
         <name>dsk6713_aic23_opencodec.obj</name>
      </input_file>
      <input_file id="fl-8c">
         <path>C:\dsk6713\c6000\dsk6713\lib\</path>
         <kind>archive</kind>
         <file>dsk6713bsl.lib</file>
         <name>dsk6713_aic23_registers.obj</name>
      </input_file>
      <input_file id="fl-8d">
         <path>C:\dsk6713\c6000\dsk6713\lib\</path>
         <kind>archive</kind>
         <file>dsk6713bsl.lib</file>
         <name>dsk6713_aic23_setfreq.obj</name>
      </input_file>
      <input_file id="fl-8e">
         <path>C:\ti\ccsv6\tools\compiler\c6000_7.4.16\lib\</path>
         <kind>archive</kind>
         <file>rts6700.lib</file>
         <name>strasg.obj</name>
      </input_file>
   </input_file_list>
   <object_component_list>
      <object_component id="oc-71">
         <name>.text</name>
         <load_address>0x0</load_address>
         <run_address>0x0</run_address>
         <size>0x720</size>
         <input_file_ref idref="fl-3"/>
      </object_component>
      <object_component id="oc-4a">
         <name>.text</name>
         <load_address>0x720</load_address>
         <run_address>0x720</run_address>
         <size>0x480</size>
         <input_file_ref idref="fl-8a"/>
      </object_component>
      <object_component id="oc-50">
         <name>.text</name>
         <load_address>0xba0</load_address>
         <run_address>0xba0</run_address>
         <size>0x300</size>
         <input_file_ref idref="fl-8b"/>
      </object_component>
      <object_component id="oc-6e">
         <name>.text</name>
         <load_address>0xea0</load_address>
         <run_address>0xea0</run_address>
         <size>0x2a0</size>
         <input_file_ref idref="fl-4"/>
      </object_component>
      <object_component id="oc-6c">
         <name>.text:_memcpy</name>
         <load_address>0x1140</load_address>
         <run_address>0x1140</run_address>
         <size>0x240</size>
         <input_file_ref idref="fl-87"/>
      </object_component>
      <object_component id="oc-75">
         <name>.text:_IRQ_map</name>
         <load_address>0x1380</load_address>
         <run_address>0x1380</run_address>
         <size>0x1a0</size>
         <input_file_ref idref="fl-88"/>
      </object_component>
      <object_component id="oc-70">
         <name>.text:_MCBSP_reset</name>
         <load_address>0x1520</load_address>
         <run_address>0x1520</run_address>
         <size>0x180</size>
         <input_file_ref idref="fl-89"/>
      </object_component>
      <object_component id="oc-56">
         <name>.text</name>
         <load_address>0x16a0</load_address>
         <run_address>0x16a0</run_address>
         <size>0x140</size>
         <input_file_ref idref="fl-8c"/>
      </object_component>
      <object_component id="oc-6a">
         <name>.text:_MCBSP_start</name>
         <load_address>0x17e0</load_address>
         <run_address>0x17e0</run_address>
         <size>0x100</size>
         <input_file_ref idref="fl-89"/>
      </object_component>
      <object_component id="oc-65">
         <name>.text:__auto_init</name>
         <load_address>0x18e0</load_address>
         <run_address>0x18e0</run_address>
         <size>0x100</size>
         <input_file_ref idref="fl-84"/>
      </object_component>
      <object_component id="oc-69">
         <name>.text:_MCBSP_open</name>
         <load_address>0x19e0</load_address>
         <run_address>0x19e0</run_address>
         <size>0xe0</size>
         <input_file_ref idref="fl-89"/>
      </object_component>
      <object_component id="oc-68">
         <name>.text:__strasg</name>
         <load_address>0x1ac0</load_address>
         <run_address>0x1ac0</run_address>
         <size>0xe0</size>
         <input_file_ref idref="fl-8e"/>
      </object_component>
      <object_component id="oc-67">
         <name>.text:_exit</name>
         <load_address>0x1ba0</load_address>
         <run_address>0x1ba0</run_address>
         <size>0xe0</size>
         <input_file_ref idref="fl-82"/>
      </object_component>
      <object_component id="oc-6b">
         <name>.text:_copy_in</name>
         <load_address>0x1c80</load_address>
         <run_address>0x1c80</run_address>
         <size>0xc0</size>
         <input_file_ref idref="fl-86"/>
      </object_component>
      <object_component id="oc-5c">
         <name>.text</name>
         <load_address>0x1d40</load_address>
         <run_address>0x1d40</run_address>
         <size>0xc0</size>
         <input_file_ref idref="fl-8d"/>
      </object_component>
      <object_component id="oc-72">
         <name>.text:_MCBSP_config</name>
         <load_address>0x1e00</load_address>
         <run_address>0x1e00</run_address>
         <size>0xa0</size>
         <input_file_ref idref="fl-89"/>
      </object_component>
      <object_component id="oc-7e">
         <name>.text:_setMux</name>
         <load_address>0x1ea0</load_address>
         <run_address>0x1ea0</run_address>
         <size>0xa0</size>
         <input_file_ref idref="fl-88"/>
      </object_component>
      <object_component id="oc-6d">
         <name>.text:___TI_cpp_init</name>
         <load_address>0x1f40</load_address>
         <run_address>0x1f40</run_address>
         <size>0x80</size>
         <input_file_ref idref="fl-85"/>
      </object_component>
      <object_component id="oc-17">
         <name>.text:_c_int00</name>
         <load_address>0x1fc0</load_address>
         <run_address>0x1fc0</run_address>
         <size>0x80</size>
         <input_file_ref idref="fl-81"/>
      </object_component>
      <object_component id="oc-79">
         <name>.text:_IRQ_enable</name>
         <load_address>0x2040</load_address>
         <run_address>0x2040</run_address>
         <size>0x40</size>
         <input_file_ref idref="fl-88"/>
      </object_component>
      <object_component id="oc-76">
         <name>.text:_IRQ_reset</name>
         <load_address>0x2080</load_address>
         <run_address>0x2080</run_address>
         <size>0x40</size>
         <input_file_ref idref="fl-88"/>
      </object_component>
      <object_component id="oc-66">
         <name>.text:__args_main</name>
         <load_address>0x20c0</load_address>
         <run_address>0x20c0</run_address>
         <size>0x40</size>
         <input_file_ref idref="fl-83"/>
      </object_component>
      <object_component id="oc-18">
         <name>.text</name>
         <load_address>0x2100</load_address>
         <run_address>0x2100</run_address>
         <size>0x20</size>
         <input_file_ref idref="fl-2"/>
      </object_component>
      <object_component id="oc-73">
         <name>.text:_IRQ_globalDisable</name>
         <load_address>0x2120</load_address>
         <run_address>0x2120</run_address>
         <size>0x20</size>
         <input_file_ref idref="fl-88"/>
      </object_component>
      <object_component id="oc-77">
         <name>.text:_IRQ_globalEnable</name>
         <load_address>0x2140</load_address>
         <run_address>0x2140</run_address>
         <size>0x20</size>
         <input_file_ref idref="fl-88"/>
      </object_component>
      <object_component id="oc-78">
         <name>.text:_IRQ_nmiEnable</name>
         <load_address>0x2160</load_address>
         <run_address>0x2160</run_address>
         <size>0x20</size>
         <input_file_ref idref="fl-88"/>
      </object_component>
      <object_component id="oc-74">
         <name>.text:_MCBSP_getXmtEventId</name>
         <load_address>0x2180</load_address>
         <run_address>0x2180</run_address>
         <size>0x20</size>
         <input_file_ref idref="fl-89"/>
      </object_component>
      <object_component id="oc-7d">
         <name>.text:_MCBSP_read</name>
         <load_address>0x21a0</load_address>
         <run_address>0x21a0</run_address>
         <size>0x20</size>
         <input_file_ref idref="fl-89"/>
      </object_component>
      <object_component id="oc-7c">
         <name>.text:_MCBSP_rrdy</name>
         <load_address>0x21c0</load_address>
         <run_address>0x21c0</run_address>
         <size>0x20</size>
         <input_file_ref idref="fl-89"/>
      </object_component>
      <object_component id="oc-7b">
         <name>.text:_MCBSP_write</name>
         <load_address>0x21e0</load_address>
         <run_address>0x21e0</run_address>
         <size>0x20</size>
         <input_file_ref idref="fl-89"/>
      </object_component>
      <object_component id="oc-7a">
         <name>.text:_MCBSP_xrdy</name>
         <load_address>0x2200</load_address>
         <run_address>0x2200</run_address>
         <size>0x20</size>
         <input_file_ref idref="fl-89"/>
      </object_component>
      <object_component id="oc-6f">
         <name>.text:_abort</name>
         <load_address>0x2220</load_address>
         <run_address>0x2220</run_address>
         <size>0x20</size>
         <input_file_ref idref="fl-82"/>
      </object_component>
      <object_component id="oc-43">
         <name>.text</name>
         <load_address>0x2240</load_address>
         <run_address>0x2240</run_address>
         <size>0x20</size>
         <input_file_ref idref="fl-88"/>
      </object_component>
      <object_component id="oc-2c">
         <name>.stack</name>
         <uninitialized>true</uninitialized>
         <run_address>0x2260</run_address>
         <size>0x8</size>
         <input_file_ref idref="fl-81"/>
      </object_component>
      <object_component id="oc-a1">
         <name>.stack</name>
         <uninitialized>true</uninitialized>
         <run_address>0x2260</run_address>
         <size>0x0</size>
      </object_component>
      <object_component id="oc-1d">
         <name>.bss</name>
         <uninitialized>true</uninitialized>
         <run_address>0x2fb4</run_address>
         <size>0xc</size>
         <input_file_ref idref="fl-3"/>
      </object_component>
      <object_component id="oc-24">
         <name>.bss</name>
         <uninitialized>true</uninitialized>
         <run_address>0x2fc0</run_address>
         <size>0x8</size>
         <input_file_ref idref="fl-4"/>
      </object_component>
      <object_component id="oc-52">
         <name>.const</name>
         <load_address>0x2f54</load_address>
         <run_address>0x2f54</run_address>
         <size>0x40</size>
         <input_file_ref idref="fl-8b"/>
      </object_component>
      <object_component id="oc-4c">
         <name>.const</name>
         <load_address>0x2f94</load_address>
         <run_address>0x2f94</run_address>
         <size>0x20</size>
         <input_file_ref idref="fl-8a"/>
      </object_component>
      <object_component id="oc-20">
         <name>.far</name>
         <uninitialized>true</uninitialized>
         <run_address>0x2e30</run_address>
         <size>0x4c</size>
         <input_file_ref idref="fl-3"/>
      </object_component>
      <object_component id="oc-27">
         <name>.far</name>
         <uninitialized>true</uninitialized>
         <run_address>0x2e7c</run_address>
         <size>0x40</size>
         <input_file_ref idref="fl-4"/>
      </object_component>
      <object_component id="oc-31">
         <name>.far</name>
         <uninitialized>true</uninitialized>
         <run_address>0x2f3c</run_address>
         <size>0xc</size>
         <input_file_ref idref="fl-82"/>
      </object_component>
      <object_component id="oc-45">
         <name>.far</name>
         <uninitialized>true</uninitialized>
         <run_address>0x2d3c</run_address>
         <size>0xf4</size>
         <input_file_ref idref="fl-88"/>
      </object_component>
      <object_component id="oc-48">
         <name>.far</name>
         <uninitialized>true</uninitialized>
         <run_address>0x2ebc</run_address>
         <size>0x38</size>
         <input_file_ref idref="fl-89"/>
      </object_component>
      <object_component id="oc-4b">
         <name>.far</name>
         <uninitialized>true</uninitialized>
         <run_address>0x2f50</run_address>
         <size>0x2</size>
         <input_file_ref idref="fl-8a"/>
      </object_component>
      <object_component id="oc-51">
         <name>.far</name>
         <uninitialized>true</uninitialized>
         <run_address>0x2f48</run_address>
         <size>0x8</size>
         <input_file_ref idref="fl-8b"/>
      </object_component>
      <object_component id="oc-58">
         <name>.far</name>
         <uninitialized>true</uninitialized>
         <run_address>0x2ef4</run_address>
         <size>0x28</size>
         <input_file_ref idref="fl-8c"/>
      </object_component>
      <object_component id="oc-5e">
         <name>.far</name>
         <uninitialized>true</uninitialized>
         <run_address>0x2f1c</run_address>
         <size>0x20</size>
         <input_file_ref idref="fl-8d"/>
      </object_component>
      <object_component id="oc-44">
         <name>.cinit</name>
         <load_address>0x2a60</load_address>
         <run_address>0x2a60</run_address>
         <size>0x12c</size>
         <input_file_ref idref="fl-88"/>
      </object_component>
      <object_component id="oc-26">
         <name>.cinit</name>
         <load_address>0x2b90</load_address>
         <run_address>0x2b90</run_address>
         <size>0x6c</size>
         <input_file_ref idref="fl-4"/>
      </object_component>
      <object_component id="oc-1f">
         <name>.cinit</name>
         <load_address>0x2c00</load_address>
         <run_address>0x2c00</run_address>
         <size>0x58</size>
         <input_file_ref idref="fl-3"/>
      </object_component>
      <object_component id="oc-47">
         <name>.cinit</name>
         <load_address>0x2c58</load_address>
         <run_address>0x2c58</run_address>
         <size>0x54</size>
         <input_file_ref idref="fl-89"/>
      </object_component>
      <object_component id="oc-57">
         <name>.cinit</name>
         <load_address>0x2cb0</load_address>
         <run_address>0x2cb0</run_address>
         <size>0x30</size>
         <input_file_ref idref="fl-8c"/>
      </object_component>
      <object_component id="oc-30">
         <name>.cinit</name>
         <load_address>0x2ce0</load_address>
         <run_address>0x2ce0</run_address>
         <size>0x2c</size>
         <input_file_ref idref="fl-82"/>
      </object_component>
      <object_component id="oc-5d">
         <name>.cinit</name>
         <load_address>0x2d10</load_address>
         <run_address>0x2d10</run_address>
         <size>0x28</size>
         <input_file_ref idref="fl-8d"/>
      </object_component>
      <object_component id="oc-19">
         <name>.vectors</name>
         <load_address>0x3000</load_address>
         <run_address>0x3000</run_address>
         <size>0x200</size>
         <input_file_ref idref="fl-2"/>
      </object_component>
      <object_component id="oc-1a">
         <name>.debug_info</name>
         <load_address>0x0</load_address>
         <run_address>0x0</run_address>
         <size>0xdc</size>
         <input_file_ref idref="fl-2"/>
      </object_component>
      <object_component id="oc-1e">
         <name>.debug_info</name>
         <load_address>0xdc</load_address>
         <run_address>0xdc</run_address>
         <size>0x1491</size>
         <input_file_ref idref="fl-3"/>
      </object_component>
      <object_component id="oc-25">
         <name>.debug_info</name>
         <load_address>0x156d</load_address>
         <run_address>0x156d</run_address>
         <size>0x927</size>
         <input_file_ref idref="fl-4"/>
      </object_component>
      <object_component id="oc-2b">
         <name>.debug_info</name>
         <load_address>0x1e94</load_address>
         <run_address>0x1e94</run_address>
         <size>0x70a</size>
         <input_file_ref idref="fl-81"/>
      </object_component>
      <object_component id="oc-2f">
         <name>.debug_info</name>
         <load_address>0x259e</load_address>
         <run_address>0x259e</run_address>
         <size>0x7fa</size>
         <input_file_ref idref="fl-82"/>
      </object_component>
      <object_component id="oc-34">
         <name>.debug_info</name>
         <load_address>0x2d98</load_address>
         <run_address>0x2d98</run_address>
         <size>0x6e0</size>
         <input_file_ref idref="fl-83"/>
      </object_component>
      <object_component id="oc-37">
         <name>.debug_info</name>
         <load_address>0x3478</load_address>
         <run_address>0x3478</run_address>
         <size>0x86c</size>
         <input_file_ref idref="fl-84"/>
      </object_component>
      <object_component id="oc-3a">
         <name>.debug_info</name>
         <load_address>0x3ce4</load_address>
         <run_address>0x3ce4</run_address>
         <size>0x6e4</size>
         <input_file_ref idref="fl-85"/>
      </object_component>
      <object_component id="oc-3d">
         <name>.debug_info</name>
         <load_address>0x43c8</load_address>
         <run_address>0x43c8</run_address>
         <size>0x7da</size>
         <input_file_ref idref="fl-86"/>
      </object_component>
      <object_component id="oc-40">
         <name>.debug_info</name>
         <load_address>0x4ba2</load_address>
         <run_address>0x4ba2</run_address>
         <size>0x789</size>
         <input_file_ref idref="fl-87"/>
      </object_component>
      <object_component id="oc-4e">
         <name>.debug_info</name>
         <load_address>0x532b</load_address>
         <run_address>0x532b</run_address>
         <size>0x8a7</size>
         <input_file_ref idref="fl-8a"/>
      </object_component>
      <object_component id="oc-54">
         <name>.debug_info</name>
         <load_address>0x5bd2</load_address>
         <run_address>0x5bd2</run_address>
         <size>0x89f</size>
         <input_file_ref idref="fl-8b"/>
      </object_component>
      <object_component id="oc-5a">
         <name>.debug_info</name>
         <load_address>0x6471</load_address>
         <run_address>0x6471</run_address>
         <size>0x929</size>
         <input_file_ref idref="fl-8c"/>
      </object_component>
      <object_component id="oc-60">
         <name>.debug_info</name>
         <load_address>0x6d9a</load_address>
         <run_address>0x6d9a</run_address>
         <size>0x5b3</size>
         <input_file_ref idref="fl-8d"/>
      </object_component>
      <object_component id="oc-62">
         <name>.debug_info</name>
         <load_address>0x734d</load_address>
         <run_address>0x734d</run_address>
         <size>0xd5</size>
         <input_file_ref idref="fl-8e"/>
      </object_component>
      <object_component id="oc-a2">
         <name>.debug_info</name>
         <load_address>0x7422</load_address>
         <run_address>0x7422</run_address>
         <size>0x6e</size>
      </object_component>
      <object_component id="oc-1b">
         <name>.debug_line</name>
         <load_address>0x0</load_address>
         <run_address>0x0</run_address>
         <size>0xcd</size>
         <input_file_ref idref="fl-2"/>
      </object_component>
      <object_component id="oc-22">
         <name>.debug_line</name>
         <load_address>0xcd</load_address>
         <run_address>0xcd</run_address>
         <size>0x158</size>
         <input_file_ref idref="fl-3"/>
      </object_component>
      <object_component id="oc-29">
         <name>.debug_line</name>
         <load_address>0x225</load_address>
         <run_address>0x225</run_address>
         <size>0x94</size>
         <input_file_ref idref="fl-4"/>
      </object_component>
      <object_component id="oc-2d">
         <name>.debug_line</name>
         <load_address>0x2b9</load_address>
         <run_address>0x2b9</run_address>
         <size>0x3d</size>
         <input_file_ref idref="fl-81"/>
      </object_component>
      <object_component id="oc-32">
         <name>.debug_line</name>
         <load_address>0x2f6</load_address>
         <run_address>0x2f6</run_address>
         <size>0x4f</size>
         <input_file_ref idref="fl-82"/>
      </object_component>
      <object_component id="oc-35">
         <name>.debug_line</name>
         <load_address>0x345</load_address>
         <run_address>0x345</run_address>
         <size>0x41</size>
         <input_file_ref idref="fl-83"/>
      </object_component>
      <object_component id="oc-38">
         <name>.debug_line</name>
         <load_address>0x386</load_address>
         <run_address>0x386</run_address>
         <size>0x47</size>
         <input_file_ref idref="fl-84"/>
      </object_component>
      <object_component id="oc-3b">
         <name>.debug_line</name>
         <load_address>0x3cd</load_address>
         <run_address>0x3cd</run_address>
         <size>0x45</size>
         <input_file_ref idref="fl-85"/>
      </object_component>
      <object_component id="oc-3e">
         <name>.debug_line</name>
         <load_address>0x412</load_address>
         <run_address>0x412</run_address>
         <size>0x44</size>
         <input_file_ref idref="fl-86"/>
      </object_component>
      <object_component id="oc-41">
         <name>.debug_line</name>
         <load_address>0x456</load_address>
         <run_address>0x456</run_address>
         <size>0x4e</size>
         <input_file_ref idref="fl-87"/>
      </object_component>
      <object_component id="oc-4f">
         <name>.debug_line</name>
         <load_address>0x4a4</load_address>
         <run_address>0x4a4</run_address>
         <size>0xb2</size>
         <input_file_ref idref="fl-8a"/>
      </object_component>
      <object_component id="oc-55">
         <name>.debug_line</name>
         <load_address>0x556</load_address>
         <run_address>0x556</run_address>
         <size>0x4f</size>
         <input_file_ref idref="fl-8b"/>
      </object_component>
      <object_component id="oc-5b">
         <name>.debug_line</name>
         <load_address>0x5a5</load_address>
         <run_address>0x5a5</run_address>
         <size>0x7e</size>
         <input_file_ref idref="fl-8c"/>
      </object_component>
      <object_component id="oc-61">
         <name>.debug_line</name>
         <load_address>0x623</load_address>
         <run_address>0x623</run_address>
         <size>0x52</size>
         <input_file_ref idref="fl-8d"/>
      </object_component>
      <object_component id="oc-63">
         <name>.debug_line</name>
         <load_address>0x675</load_address>
         <run_address>0x675</run_address>
         <size>0x48</size>
         <input_file_ref idref="fl-8e"/>
      </object_component>
      <object_component id="oc-1c">
         <name>.debug_abbrev</name>
         <load_address>0x0</load_address>
         <run_address>0x0</run_address>
         <size>0x21</size>
         <input_file_ref idref="fl-2"/>
      </object_component>
      <object_component id="oc-23">
         <name>.debug_abbrev</name>
         <load_address>0x21</load_address>
         <run_address>0x21</run_address>
         <size>0x18e</size>
         <input_file_ref idref="fl-3"/>
      </object_component>
      <object_component id="oc-2a">
         <name>.debug_abbrev</name>
         <load_address>0x1af</load_address>
         <run_address>0x1af</run_address>
         <size>0xdc</size>
         <input_file_ref idref="fl-4"/>
      </object_component>
      <object_component id="oc-2e">
         <name>.debug_abbrev</name>
         <load_address>0x28b</load_address>
         <run_address>0x28b</run_address>
         <size>0xfe</size>
         <input_file_ref idref="fl-81"/>
      </object_component>
      <object_component id="oc-33">
         <name>.debug_abbrev</name>
         <load_address>0x389</load_address>
         <run_address>0x389</run_address>
         <size>0x119</size>
         <input_file_ref idref="fl-82"/>
      </object_component>
      <object_component id="oc-36">
         <name>.debug_abbrev</name>
         <load_address>0x4a2</load_address>
         <run_address>0x4a2</run_address>
         <size>0xe1</size>
         <input_file_ref idref="fl-83"/>
      </object_component>
      <object_component id="oc-39">
         <name>.debug_abbrev</name>
         <load_address>0x583</load_address>
         <run_address>0x583</run_address>
         <size>0x13f</size>
         <input_file_ref idref="fl-84"/>
      </object_component>
      <object_component id="oc-3c">
         <name>.debug_abbrev</name>
         <load_address>0x6c2</load_address>
         <run_address>0x6c2</run_address>
         <size>0xdd</size>
         <input_file_ref idref="fl-85"/>
      </object_component>
      <object_component id="oc-3f">
         <name>.debug_abbrev</name>
         <load_address>0x79f</load_address>
         <run_address>0x79f</run_address>
         <size>0x10c</size>
         <input_file_ref idref="fl-86"/>
      </object_component>
      <object_component id="oc-42">
         <name>.debug_abbrev</name>
         <load_address>0x8ab</load_address>
         <run_address>0x8ab</run_address>
         <size>0xd5</size>
         <input_file_ref idref="fl-87"/>
      </object_component>
      <object_component id="oc-4d">
         <name>.debug_abbrev</name>
         <load_address>0x980</load_address>
         <run_address>0x980</run_address>
         <size>0x196</size>
         <input_file_ref idref="fl-8a"/>
      </object_component>
      <object_component id="oc-53">
         <name>.debug_abbrev</name>
         <load_address>0xb16</load_address>
         <run_address>0xb16</run_address>
         <size>0x126</size>
         <input_file_ref idref="fl-8b"/>
      </object_component>
      <object_component id="oc-59">
         <name>.debug_abbrev</name>
         <load_address>0xc3c</load_address>
         <run_address>0xc3c</run_address>
         <size>0x14e</size>
         <input_file_ref idref="fl-8c"/>
      </object_component>
      <object_component id="oc-5f">
         <name>.debug_abbrev</name>
         <load_address>0xd8a</load_address>
         <run_address>0xd8a</run_address>
         <size>0xf1</size>
         <input_file_ref idref="fl-8d"/>
      </object_component>
      <object_component id="oc-64">
         <name>.debug_abbrev</name>
         <load_address>0xe7b</load_address>
         <run_address>0xe7b</run_address>
         <size>0x3b</size>
         <input_file_ref idref="fl-8e"/>
      </object_component>
      <object_component id="oc-a3">
         <name>.debug_abbrev</name>
         <load_address>0xeb6</load_address>
         <run_address>0xeb6</run_address>
         <size>0xd</size>
      </object_component>
      <object_component id="oc-21">
         <name>.debug_frame</name>
         <load_address>0x0</load_address>
         <run_address>0x0</run_address>
         <size>0x34e</size>
         <input_file_ref idref="fl-3"/>
      </object_component>
      <object_component id="oc-28">
         <name>.debug_frame</name>
         <load_address>0x34e</load_address>
         <run_address>0x34e</run_address>
         <size>0x25a</size>
         <input_file_ref idref="fl-4"/>
      </object_component>
      <object_component id="oc-46">
         <name>$BRID</name>
         <load_address>0x0</load_address>
         <run_address>0x0</run_address>
         <size>0x78</size>
         <input_file_ref idref="fl-88"/>
      </object_component>
      <object_component id="oc-49">
         <name>$BRID</name>
         <load_address>0x78</load_address>
         <run_address>0x78</run_address>
         <size>0x7c</size>
         <input_file_ref idref="fl-89"/>
      </object_component>
   </object_component_list>
   <logical_group_list>
      <logical_group id="lg-2">
         <name>.text</name>
         <load_address>0x0</load_address>
         <run_address>0x0</run_address>
         <size>0x2260</size>
         <contents>
            <object_component_ref idref="oc-71"/>
            <object_component_ref idref="oc-4a"/>
            <object_component_ref idref="oc-50"/>
            <object_component_ref idref="oc-6e"/>
            <object_component_ref idref="oc-6c"/>
            <object_component_ref idref="oc-75"/>
            <object_component_ref idref="oc-70"/>
            <object_component_ref idref="oc-56"/>
            <object_component_ref idref="oc-6a"/>
            <object_component_ref idref="oc-65"/>
            <object_component_ref idref="oc-69"/>
            <object_component_ref idref="oc-68"/>
            <object_component_ref idref="oc-67"/>
            <object_component_ref idref="oc-6b"/>
            <object_component_ref idref="oc-5c"/>
            <object_component_ref idref="oc-72"/>
            <object_component_ref idref="oc-7e"/>
            <object_component_ref idref="oc-6d"/>
            <object_component_ref idref="oc-17"/>
            <object_component_ref idref="oc-79"/>
            <object_component_ref idref="oc-76"/>
            <object_component_ref idref="oc-66"/>
            <object_component_ref idref="oc-18"/>
            <object_component_ref idref="oc-73"/>
            <object_component_ref idref="oc-77"/>
            <object_component_ref idref="oc-78"/>
            <object_component_ref idref="oc-74"/>
            <object_component_ref idref="oc-7d"/>
            <object_component_ref idref="oc-7c"/>
            <object_component_ref idref="oc-7b"/>
            <object_component_ref idref="oc-7a"/>
            <object_component_ref idref="oc-6f"/>
            <object_component_ref idref="oc-43"/>
         </contents>
      </logical_group>
      <logical_group id="lg-3">
         <name>.stack</name>
         <run_address>0x2260</run_address>
         <size>0x800</size>
         <contents>
            <object_component_ref idref="oc-2c"/>
            <object_component_ref idref="oc-a1"/>
         </contents>
      </logical_group>
      <logical_group id="lg-4">
         <name>.bss</name>
         <run_address>0x2fb4</run_address>
         <size>0x14</size>
         <contents>
            <object_component_ref idref="oc-1d"/>
            <object_component_ref idref="oc-24"/>
         </contents>
      </logical_group>
      <logical_group id="lg-5">
         <name>.cio</name>
         <run_address>0x0</run_address>
         <size>0x0</size>
         <contents>
         </contents>
      </logical_group>
      <logical_group id="lg-6">
         <name>.const</name>
         <load_address>0x2f54</load_address>
         <run_address>0x2f54</run_address>
         <size>0x60</size>
         <contents>
            <object_component_ref idref="oc-52"/>
            <object_component_ref idref="oc-4c"/>
         </contents>
      </logical_group>
      <logical_group id="lg-7">
         <name>.data</name>
         <run_address>0x0</run_address>
         <size>0x0</size>
         <contents>
         </contents>
      </logical_group>
      <logical_group id="lg-8">
         <name>.switch</name>
         <run_address>0x0</run_address>
         <size>0x0</size>
         <contents>
         </contents>
      </logical_group>
      <logical_group id="lg-9">
         <name>.sysmem</name>
         <run_address>0x0</run_address>
         <size>0x0</size>
         <contents>
         </contents>
      </logical_group>
      <logical_group id="lg-a">
         <name>.far</name>
         <run_address>0x2d3c</run_address>
         <size>0x216</size>
         <contents>
            <object_component_ref idref="oc-20"/>
            <object_component_ref idref="oc-27"/>
            <object_component_ref idref="oc-31"/>
            <object_component_ref idref="oc-45"/>
            <object_component_ref idref="oc-48"/>
            <object_component_ref idref="oc-4b"/>
            <object_component_ref idref="oc-51"/>
            <object_component_ref idref="oc-58"/>
            <object_component_ref idref="oc-5e"/>
         </contents>
      </logical_group>
      <logical_group id="lg-b">
         <name>.args</name>
         <run_address>0x0</run_address>
         <size>0x0</size>
         <contents>
         </contents>
      </logical_group>
      <logical_group id="lg-c">
         <name>.ppinfo</name>
         <run_address>0x0</run_address>
         <size>0x0</size>
         <contents>
         </contents>
      </logical_group>
      <logical_group id="lg-d">
         <name>.ppdata</name>
         <run_address>0x0</run_address>
         <size>0x0</size>
         <contents>
         </contents>
      </logical_group>
      <logical_group id="lg-e">
         <name>.pinit</name>
         <run_address>0x0</run_address>
         <size>0x0</size>
         <contents>
         </contents>
      </logical_group>
      <logical_group id="lg-f">
         <name>.cinit</name>
         <load_address>0x2a60</load_address>
         <run_address>0x2a60</run_address>
         <size>0x2dc</size>
         <contents>
            <object_component_ref idref="oc-44"/>
            <object_component_ref idref="oc-26"/>
            <object_component_ref idref="oc-1f"/>
            <object_component_ref idref="oc-47"/>
            <object_component_ref idref="oc-57"/>
            <object_component_ref idref="oc-30"/>
            <object_component_ref idref="oc-5d"/>
         </contents>
      </logical_group>
      <logical_group id="lg-10">
         <name>.binit</name>
         <run_address>0x0</run_address>
         <size>0x0</size>
         <contents>
         </contents>
      </logical_group>
      <logical_group id="lg-11">
         <name>.init_array</name>
         <run_address>0x0</run_address>
         <size>0x0</size>
         <contents>
         </contents>
      </logical_group>
      <logical_group id="lg-12">
         <name>.neardata</name>
         <run_address>0x0</run_address>
         <size>0x0</size>
         <contents>
         </contents>
      </logical_group>
      <logical_group id="lg-13">
         <name>.fardata</name>
         <run_address>0x0</run_address>
         <size>0x0</size>
         <contents>
         </contents>
      </logical_group>
      <logical_group id="lg-14">
         <name>.rodata</name>
         <run_address>0x0</run_address>
         <size>0x0</size>
         <contents>
         </contents>
      </logical_group>
      <logical_group id="lg-15">
         <name>.c6xabi.exidx</name>
         <run_address>0x0</run_address>
         <size>0x0</size>
         <contents>
         </contents>
      </logical_group>
      <logical_group id="lg-16">
         <name>.c6xabi.extab</name>
         <run_address>0x0</run_address>
         <size>0x0</size>
         <contents>
         </contents>
      </logical_group>
      <logical_group id="lg-94">
         <name>.vectors</name>
         <load_address>0x3000</load_address>
         <run_address>0x3000</run_address>
         <size>0x200</size>
         <contents>
            <object_component_ref idref="oc-19"/>
         </contents>
      </logical_group>
      <logical_group id="lg-96">
         <name>.debug_info</name>
         <load_address>0x0</load_address>
         <run_address>0x0</run_address>
         <size>0x7490</size>
         <contents>
            <object_component_ref idref="oc-1a"/>
            <object_component_ref idref="oc-1e"/>
            <object_component_ref idref="oc-25"/>
            <object_component_ref idref="oc-2b"/>
            <object_component_ref idref="oc-2f"/>
            <object_component_ref idref="oc-34"/>
            <object_component_ref idref="oc-37"/>
            <object_component_ref idref="oc-3a"/>
            <object_component_ref idref="oc-3d"/>
            <object_component_ref idref="oc-40"/>
            <object_component_ref idref="oc-4e"/>
            <object_component_ref idref="oc-54"/>
            <object_component_ref idref="oc-5a"/>
            <object_component_ref idref="oc-60"/>
            <object_component_ref idref="oc-62"/>
            <object_component_ref idref="oc-a2"/>
         </contents>
      </logical_group>
      <logical_group id="lg-98">
         <name>.debug_line</name>
         <load_address>0x0</load_address>
         <run_address>0x0</run_address>
         <size>0x6bd</size>
         <contents>
            <object_component_ref idref="oc-1b"/>
            <object_component_ref idref="oc-22"/>
            <object_component_ref idref="oc-29"/>
            <object_component_ref idref="oc-2d"/>
            <object_component_ref idref="oc-32"/>
            <object_component_ref idref="oc-35"/>
            <object_component_ref idref="oc-38"/>
            <object_component_ref idref="oc-3b"/>
            <object_component_ref idref="oc-3e"/>
            <object_component_ref idref="oc-41"/>
            <object_component_ref idref="oc-4f"/>
            <object_component_ref idref="oc-55"/>
            <object_component_ref idref="oc-5b"/>
            <object_component_ref idref="oc-61"/>
            <object_component_ref idref="oc-63"/>
         </contents>
      </logical_group>
      <logical_group id="lg-9a">
         <name>.debug_abbrev</name>
         <load_address>0x0</load_address>
         <run_address>0x0</run_address>
         <size>0xec3</size>
         <contents>
            <object_component_ref idref="oc-1c"/>
            <object_component_ref idref="oc-23"/>
            <object_component_ref idref="oc-2a"/>
            <object_component_ref idref="oc-2e"/>
            <object_component_ref idref="oc-33"/>
            <object_component_ref idref="oc-36"/>
            <object_component_ref idref="oc-39"/>
            <object_component_ref idref="oc-3c"/>
            <object_component_ref idref="oc-3f"/>
            <object_component_ref idref="oc-42"/>
            <object_component_ref idref="oc-4d"/>
            <object_component_ref idref="oc-53"/>
            <object_component_ref idref="oc-59"/>
            <object_component_ref idref="oc-5f"/>
            <object_component_ref idref="oc-64"/>
            <object_component_ref idref="oc-a3"/>
         </contents>
      </logical_group>
      <logical_group id="lg-9c">
         <name>.debug_frame</name>
         <load_address>0x0</load_address>
         <run_address>0x0</run_address>
         <size>0x5a8</size>
         <contents>
            <object_component_ref idref="oc-21"/>
            <object_component_ref idref="oc-28"/>
         </contents>
      </logical_group>
      <logical_group id="lg-9e">
         <name>$BRID</name>
         <load_address>0x0</load_address>
         <run_address>0x0</run_address>
         <size>0xf4</size>
         <contents>
            <object_component_ref idref="oc-46"/>
            <object_component_ref idref="oc-49"/>
         </contents>
      </logical_group>
   </logical_group_list>
   <placement_map>
      <memory_area>
         <name>IRAM</name>
         <page_id>0x0</page_id>
         <origin>0x0</origin>
         <length>0x30000</length>
         <used_space>0x31c6</used_space>
         <unused_space>0x2ce3a</unused_space>
         <attributes>RWIX</attributes>
         <usage_details>
            <allocated_space>
               <start_address>0x0</start_address>
               <size>0x0</size>
               <logical_group_ref idref="lg-7"/>
            </allocated_space>
            <allocated_space>
               <start_address>0x0</start_address>
               <size>0x2260</size>
               <logical_group_ref idref="lg-2"/>
            </allocated_space>
            <allocated_space>
               <start_address>0x2260</start_address>
               <size>0x800</size>
               <logical_group_ref idref="lg-3"/>
            </allocated_space>
            <allocated_space>
               <start_address>0x2a60</start_address>
               <size>0x2dc</size>
               <logical_group_ref idref="lg-f"/>
            </allocated_space>
            <allocated_space>
               <start_address>0x2d3c</start_address>
               <size>0x216</size>
               <logical_group_ref idref="lg-a"/>
            </allocated_space>
            <available_space>
               <start_address>0x2f52</start_address>
               <size>0x2</size>
            </available_space>
            <allocated_space>
               <start_address>0x2f54</start_address>
               <size>0x60</size>
               <logical_group_ref idref="lg-6"/>
            </allocated_space>
            <allocated_space>
               <start_address>0x2fb4</start_address>
               <size>0x14</size>
               <logical_group_ref idref="lg-4"/>
            </allocated_space>
            <available_space>
               <start_address>0x2fc8</start_address>
               <size>0x38</size>
            </available_space>
            <allocated_space>
               <start_address>0x3000</start_address>
               <size>0x200</size>
               <logical_group_ref idref="lg-94"/>
            </allocated_space>
            <available_space>
               <start_address>0x3200</start_address>
               <size>0x2ce00</size>
            </available_space>
         </usage_details>
      </memory_area>
      <memory_area>
         <name>L2RAM</name>
         <page_id>0x0</page_id>
         <origin>0x30000</origin>
         <length>0x10000</length>
         <used_space>0x0</used_space>
         <unused_space>0x10000</unused_space>
         <attributes>RWIX</attributes>
         <usage_details>
         </usage_details>
      </memory_area>
      <memory_area>
         <name>EMIFCE0</name>
         <page_id>0x0</page_id>
         <origin>0x80000000</origin>
         <length>0x10000000</length>
         <used_space>0x0</used_space>
         <unused_space>0x10000000</unused_space>
         <attributes>RWIX</attributes>
         <usage_details>
         </usage_details>
      </memory_area>
      <memory_area>
         <name>EMIFCE1</name>
         <page_id>0x0</page_id>
         <origin>0x90000000</origin>
         <length>0x10000000</length>
         <used_space>0x0</used_space>
         <unused_space>0x10000000</unused_space>
         <attributes>RWIX</attributes>
         <usage_details>
         </usage_details>
      </memory_area>
      <memory_area>
         <name>EMIFCE2</name>
         <page_id>0x0</page_id>
         <origin>0xa0000000</origin>
         <length>0x10000000</length>
         <used_space>0x0</used_space>
         <unused_space>0x10000000</unused_space>
         <attributes>RWIX</attributes>
         <usage_details>
         </usage_details>
      </memory_area>
      <memory_area>
         <name>EMIFCE3</name>
         <page_id>0x0</page_id>
         <origin>0xb0000000</origin>
         <length>0x10000000</length>
         <used_space>0x0</used_space>
         <unused_space>0x10000000</unused_space>
         <attributes>RWIX</attributes>
         <usage_details>
         </usage_details>
      </memory_area>
   </placement_map>
   <symbol_table>
      <symbol id="sm-0">
         <name>cinit</name>
         <value>0x2a60</value>
      </symbol>
      <symbol id="sm-1">
         <name>___cinit__</name>
         <value>0x2a60</value>
      </symbol>
      <symbol id="sm-2">
         <name>pinit</name>
         <value>0xffffffff</value>
      </symbol>
      <symbol id="sm-3">
         <name>___pinit__</name>
         <value>0xffffffff</value>
      </symbol>
      <symbol id="sm-4">
         <name>binit</name>
         <value>0xffffffff</value>
      </symbol>
      <symbol id="sm-5">
         <name>___binit__</name>
         <value>0xffffffff</value>
      </symbol>
      <symbol id="sm-6">
         <name>__STACK_SIZE</name>
         <value>0x800</value>
      </symbol>
      <symbol id="sm-7">
         <name>__STACK_END</name>
         <value>0x2a60</value>
      </symbol>
      <symbol id="sm-8">
         <name>___c_args__</name>
         <value>0xffffffff</value>
      </symbol>
      <symbol id="sm-9">
         <name>.text</name>
         <value>0x0</value>
      </symbol>
      <symbol id="sm-a">
         <name>___text__</name>
         <value>0x0</value>
      </symbol>
      <symbol id="sm-b">
         <name>etext</name>
         <value>0x2260</value>
      </symbol>
      <symbol id="sm-c">
         <name>___etext__</name>
         <value>0x2260</value>
      </symbol>
      <symbol id="sm-d">
         <name>.data</name>
         <value>0x0</value>
      </symbol>
      <symbol id="sm-e">
         <name>___data__</name>
         <value>0x0</value>
      </symbol>
      <symbol id="sm-f">
         <name>edata</name>
         <value>0x0</value>
      </symbol>
      <symbol id="sm-10">
         <name>___edata__</name>
         <value>0x0</value>
      </symbol>
      <symbol id="sm-11">
         <name>.bss</name>
         <value>0x2fb4</value>
      </symbol>
      <symbol id="sm-12">
         <name>___bss__</name>
         <value>0x2fb4</value>
      </symbol>
      <symbol id="sm-13">
         <name>end</name>
         <value>0x2fc8</value>
      </symbol>
      <symbol id="sm-14">
         <name>___end__</name>
         <value>0x2fc8</value>
      </symbol>
      <symbol id="sm-15">
         <name>___TI_pprof_out_hndl</name>
         <value>0xffffffff</value>
      </symbol>
      <symbol id="sm-16">
         <name>___TI_prof_data_start</name>
         <value>0xffffffff</value>
      </symbol>
      <symbol id="sm-17">
         <name>___TI_prof_data_size</name>
         <value>0xffffffff</value>
      </symbol>
      <symbol id="sm-18">
         <name>$bss</name>
         <value>0x2fb4</value>
      </symbol>
      <symbol id="sm-5a">
         <name>_vector10</name>
         <value>0x3140</value>
         <object_component_ref idref="oc-19"/>
      </symbol>
      <symbol id="sm-5b">
         <name>_vector11</name>
         <value>0x3160</value>
         <object_component_ref idref="oc-19"/>
      </symbol>
      <symbol id="sm-5c">
         <name>_vector12</name>
         <value>0x3180</value>
         <object_component_ref idref="oc-19"/>
      </symbol>
      <symbol id="sm-5d">
         <name>_vector13</name>
         <value>0x31a0</value>
         <object_component_ref idref="oc-19"/>
      </symbol>
      <symbol id="sm-5e">
         <name>_vector14</name>
         <value>0x31c0</value>
         <object_component_ref idref="oc-19"/>
      </symbol>
      <symbol id="sm-5f">
         <name>_vector15</name>
         <value>0x31e0</value>
         <object_component_ref idref="oc-19"/>
      </symbol>
      <symbol id="sm-60">
         <name>_vectors</name>
         <value>0x3000</value>
         <object_component_ref idref="oc-19"/>
      </symbol>
      <symbol id="sm-61">
         <name>_vector1</name>
         <value>0x3020</value>
         <object_component_ref idref="oc-19"/>
      </symbol>
      <symbol id="sm-62">
         <name>_vector3</name>
         <value>0x3060</value>
         <object_component_ref idref="oc-19"/>
      </symbol>
      <symbol id="sm-63">
         <name>_vector2</name>
         <value>0x3040</value>
         <object_component_ref idref="oc-19"/>
      </symbol>
      <symbol id="sm-64">
         <name>_vector5</name>
         <value>0x30a0</value>
         <object_component_ref idref="oc-19"/>
      </symbol>
      <symbol id="sm-65">
         <name>_vector4</name>
         <value>0x3080</value>
         <object_component_ref idref="oc-19"/>
      </symbol>
      <symbol id="sm-66">
         <name>_vector7</name>
         <value>0x30e0</value>
         <object_component_ref idref="oc-19"/>
      </symbol>
      <symbol id="sm-67">
         <name>_vector6</name>
         <value>0x30c0</value>
         <object_component_ref idref="oc-19"/>
      </symbol>
      <symbol id="sm-68">
         <name>_vector9</name>
         <value>0x3120</value>
         <object_component_ref idref="oc-19"/>
      </symbol>
      <symbol id="sm-69">
         <name>_vector8</name>
         <value>0x3100</value>
         <object_component_ref idref="oc-19"/>
      </symbol>
      <symbol id="sm-b4">
         <name>_comm_poll</name>
         <value>0xac</value>
         <object_component_ref idref="oc-71"/>
      </symbol>
      <symbol id="sm-b5">
         <name>_output_left_sample</name>
         <value>0x2ec</value>
         <object_component_ref idref="oc-71"/>
      </symbol>
      <symbol id="sm-b6">
         <name>_comm_intr</name>
         <value>0xd8</value>
         <object_component_ref idref="oc-71"/>
      </symbol>
      <symbol id="sm-b7">
         <name>_input_left_sample</name>
         <value>0x598</value>
         <object_component_ref idref="oc-71"/>
      </symbol>
      <symbol id="sm-b8">
         <name>_output_sample</name>
         <value>0x1dc</value>
         <object_component_ref idref="oc-71"/>
      </symbol>
      <symbol id="sm-b9">
         <name>_c6713_dsk_init</name>
         <value>0x0</value>
         <object_component_ref idref="oc-71"/>
      </symbol>
      <symbol id="sm-ba">
         <name>_config</name>
         <value>0x2e54</value>
         <object_component_ref idref="oc-20"/>
      </symbol>
      <symbol id="sm-bb">
         <name>_input_right_sample</name>
         <value>0x658</value>
         <object_component_ref idref="oc-71"/>
      </symbol>
      <symbol id="sm-bc">
         <name>_AIC_data</name>
         <value>0x2e30</value>
         <object_component_ref idref="oc-20"/>
      </symbol>
      <symbol id="sm-bd">
         <name>_hAIC23_handle</name>
         <value>0x2fbc</value>
         <object_component_ref idref="oc-1d"/>
      </symbol>
      <symbol id="sm-be">
         <name>_AIC23CfgData</name>
         <value>0x2e34</value>
         <object_component_ref idref="oc-20"/>
      </symbol>
      <symbol id="sm-bf">
         <name>_input_sample</name>
         <value>0x49c</value>
         <object_component_ref idref="oc-71"/>
      </symbol>
      <symbol id="sm-c0">
         <name>_output_right_sample</name>
         <value>0x3c4</value>
         <object_component_ref idref="oc-71"/>
      </symbol>
      <symbol id="sm-ec">
         <name>_main</name>
         <value>0xea0</value>
         <object_component_ref idref="oc-6e"/>
      </symbol>
      <symbol id="sm-ed">
         <name>_inputsource</name>
         <value>0x2fc0</value>
         <object_component_ref idref="oc-24"/>
      </symbol>
      <symbol id="sm-ee">
         <name>_fs</name>
         <value>0x2fc4</value>
         <object_component_ref idref="oc-24"/>
      </symbol>
      <symbol id="sm-ef">
         <name>_b</name>
         <value>0x2e9c</value>
         <object_component_ref idref="oc-27"/>
      </symbol>
      <symbol id="sm-f0">
         <name>_a</name>
         <value>0x2e7c</value>
         <object_component_ref idref="oc-27"/>
      </symbol>
      <symbol id="sm-fc">
         <name>_c_int00</name>
         <value>0x1fc0</value>
         <object_component_ref idref="oc-17"/>
      </symbol>
      <symbol id="sm-fd">
         <name>__stack</name>
         <value>0x2260</value>
         <object_component_ref idref="oc-2c"/>
      </symbol>
      <symbol id="sm-10d">
         <name>C$$EXIT</name>
         <value>0x2220</value>
         <object_component_ref idref="oc-6f"/>
      </symbol>
      <symbol id="sm-10e">
         <name>_exit</name>
         <value>0x1ba0</value>
         <object_component_ref idref="oc-67"/>
      </symbol>
      <symbol id="sm-10f">
         <name>___TI_enable_exit_profile_output</name>
         <value>0x2f44</value>
         <object_component_ref idref="oc-31"/>
      </symbol>
      <symbol id="sm-110">
         <name>_abort</name>
         <value>0x2220</value>
         <object_component_ref idref="oc-6f"/>
      </symbol>
      <symbol id="sm-111">
         <name>__cleanup_ptr</name>
         <value>0x2f3c</value>
         <object_component_ref idref="oc-31"/>
      </symbol>
      <symbol id="sm-112">
         <name>__dtors_ptr</name>
         <value>0x2f40</value>
         <object_component_ref idref="oc-31"/>
      </symbol>
      <symbol id="sm-11c">
         <name>__args_main</name>
         <value>0x20c0</value>
         <object_component_ref idref="oc-66"/>
      </symbol>
      <symbol id="sm-11d">
         <name>__TI_args_main</name>
         <value>0x1</value>
      </symbol>
      <symbol id="sm-127">
         <name>__auto_init</name>
         <value>0x18e0</value>
         <object_component_ref idref="oc-65"/>
      </symbol>
      <symbol id="sm-131">
         <name>___TI_cpp_init</name>
         <value>0x1f40</value>
         <object_component_ref idref="oc-6d"/>
      </symbol>
      <symbol id="sm-13b">
         <name>_copy_in</name>
         <value>0x1c80</value>
         <object_component_ref idref="oc-6b"/>
      </symbol>
      <symbol id="sm-145">
         <name>_memcpy</name>
         <value>0x1140</value>
         <object_component_ref idref="oc-6c"/>
      </symbol>
      <symbol id="sm-15d">
         <name>__IRQ_eventTable</name>
         <value>0x2d64</value>
         <object_component_ref idref="oc-45"/>
      </symbol>
      <symbol id="sm-15e">
         <name>_IRQ_nmiEnable</name>
         <value>0x2160</value>
         <object_component_ref idref="oc-78"/>
      </symbol>
      <symbol id="sm-15f">
         <name>_IRQ_reset</name>
         <value>0x2080</value>
         <object_component_ref idref="oc-76"/>
      </symbol>
      <symbol id="sm-160">
         <name>__IRQ_intTable</name>
         <value>0x2de8</value>
         <object_component_ref idref="oc-45"/>
      </symbol>
      <symbol id="sm-161">
         <name>_IRQ_globalEnable</name>
         <value>0x2140</value>
         <object_component_ref idref="oc-77"/>
      </symbol>
      <symbol id="sm-162">
         <name>_IRQ_globalDisable</name>
         <value>0x2120</value>
         <object_component_ref idref="oc-73"/>
      </symbol>
      <symbol id="sm-163">
         <name>_IRQ_map</name>
         <value>0x1380</value>
         <object_component_ref idref="oc-75"/>
      </symbol>
      <symbol id="sm-164">
         <name>_IRQ_enable</name>
         <value>0x2040</value>
         <object_component_ref idref="oc-79"/>
      </symbol>
      <symbol id="sm-165">
         <name>__IRQ_dispatchTable</name>
         <value>0x2e28</value>
         <object_component_ref idref="oc-45"/>
      </symbol>
      <symbol id="sm-166">
         <name>__IRQ_hookFetchPacket</name>
         <value>0x2240</value>
         <object_component_ref idref="oc-43"/>
      </symbol>
      <symbol id="sm-180">
         <name>_MCBSP_reset</name>
         <value>0x1520</value>
         <object_component_ref idref="oc-70"/>
      </symbol>
      <symbol id="sm-181">
         <name>_MCBSP_read</name>
         <value>0x21a0</value>
         <object_component_ref idref="oc-7d"/>
      </symbol>
      <symbol id="sm-182">
         <name>_MCBSP_getXmtEventId</name>
         <value>0x2180</value>
         <object_component_ref idref="oc-74"/>
      </symbol>
      <symbol id="sm-183">
         <name>_MCBSP_open</name>
         <value>0x19e0</value>
         <object_component_ref idref="oc-69"/>
      </symbol>
      <symbol id="sm-184">
         <name>__MCBSP_hDev0</name>
         <value>0x2eec</value>
         <object_component_ref idref="oc-48"/>
      </symbol>
      <symbol id="sm-185">
         <name>__MCBSP_hDev1</name>
         <value>0x2ef0</value>
         <object_component_ref idref="oc-48"/>
      </symbol>
      <symbol id="sm-186">
         <name>_MCBSP_start</name>
         <value>0x17e0</value>
         <object_component_ref idref="oc-6a"/>
      </symbol>
      <symbol id="sm-187">
         <name>_MCBSP_rrdy</name>
         <value>0x21c0</value>
         <object_component_ref idref="oc-7c"/>
      </symbol>
      <symbol id="sm-188">
         <name>_MCBSP_config</name>
         <value>0x1e00</value>
         <object_component_ref idref="oc-72"/>
      </symbol>
      <symbol id="sm-189">
         <name>_MCBSP_xrdy</name>
         <value>0x2200</value>
         <object_component_ref idref="oc-7a"/>
      </symbol>
      <symbol id="sm-18a">
         <name>_MCBSP_write</name>
         <value>0x21e0</value>
         <object_component_ref idref="oc-7b"/>
      </symbol>
      <symbol id="sm-198">
         <name>_DSK6713_init</name>
         <value>0x76c</value>
         <object_component_ref idref="oc-4a"/>
      </symbol>
      <symbol id="sm-199">
         <name>_DSK6713_version</name>
         <value>0x2f50</value>
         <object_component_ref idref="oc-4b"/>
      </symbol>
      <symbol id="sm-19a">
         <name>_DSK6713_rget</name>
         <value>0xa88</value>
         <object_component_ref idref="oc-4a"/>
      </symbol>
      <symbol id="sm-19b">
         <name>_DSK6713_wait</name>
         <value>0xab0</value>
         <object_component_ref idref="oc-4a"/>
      </symbol>
      <symbol id="sm-19c">
         <name>_DSK6713_rset</name>
         <value>0xa9c</value>
         <object_component_ref idref="oc-4a"/>
      </symbol>
      <symbol id="sm-19d">
         <name>_DSK6713_waitusec</name>
         <value>0xb08</value>
         <object_component_ref idref="oc-4a"/>
      </symbol>
      <symbol id="sm-19e">
         <name>_DSK6713_getVersion</name>
         <value>0xb34</value>
         <object_component_ref idref="oc-4a"/>
      </symbol>
      <symbol id="sm-1ac">
         <name>_DSK6713_AIC23_codeccontrolhandle</name>
         <value>0x2f48</value>
         <object_component_ref idref="oc-51"/>
      </symbol>
      <symbol id="sm-1ad">
         <name>_DSK6713_AIC23_codecdatahandle</name>
         <value>0x2f4c</value>
         <object_component_ref idref="oc-51"/>
      </symbol>
      <symbol id="sm-1ae">
         <name>_DSK6713_AIC23_openCodec</name>
         <value>0xba0</value>
         <object_component_ref idref="oc-50"/>
      </symbol>
      <symbol id="sm-1bc">
         <name>_DSK6713_AIC23_config</name>
         <value>0x1760</value>
         <object_component_ref idref="oc-56"/>
      </symbol>
      <symbol id="sm-1bd">
         <name>_DSK6713_AIC23_rget</name>
         <value>0x1738</value>
         <object_component_ref idref="oc-56"/>
      </symbol>
      <symbol id="sm-1be">
         <name>_DSK6713_AIC23_rset</name>
         <value>0x16a0</value>
         <object_component_ref idref="oc-56"/>
      </symbol>
      <symbol id="sm-1cc">
         <name>_DSK6713_AIC23_setFreq</name>
         <value>0x1d40</value>
         <object_component_ref idref="oc-5c"/>
      </symbol>
      <symbol id="sm-1d4">
         <name>__strasg</name>
         <value>0x1ac0</value>
         <object_component_ref idref="oc-68"/>
      </symbol>
   </symbol_table>
</link_info>
