<?xml version="1.0"?>
<link_info>
   <banner>TMS320C6x Linker PC v7.4.14</banner>
   <copyright>Copyright (c) 1996-2015 Texas Instruments Incorporated</copyright>
   <link_time>0x56cdf355</link_time>
   <output_file>lab4.out</output_file>
   <entry_point>
      <name>_c_int00</name>
      <address>0xeb40</address>
   </entry_point>
   <input_file_list>
      <input_file id="fl-2">
         <path>.\</path>
         <kind>object</kind>
         <file>Vectors_poll.obj</file>
         <name>Vectors_poll.obj</name>
      </input_file>
      <input_file id="fl-3">
         <path>.\</path>
         <kind>object</kind>
         <file>c6713dskinit.obj</file>
         <name>c6713dskinit.obj</name>
      </input_file>
      <input_file id="fl-4">
         <path>.\</path>
         <kind>object</kind>
         <file>main.obj</file>
         <name>main.obj</name>
      </input_file>
      <input_file id="fl-81">
         <path>C:\ti\ccsv6\tools\compiler\c6000_7.4.14\lib\</path>
         <kind>archive</kind>
         <file>rts6700.lib</file>
         <name>boot.obj</name>
      </input_file>
      <input_file id="fl-82">
         <path>C:\ti\ccsv6\tools\compiler\c6000_7.4.14\lib\</path>
         <kind>archive</kind>
         <file>rts6700.lib</file>
         <name>exit.obj</name>
      </input_file>
      <input_file id="fl-83">
         <path>C:\ti\ccsv6\tools\compiler\c6000_7.4.14\lib\</path>
         <kind>archive</kind>
         <file>rts6700.lib</file>
         <name>fscanf.obj</name>
      </input_file>
      <input_file id="fl-84">
         <path>C:\ti\ccsv6\tools\compiler\c6000_7.4.14\lib\</path>
         <kind>archive</kind>
         <file>rts6700.lib</file>
         <name>printf.obj</name>
      </input_file>
      <input_file id="fl-85">
         <path>C:\ti\ccsv6\tools\compiler\c6000_7.4.14\lib\</path>
         <kind>archive</kind>
         <file>rts6700.lib</file>
         <name>ungetc.obj</name>
      </input_file>
      <input_file id="fl-86">
         <path>C:\ti\ccsv6\tools\compiler\c6000_7.4.14\lib\</path>
         <kind>archive</kind>
         <file>rts6700.lib</file>
         <name>_lock.obj</name>
      </input_file>
      <input_file id="fl-87">
         <path>C:\ti\ccsv6\tools\compiler\c6000_7.4.14\lib\</path>
         <kind>archive</kind>
         <file>rts6700.lib</file>
         <name>_printfi.obj</name>
      </input_file>
      <input_file id="fl-88">
         <path>C:\ti\ccsv6\tools\compiler\c6000_7.4.14\lib\</path>
         <kind>archive</kind>
         <file>rts6700.lib</file>
         <name>_scanfi.obj</name>
      </input_file>
      <input_file id="fl-89">
         <path>C:\ti\ccsv6\tools\compiler\c6000_7.4.14\lib\</path>
         <kind>archive</kind>
         <file>rts6700.lib</file>
         <name>args_main.obj</name>
      </input_file>
      <input_file id="fl-8a">
         <path>C:\ti\ccsv6\tools\compiler\c6000_7.4.14\lib\</path>
         <kind>archive</kind>
         <file>rts6700.lib</file>
         <name>atoi.obj</name>
      </input_file>
      <input_file id="fl-8b">
         <path>C:\ti\ccsv6\tools\compiler\c6000_7.4.14\lib\</path>
         <kind>archive</kind>
         <file>rts6700.lib</file>
         <name>autoinit.obj</name>
      </input_file>
      <input_file id="fl-8c">
         <path>C:\ti\ccsv6\tools\compiler\c6000_7.4.14\lib\</path>
         <kind>archive</kind>
         <file>rts6700.lib</file>
         <name>cpp_init.obj</name>
      </input_file>
      <input_file id="fl-8d">
         <path>C:\ti\ccsv6\tools\compiler\c6000_7.4.14\lib\</path>
         <kind>archive</kind>
         <file>rts6700.lib</file>
         <name>cpy_tbl.obj</name>
      </input_file>
      <input_file id="fl-8e">
         <path>C:\ti\ccsv6\tools\compiler\c6000_7.4.14\lib\</path>
         <kind>archive</kind>
         <file>rts6700.lib</file>
         <name>ctype.obj</name>
      </input_file>
      <input_file id="fl-8f">
         <path>C:\ti\ccsv6\tools\compiler\c6000_7.4.14\lib\</path>
         <kind>archive</kind>
         <file>rts6700.lib</file>
         <name>defs.obj</name>
      </input_file>
      <input_file id="fl-90">
         <path>C:\ti\ccsv6\tools\compiler\c6000_7.4.14\lib\</path>
         <kind>archive</kind>
         <file>rts6700.lib</file>
         <name>divd.obj</name>
      </input_file>
      <input_file id="fl-91">
         <path>C:\ti\ccsv6\tools\compiler\c6000_7.4.14\lib\</path>
         <kind>archive</kind>
         <file>rts6700.lib</file>
         <name>divu.obj</name>
      </input_file>
      <input_file id="fl-92">
         <path>C:\ti\ccsv6\tools\compiler\c6000_7.4.14\lib\</path>
         <kind>archive</kind>
         <file>rts6700.lib</file>
         <name>fgetc.obj</name>
      </input_file>
      <input_file id="fl-93">
         <path>C:\ti\ccsv6\tools\compiler\c6000_7.4.14\lib\</path>
         <kind>archive</kind>
         <file>rts6700.lib</file>
         <name>fixdli.obj</name>
      </input_file>
      <input_file id="fl-94">
         <path>C:\ti\ccsv6\tools\compiler\c6000_7.4.14\lib\</path>
         <kind>archive</kind>
         <file>rts6700.lib</file>
         <name>fltlid.obj</name>
      </input_file>
      <input_file id="fl-95">
         <path>C:\ti\ccsv6\tools\compiler\c6000_7.4.14\lib\</path>
         <kind>archive</kind>
         <file>rts6700.lib</file>
         <name>fputc.obj</name>
      </input_file>
      <input_file id="fl-96">
         <path>C:\ti\ccsv6\tools\compiler\c6000_7.4.14\lib\</path>
         <kind>archive</kind>
         <file>rts6700.lib</file>
         <name>fputs.obj</name>
      </input_file>
      <input_file id="fl-97">
         <path>C:\ti\ccsv6\tools\compiler\c6000_7.4.14\lib\</path>
         <kind>archive</kind>
         <file>rts6700.lib</file>
         <name>frcmpyd_div.obj</name>
      </input_file>
      <input_file id="fl-98">
         <path>C:\ti\ccsv6\tools\compiler\c6000_7.4.14\lib\</path>
         <kind>archive</kind>
         <file>rts6700.lib</file>
         <name>imath40.obj</name>
      </input_file>
      <input_file id="fl-99">
         <path>C:\ti\ccsv6\tools\compiler\c6000_7.4.14\lib\</path>
         <kind>archive</kind>
         <file>rts6700.lib</file>
         <name>imath64.obj</name>
      </input_file>
      <input_file id="fl-9a">
         <path>C:\ti\ccsv6\tools\compiler\c6000_7.4.14\lib\</path>
         <kind>archive</kind>
         <file>rts6700.lib</file>
         <name>isinf.obj</name>
      </input_file>
      <input_file id="fl-9b">
         <path>C:\ti\ccsv6\tools\compiler\c6000_7.4.14\lib\</path>
         <kind>archive</kind>
         <file>rts6700.lib</file>
         <name>llshift.obj</name>
      </input_file>
      <input_file id="fl-9c">
         <path>C:\ti\ccsv6\tools\compiler\c6000_7.4.14\lib\</path>
         <kind>archive</kind>
         <file>rts6700.lib</file>
         <name>lowlev.obj</name>
      </input_file>
      <input_file id="fl-9d">
         <path>C:\ti\ccsv6\tools\compiler\c6000_7.4.14\lib\</path>
         <kind>archive</kind>
         <file>rts6700.lib</file>
         <name>ltoa.obj</name>
      </input_file>
      <input_file id="fl-9e">
         <path>C:\ti\ccsv6\tools\compiler\c6000_7.4.14\lib\</path>
         <kind>archive</kind>
         <file>rts6700.lib</file>
         <name>memccpy.obj</name>
      </input_file>
      <input_file id="fl-9f">
         <path>C:\ti\ccsv6\tools\compiler\c6000_7.4.14\lib\</path>
         <kind>archive</kind>
         <file>rts6700.lib</file>
         <name>memcpy62.obj</name>
      </input_file>
      <input_file id="fl-a0">
         <path>C:\ti\ccsv6\tools\compiler\c6000_7.4.14\lib\</path>
         <kind>archive</kind>
         <file>rts6700.lib</file>
         <name>memset.obj</name>
      </input_file>
      <input_file id="fl-a1">
         <path>C:\ti\ccsv6\tools\compiler\c6000_7.4.14\lib\</path>
         <kind>archive</kind>
         <file>rts6700.lib</file>
         <name>mpyll.obj</name>
      </input_file>
      <input_file id="fl-a2">
         <path>C:\ti\ccsv6\tools\compiler\c6000_7.4.14\lib\</path>
         <kind>archive</kind>
         <file>rts6700.lib</file>
         <name>negll.obj</name>
      </input_file>
      <input_file id="fl-a3">
         <path>C:\ti\ccsv6\tools\compiler\c6000_7.4.14\lib\</path>
         <kind>archive</kind>
         <file>rts6700.lib</file>
         <name>setvbuf.obj</name>
      </input_file>
      <input_file id="fl-a4">
         <path>C:\ti\ccsv6\tools\compiler\c6000_7.4.14\lib\</path>
         <kind>archive</kind>
         <file>rts6700.lib</file>
         <name>strtod.obj</name>
      </input_file>
      <input_file id="fl-a5">
         <path>C:\ti\ccsv6\tools\compiler\c6000_7.4.14\lib\</path>
         <kind>archive</kind>
         <file>rts6700.lib</file>
         <name>strtol.obj</name>
      </input_file>
      <input_file id="fl-a6">
         <path>C:\ti\ccsv6\tools\compiler\c6000_7.4.14\lib\</path>
         <kind>archive</kind>
         <file>rts6700.lib</file>
         <name>strtold.obj</name>
      </input_file>
      <input_file id="fl-a7">
         <path>C:\ti\ccsv6\tools\compiler\c6000_7.4.14\lib\</path>
         <kind>archive</kind>
         <file>rts6700.lib</file>
         <name>strtoll.obj</name>
      </input_file>
      <input_file id="fl-a8">
         <path>C:\ti\ccsv6\tools\compiler\c6000_7.4.14\lib\</path>
         <kind>archive</kind>
         <file>rts6700.lib</file>
         <name>strtoul.obj</name>
      </input_file>
      <input_file id="fl-a9">
         <path>C:\ti\ccsv6\tools\compiler\c6000_7.4.14\lib\</path>
         <kind>archive</kind>
         <file>rts6700.lib</file>
         <name>strtoull.obj</name>
      </input_file>
      <input_file id="fl-aa">
         <path>C:\ti\ccsv6\tools\compiler\c6000_7.4.14\lib\</path>
         <kind>archive</kind>
         <file>rts6700.lib</file>
         <name>trgdrv.obj</name>
      </input_file>
      <input_file id="fl-ab">
         <path>C:\ti\ccsv6\tools\compiler\c6000_7.4.14\lib\</path>
         <kind>archive</kind>
         <file>rts6700.lib</file>
         <name>trgmsg.obj</name>
      </input_file>
      <input_file id="fl-ac">
         <path>C:\ti\ccsv6\tools\compiler\c6000_7.4.14\lib\</path>
         <kind>archive</kind>
         <file>rts6700.lib</file>
         <name>_bufread.obj</name>
      </input_file>
      <input_file id="fl-ad">
         <path>C:\ti\ccsv6\tools\compiler\c6000_7.4.14\lib\</path>
         <kind>archive</kind>
         <file>rts6700.lib</file>
         <name>_io_perm.obj</name>
      </input_file>
      <input_file id="fl-ae">
         <path>C:\ti\ccsv6\tools\compiler\c6000_7.4.14\lib\</path>
         <kind>archive</kind>
         <file>rts6700.lib</file>
         <name>abs.obj</name>
      </input_file>
      <input_file id="fl-af">
         <path>C:\ti\ccsv6\tools\compiler\c6000_7.4.14\lib\</path>
         <kind>archive</kind>
         <file>rts6700.lib</file>
         <name>divi.obj</name>
      </input_file>
      <input_file id="fl-b0">
         <path>C:\ti\ccsv6\tools\compiler\c6000_7.4.14\lib\</path>
         <kind>archive</kind>
         <file>rts6700.lib</file>
         <name>errno.obj</name>
      </input_file>
      <input_file id="fl-b1">
         <path>C:\ti\ccsv6\tools\compiler\c6000_7.4.14\lib\</path>
         <kind>archive</kind>
         <file>rts6700.lib</file>
         <name>fflush.obj</name>
      </input_file>
      <input_file id="fl-b2">
         <path>C:\ti\ccsv6\tools\compiler\c6000_7.4.14\lib\</path>
         <kind>archive</kind>
         <file>rts6700.lib</file>
         <name>fopen.obj</name>
      </input_file>
      <input_file id="fl-b3">
         <path>C:\ti\ccsv6\tools\compiler\c6000_7.4.14\lib\</path>
         <kind>archive</kind>
         <file>rts6700.lib</file>
         <name>fseek.obj</name>
      </input_file>
      <input_file id="fl-b4">
         <path>C:\ti\ccsv6\tools\compiler\c6000_7.4.14\lib\</path>
         <kind>archive</kind>
         <file>rts6700.lib</file>
         <name>memory.obj</name>
      </input_file>
      <input_file id="fl-b5">
         <path>C:\ti\ccsv6\tools\compiler\c6000_7.4.14\lib\</path>
         <kind>archive</kind>
         <file>rts6700.lib</file>
         <name>fclose.obj</name>
      </input_file>
      <input_file id="fl-b6">
         <path>C:\ti\ccsv6\tools\compiler\c6000_7.4.14\lib\</path>
         <kind>archive</kind>
         <file>rts6700.lib</file>
         <name>remove.obj</name>
      </input_file>
      <input_file id="fl-b7">
         <path>C:\dsk6713\c6000\dsk6713\lib\</path>
         <kind>archive</kind>
         <file>dsk6713bsl.lib</file>
         <name>dsk6713.obj</name>
      </input_file>
      <input_file id="fl-b8">
         <path>C:\dsk6713\c6000\dsk6713\lib\</path>
         <kind>archive</kind>
         <file>dsk6713bsl.lib</file>
         <name>dsk6713_aic23_opencodec.obj</name>
      </input_file>
      <input_file id="fl-b9">
         <path>C:\dsk6713\c6000\dsk6713\lib\</path>
         <kind>archive</kind>
         <file>dsk6713bsl.lib</file>
         <name>dsk6713_aic23_registers.obj</name>
      </input_file>
      <input_file id="fl-ba">
         <path>C:\dsk6713\c6000\dsk6713\lib\</path>
         <kind>archive</kind>
         <file>dsk6713bsl.lib</file>
         <name>dsk6713_aic23_setfreq.obj</name>
      </input_file>
      <input_file id="fl-bb">
         <path>C:\dsk6713\c6000\bios\lib\</path>
         <kind>archive</kind>
         <file>csl6713.lib</file>
         <name>csl_irq.obj</name>
      </input_file>
      <input_file id="fl-bc">
         <path>C:\dsk6713\c6000\bios\lib\</path>
         <kind>archive</kind>
         <file>csl6713.lib</file>
         <name>csl_mcbsp.obj</name>
      </input_file>
      <input_file id="fl-bd">
         <path>C:\ti\ccsv6\tools\compiler\c6000_7.4.14\lib\</path>
         <kind>archive</kind>
         <file>rts6700.lib</file>
         <name>strasg.obj</name>
      </input_file>
   </input_file_list>
   <object_component_list>
      <object_component id="oc-10">
         <name>.vectors</name>
         <load_address>0x0</load_address>
         <run_address>0x0</run_address>
         <size>0x200</size>
         <input_file_ref idref="fl-2"/>
      </object_component>
      <object_component id="oc-122">
         <name>.text:__scanfi</name>
         <load_address>0x220</load_address>
         <run_address>0x220</run_address>
         <size>0xbc0</size>
         <input_file_ref idref="fl-88"/>
      </object_component>
      <object_component id="oc-133">
         <name>.text:__sset_arg</name>
         <load_address>0xde0</load_address>
         <run_address>0xde0</run_address>
         <size>0x7c0</size>
         <input_file_ref idref="fl-88"/>
      </object_component>
      <object_component id="oc-15b">
         <name>.text:__divd</name>
         <load_address>0x15a0</load_address>
         <run_address>0x15a0</run_address>
         <size>0x720</size>
         <input_file_ref idref="fl-90"/>
      </object_component>
      <object_component id="oc-10e">
         <name>.text</name>
         <load_address>0x1cc0</load_address>
         <run_address>0x1cc0</run_address>
         <size>0x720</size>
         <input_file_ref idref="fl-3"/>
      </object_component>
      <object_component id="oc-14f">
         <name>.text:__getarg_diouxp</name>
         <load_address>0x23e0</load_address>
         <run_address>0x23e0</run_address>
         <size>0x6c0</size>
         <input_file_ref idref="fl-87"/>
      </object_component>
      <object_component id="oc-127">
         <name>.text:__setfield</name>
         <load_address>0x2aa0</load_address>
         <run_address>0x2aa0</run_address>
         <size>0x640</size>
         <input_file_ref idref="fl-87"/>
      </object_component>
      <object_component id="oc-145">
         <name>.text:_strtod</name>
         <load_address>0x30e0</load_address>
         <run_address>0x30e0</run_address>
         <size>0x5e0</size>
         <input_file_ref idref="fl-a4"/>
      </object_component>
      <object_component id="oc-146">
         <name>.text:_strtold</name>
         <load_address>0x36c0</load_address>
         <run_address>0x36c0</run_address>
         <size>0x5e0</size>
         <input_file_ref idref="fl-a6"/>
      </object_component>
      <object_component id="oc-148">
         <name>.text:_strtoll</name>
         <load_address>0x3ca0</load_address>
         <run_address>0x3ca0</run_address>
         <size>0x5e0</size>
         <input_file_ref idref="fl-a7"/>
      </object_component>
      <object_component id="oc-130">
         <name>.text:__sproc_int</name>
         <load_address>0x4280</load_address>
         <run_address>0x4280</run_address>
         <size>0x5a0</size>
         <input_file_ref idref="fl-88"/>
      </object_component>
      <object_component id="oc-147">
         <name>.text:_strtol</name>
         <load_address>0x4820</load_address>
         <run_address>0x4820</run_address>
         <size>0x580</size>
         <input_file_ref idref="fl-a5"/>
      </object_component>
      <object_component id="oc-112">
         <name>.text:__printfi</name>
         <load_address>0x4da0</load_address>
         <run_address>0x4da0</run_address>
         <size>0x560</size>
         <input_file_ref idref="fl-87"/>
      </object_component>
      <object_component id="oc-143">
         <name>.text:_strtoul</name>
         <load_address>0x5300</load_address>
         <run_address>0x5300</run_address>
         <size>0x520</size>
         <input_file_ref idref="fl-a8"/>
      </object_component>
      <object_component id="oc-123">
         <name>.text:_fputs</name>
         <load_address>0x5820</load_address>
         <run_address>0x5820</run_address>
         <size>0x4c0</size>
         <input_file_ref idref="fl-96"/>
      </object_component>
      <object_component id="oc-144">
         <name>.text:_strtoull</name>
         <load_address>0x5ce0</load_address>
         <run_address>0x5ce0</run_address>
         <size>0x4a0</size>
         <input_file_ref idref="fl-a9"/>
      </object_component>
      <object_component id="oc-d5">
         <name>.text</name>
         <load_address>0x6180</load_address>
         <run_address>0x6180</run_address>
         <size>0x480</size>
         <input_file_ref idref="fl-b7"/>
      </object_component>
      <object_component id="oc-164">
         <name>.text:_fcvt</name>
         <load_address>0x6600</load_address>
         <run_address>0x6600</run_address>
         <size>0x420</size>
         <input_file_ref idref="fl-87"/>
      </object_component>
      <object_component id="oc-138">
         <name>.text:__pproc_fge</name>
         <load_address>0x6a20</load_address>
         <run_address>0x6a20</run_address>
         <size>0x400</size>
         <input_file_ref idref="fl-87"/>
      </object_component>
      <object_component id="oc-161">
         <name>.text:_ecvt</name>
         <load_address>0x6e20</load_address>
         <run_address>0x6e20</run_address>
         <size>0x400</size>
         <input_file_ref idref="fl-87"/>
      </object_component>
      <object_component id="oc-12e">
         <name>.text:__sget_conv</name>
         <load_address>0x7220</load_address>
         <run_address>0x7220</run_address>
         <size>0x3a0</size>
         <input_file_ref idref="fl-88"/>
      </object_component>
      <object_component id="oc-157">
         <name>.text:__divull</name>
         <load_address>0x75c0</load_address>
         <run_address>0x75c0</run_address>
         <size>0x380</size>
         <input_file_ref idref="fl-99"/>
      </object_component>
      <object_component id="oc-12f">
         <name>.text:__sproc_float</name>
         <load_address>0x7940</load_address>
         <run_address>0x7940</run_address>
         <size>0x380</size>
         <input_file_ref idref="fl-88"/>
      </object_component>
      <object_component id="oc-152">
         <name>.text:_free</name>
         <load_address>0x7cc0</load_address>
         <run_address>0x7cc0</run_address>
         <size>0x380</size>
         <input_file_ref idref="fl-b4"/>
      </object_component>
      <object_component id="oc-14e">
         <name>.text:__pconv_e</name>
         <load_address>0x8040</load_address>
         <run_address>0x8040</run_address>
         <size>0x360</size>
         <input_file_ref idref="fl-87"/>
      </object_component>
      <object_component id="oc-126">
         <name>.text:__pproc_fwp</name>
         <load_address>0x83a0</load_address>
         <run_address>0x83a0</run_address>
         <size>0x360</size>
         <input_file_ref idref="fl-87"/>
      </object_component>
      <object_component id="oc-108">
         <name>.text</name>
         <load_address>0x8700</load_address>
         <run_address>0x8700</run_address>
         <size>0x360</size>
         <input_file_ref idref="fl-4"/>
      </object_component>
      <object_component id="oc-139">
         <name>.text:__pproc_diouxp</name>
         <load_address>0x8a60</load_address>
         <run_address>0x8a60</run_address>
         <size>0x300</size>
         <input_file_ref idref="fl-87"/>
      </object_component>
      <object_component id="oc-db">
         <name>.text</name>
         <load_address>0x8d60</load_address>
         <run_address>0x8d60</run_address>
         <size>0x300</size>
         <input_file_ref idref="fl-b8"/>
      </object_component>
      <object_component id="oc-128">
         <name>.text:__pproc_str</name>
         <load_address>0x9060</load_address>
         <run_address>0x9060</run_address>
         <size>0x2c0</size>
         <input_file_ref idref="fl-87"/>
      </object_component>
      <object_component id="oc-13b">
         <name>.text:_setvbuf</name>
         <load_address>0x9320</load_address>
         <run_address>0x9320</run_address>
         <size>0x2c0</size>
         <input_file_ref idref="fl-a3"/>
      </object_component>
      <object_component id="oc-14c">
         <name>.text:__pconv_g</name>
         <load_address>0x95e0</load_address>
         <run_address>0x95e0</run_address>
         <size>0x2a0</size>
         <input_file_ref idref="fl-87"/>
      </object_component>
      <object_component id="oc-124">
         <name>.text:_fputc</name>
         <load_address>0x9880</load_address>
         <run_address>0x9880</run_address>
         <size>0x2a0</size>
         <input_file_ref idref="fl-95"/>
      </object_component>
      <object_component id="oc-155">
         <name>.text:__divul</name>
         <load_address>0x9b20</load_address>
         <run_address>0x9b20</run_address>
         <size>0x260</size>
         <input_file_ref idref="fl-98"/>
      </object_component>
      <object_component id="oc-163">
         <name>.text:__mcpy</name>
         <load_address>0x9d80</load_address>
         <run_address>0x9d80</run_address>
         <size>0x240</size>
         <input_file_ref idref="fl-87"/>
      </object_component>
      <object_component id="oc-153">
         <name>.text:_malloc</name>
         <load_address>0x9fc0</load_address>
         <run_address>0x9fc0</run_address>
         <size>0x240</size>
         <input_file_ref idref="fl-b4"/>
      </object_component>
      <object_component id="oc-106">
         <name>.text:_memcpy</name>
         <load_address>0xa200</load_address>
         <run_address>0xa200</run_address>
         <size>0x240</size>
         <input_file_ref idref="fl-9f"/>
      </object_component>
      <object_component id="oc-101">
         <name>.text:_HOSTrename</name>
         <load_address>0xa440</load_address>
         <run_address>0xa440</run_address>
         <size>0x220</size>
         <input_file_ref idref="fl-aa"/>
      </object_component>
      <object_component id="oc-131">
         <name>.text:__sproc_str</name>
         <load_address>0xa660</load_address>
         <run_address>0xa660</run_address>
         <size>0x220</size>
         <input_file_ref idref="fl-88"/>
      </object_component>
      <object_component id="oc-120">
         <name>.text:__chkmbc</name>
         <load_address>0xa880</load_address>
         <run_address>0xa880</run_address>
         <size>0x200</size>
         <input_file_ref idref="fl-83"/>
      </object_component>
      <object_component id="oc-132">
         <name>.text:__sproc_lb</name>
         <load_address>0xaa80</load_address>
         <run_address>0xaa80</run_address>
         <size>0x1e0</size>
         <input_file_ref idref="fl-88"/>
      </object_component>
      <object_component id="oc-177">
         <name>.text:_getdevice</name>
         <load_address>0xac60</load_address>
         <run_address>0xac60</run_address>
         <size>0x1e0</size>
         <input_file_ref idref="fl-9c"/>
      </object_component>
      <object_component id="oc-149">
         <name>.text:_fseek</name>
         <load_address>0xae40</load_address>
         <run_address>0xae40</run_address>
         <size>0x1c0</size>
         <input_file_ref idref="fl-b3"/>
      </object_component>
      <object_component id="oc-116">
         <name>.text:_IRQ_map</name>
         <load_address>0xb000</load_address>
         <run_address>0xb000</run_address>
         <size>0x1a0</size>
         <input_file_ref idref="fl-bb"/>
      </object_component>
      <object_component id="oc-151">
         <name>.text:__ltostr</name>
         <load_address>0xb1a0</load_address>
         <run_address>0xb1a0</run_address>
         <size>0x1a0</size>
         <input_file_ref idref="fl-87"/>
      </object_component>
      <object_component id="oc-125">
         <name>.text:__pproc_fflags</name>
         <load_address>0xb340</load_address>
         <run_address>0xb340</run_address>
         <size>0x1a0</size>
         <input_file_ref idref="fl-87"/>
      </object_component>
      <object_component id="oc-10c">
         <name>.text:_MCBSP_reset</name>
         <load_address>0xb4e0</load_address>
         <run_address>0xb4e0</run_address>
         <size>0x180</size>
         <input_file_ref idref="fl-bc"/>
      </object_component>
      <object_component id="oc-12c">
         <name>.text:_fgetc</name>
         <load_address>0xb660</load_address>
         <run_address>0xb660</run_address>
         <size>0x180</size>
         <input_file_ref idref="fl-92"/>
      </object_component>
      <object_component id="oc-ff">
         <name>.text:_HOSTlseek</name>
         <load_address>0xb7e0</load_address>
         <run_address>0xb7e0</run_address>
         <size>0x160</size>
         <input_file_ref idref="fl-aa"/>
      </object_component>
      <object_component id="oc-13d">
         <name>.text:__buff_read</name>
         <load_address>0xb940</load_address>
         <run_address>0xb940</run_address>
         <size>0x160</size>
         <input_file_ref idref="fl-ac"/>
      </object_component>
      <object_component id="oc-169">
         <name>.text:__closefile</name>
         <load_address>0xbaa0</load_address>
         <run_address>0xbaa0</run_address>
         <size>0x160</size>
         <input_file_ref idref="fl-b5"/>
      </object_component>
      <object_component id="oc-13f">
         <name>.text:__sget_scanset</name>
         <load_address>0xbc00</load_address>
         <run_address>0xbc00</run_address>
         <size>0x160</size>
         <input_file_ref idref="fl-88"/>
      </object_component>
      <object_component id="oc-12a">
         <name>.text:_ungetc</name>
         <load_address>0xbd60</load_address>
         <run_address>0xbd60</run_address>
         <size>0x160</size>
         <input_file_ref idref="fl-85"/>
      </object_component>
      <object_component id="oc-fd">
         <name>.text:_HOSTread</name>
         <load_address>0xbec0</load_address>
         <run_address>0xbec0</run_address>
         <size>0x140</size>
         <input_file_ref idref="fl-aa"/>
      </object_component>
      <object_component id="oc-16d">
         <name>.text:__frcmpyd_div</name>
         <load_address>0xc000</load_address>
         <run_address>0xc000</run_address>
         <size>0x140</size>
         <input_file_ref idref="fl-97"/>
      </object_component>
      <object_component id="oc-137">
         <name>.text:_atoi</name>
         <load_address>0xc140</load_address>
         <run_address>0xc140</run_address>
         <size>0x140</size>
         <input_file_ref idref="fl-8a"/>
      </object_component>
      <object_component id="oc-16f">
         <name>.text:_ltoa</name>
         <load_address>0xc280</load_address>
         <run_address>0xc280</run_address>
         <size>0x140</size>
         <input_file_ref idref="fl-9d"/>
      </object_component>
      <object_component id="oc-e1">
         <name>.text</name>
         <load_address>0xc3c0</load_address>
         <run_address>0xc3c0</run_address>
         <size>0x140</size>
         <input_file_ref idref="fl-b9"/>
      </object_component>
      <object_component id="oc-fb">
         <name>.text:_HOSTopen</name>
         <load_address>0xc500</load_address>
         <run_address>0xc500</run_address>
         <size>0x120</size>
         <input_file_ref idref="fl-aa"/>
      </object_component>
      <object_component id="oc-fe">
         <name>.text:_HOSTwrite</name>
         <load_address>0xc620</load_address>
         <run_address>0xc620</run_address>
         <size>0x120</size>
         <input_file_ref idref="fl-aa"/>
      </object_component>
      <object_component id="oc-159">
         <name>.text:__divi</name>
         <load_address>0xc740</load_address>
         <run_address>0xc740</run_address>
         <size>0x120</size>
         <input_file_ref idref="fl-af"/>
      </object_component>
      <object_component id="oc-134">
         <name>.text:__wrt_ok</name>
         <load_address>0xc860</load_address>
         <run_address>0xc860</run_address>
         <size>0x120</size>
         <input_file_ref idref="fl-ad"/>
      </object_component>
      <object_component id="oc-172">
         <name>.text:_close</name>
         <load_address>0xc980</load_address>
         <run_address>0xc980</run_address>
         <size>0x120</size>
         <input_file_ref idref="fl-9c"/>
      </object_component>
      <object_component id="oc-12d">
         <name>.text:_memset</name>
         <load_address>0xcaa0</load_address>
         <run_address>0xcaa0</run_address>
         <size>0x120</size>
         <input_file_ref idref="fl-a0"/>
      </object_component>
      <object_component id="oc-fc">
         <name>.text:_HOSTclose</name>
         <load_address>0xcbc0</load_address>
         <run_address>0xcbc0</run_address>
         <size>0x100</size>
         <input_file_ref idref="fl-aa"/>
      </object_component>
      <object_component id="oc-100">
         <name>.text:_HOSTunlink</name>
         <load_address>0xccc0</load_address>
         <run_address>0xccc0</run_address>
         <size>0x100</size>
         <input_file_ref idref="fl-aa"/>
      </object_component>
      <object_component id="oc-104">
         <name>.text:_MCBSP_start</name>
         <load_address>0xcdc0</load_address>
         <run_address>0xcdc0</run_address>
         <size>0x100</size>
         <input_file_ref idref="fl-bc"/>
      </object_component>
      <object_component id="oc-f7">
         <name>.text:__auto_init</name>
         <load_address>0xcec0</load_address>
         <run_address>0xcec0</run_address>
         <size>0x100</size>
         <input_file_ref idref="fl-8b"/>
      </object_component>
      <object_component id="oc-166">
         <name>.text:__div</name>
         <load_address>0xcfc0</load_address>
         <run_address>0xcfc0</run_address>
         <size>0x100</size>
         <input_file_ref idref="fl-87"/>
      </object_component>
      <object_component id="oc-175">
         <name>.text:__divli</name>
         <load_address>0xd0c0</load_address>
         <run_address>0xd0c0</run_address>
         <size>0x100</size>
         <input_file_ref idref="fl-98"/>
      </object_component>
      <object_component id="oc-14d">
         <name>.text:__pconv_f</name>
         <load_address>0xd1c0</load_address>
         <run_address>0xd1c0</run_address>
         <size>0x100</size>
         <input_file_ref idref="fl-87"/>
      </object_component>
      <object_component id="oc-160">
         <name>.text:_lseek</name>
         <load_address>0xd2c0</load_address>
         <run_address>0xd2c0</run_address>
         <size>0x100</size>
         <input_file_ref idref="fl-9c"/>
      </object_component>
      <object_component id="oc-10d">
         <name>.text:_printf</name>
         <load_address>0xd3c0</load_address>
         <run_address>0xd3c0</run_address>
         <size>0x100</size>
         <input_file_ref idref="fl-84"/>
      </object_component>
      <object_component id="oc-13e">
         <name>.text:_read</name>
         <load_address>0xd4c0</load_address>
         <run_address>0xd4c0</run_address>
         <size>0x100</size>
         <input_file_ref idref="fl-9c"/>
      </object_component>
      <object_component id="oc-10f">
         <name>.text:_scanf</name>
         <load_address>0xd5c0</load_address>
         <run_address>0xd5c0</run_address>
         <size>0x100</size>
         <input_file_ref idref="fl-83"/>
      </object_component>
      <object_component id="oc-136">
         <name>.text:_write</name>
         <load_address>0xd6c0</load_address>
         <run_address>0xd6c0</run_address>
         <size>0x100</size>
         <input_file_ref idref="fl-9c"/>
      </object_component>
      <object_component id="oc-103">
         <name>.text:_MCBSP_open</name>
         <load_address>0xd7c0</load_address>
         <run_address>0xd7c0</run_address>
         <size>0xe0</size>
         <input_file_ref idref="fl-bc"/>
      </object_component>
      <object_component id="oc-154">
         <name>.text:__cleanup</name>
         <load_address>0xd8a0</load_address>
         <run_address>0xd8a0</run_address>
         <size>0xe0</size>
         <input_file_ref idref="fl-b2"/>
      </object_component>
      <object_component id="oc-135">
         <name>.text:__doflush</name>
         <load_address>0xd980</load_address>
         <run_address>0xd980</run_address>
         <size>0xe0</size>
         <input_file_ref idref="fl-b1"/>
      </object_component>
      <object_component id="oc-162">
         <name>.text:__ecpy</name>
         <load_address>0xda60</load_address>
         <run_address>0xda60</run_address>
         <size>0xe0</size>
         <input_file_ref idref="fl-87"/>
      </object_component>
      <object_component id="oc-165">
         <name>.text:__fcpy</name>
         <load_address>0xdb40</load_address>
         <run_address>0xdb40</run_address>
         <size>0xe0</size>
         <input_file_ref idref="fl-87"/>
      </object_component>
      <object_component id="oc-13c">
         <name>.text:__rd_ok</name>
         <load_address>0xdc20</load_address>
         <run_address>0xdc20</run_address>
         <size>0xe0</size>
         <input_file_ref idref="fl-ad"/>
      </object_component>
      <object_component id="oc-102">
         <name>.text:__strasg</name>
         <load_address>0xdd00</load_address>
         <run_address>0xdd00</run_address>
         <size>0xe0</size>
         <input_file_ref idref="fl-bd"/>
      </object_component>
      <object_component id="oc-f9">
         <name>.text:_exit</name>
         <load_address>0xdde0</load_address>
         <run_address>0xdde0</run_address>
         <size>0xe0</size>
         <input_file_ref idref="fl-82"/>
      </object_component>
      <object_component id="oc-168">
         <name>.text:_minsert</name>
         <load_address>0xdec0</load_address>
         <run_address>0xdec0</run_address>
         <size>0xe0</size>
         <input_file_ref idref="fl-b4"/>
      </object_component>
      <object_component id="oc-167">
         <name>.text:_mremove</name>
         <load_address>0xdfa0</load_address>
         <run_address>0xdfa0</run_address>
         <size>0xe0</size>
         <input_file_ref idref="fl-b4"/>
      </object_component>
      <object_component id="oc-171">
         <name>.text:__divu</name>
         <load_address>0xe080</load_address>
         <run_address>0xe080</run_address>
         <size>0xc0</size>
         <input_file_ref idref="fl-91"/>
      </object_component>
      <object_component id="oc-105">
         <name>.text:_copy_in</name>
         <load_address>0xe140</load_address>
         <run_address>0xe140</run_address>
         <size>0xc0</size>
         <input_file_ref idref="fl-8d"/>
      </object_component>
      <object_component id="oc-178">
         <name>.text:_finddevice</name>
         <load_address>0xe200</load_address>
         <run_address>0xe200</run_address>
         <size>0xc0</size>
         <input_file_ref idref="fl-9c"/>
      </object_component>
      <object_component id="oc-e7">
         <name>.text</name>
         <load_address>0xe2c0</load_address>
         <run_address>0xe2c0</run_address>
         <size>0xc0</size>
         <input_file_ref idref="fl-ba"/>
      </object_component>
      <object_component id="oc-113">
         <name>.text:_MCBSP_config</name>
         <load_address>0xe380</load_address>
         <run_address>0xe380</run_address>
         <size>0xa0</size>
         <input_file_ref idref="fl-bc"/>
      </object_component>
      <object_component id="oc-16e">
         <name>.text:__fixdli</name>
         <load_address>0xe420</load_address>
         <run_address>0xe420</run_address>
         <size>0xa0</size>
         <input_file_ref idref="fl-93"/>
      </object_component>
      <object_component id="oc-156">
         <name>.text:__mpyll</name>
         <load_address>0xe4c0</load_address>
         <run_address>0xe4c0</run_address>
         <size>0xa0</size>
         <input_file_ref idref="fl-a1"/>
      </object_component>
      <object_component id="oc-174">
         <name>.text:__remli</name>
         <load_address>0xe560</load_address>
         <run_address>0xe560</run_address>
         <size>0xa0</size>
         <input_file_ref idref="fl-98"/>
      </object_component>
      <object_component id="oc-15e">
         <name>.text:__remul</name>
         <load_address>0xe600</load_address>
         <run_address>0xe600</run_address>
         <size>0xa0</size>
         <input_file_ref idref="fl-98"/>
      </object_component>
      <object_component id="oc-15f">
         <name>.text:__remull</name>
         <load_address>0xe6a0</load_address>
         <run_address>0xe6a0</run_address>
         <size>0xa0</size>
         <input_file_ref idref="fl-99"/>
      </object_component>
      <object_component id="oc-10b">
         <name>.text:_readmsg</name>
         <load_address>0xe740</load_address>
         <run_address>0xe740</run_address>
         <size>0xa0</size>
         <input_file_ref idref="fl-ab"/>
      </object_component>
      <object_component id="oc-129">
         <name>.text:_setMux</name>
         <load_address>0xe7e0</load_address>
         <run_address>0xe7e0</run_address>
         <size>0xa0</size>
         <input_file_ref idref="fl-bb"/>
      </object_component>
      <object_component id="oc-176">
         <name>.text:_unlink</name>
         <load_address>0xe880</load_address>
         <run_address>0xe880</run_address>
         <size>0xa0</size>
         <input_file_ref idref="fl-9c"/>
      </object_component>
      <object_component id="oc-10a">
         <name>.text:_writemsg</name>
         <load_address>0xe920</load_address>
         <run_address>0xe920</run_address>
         <size>0xa0</size>
         <input_file_ref idref="fl-ab"/>
      </object_component>
      <object_component id="oc-107">
         <name>.text:___TI_cpp_init</name>
         <load_address>0xe9c0</load_address>
         <run_address>0xe9c0</run_address>
         <size>0x80</size>
         <input_file_ref idref="fl-8c"/>
      </object_component>
      <object_component id="oc-170">
         <name>.text:__fltlid</name>
         <load_address>0xea40</load_address>
         <run_address>0xea40</run_address>
         <size>0x80</size>
         <input_file_ref idref="fl-94"/>
      </object_component>
      <object_component id="oc-16a">
         <name>.text:__llshl</name>
         <load_address>0xeac0</load_address>
         <run_address>0xeac0</run_address>
         <size>0x80</size>
         <input_file_ref idref="fl-9b"/>
      </object_component>
      <object_component id="oc-e">
         <name>.text:_c_int00</name>
         <load_address>0xeb40</load_address>
         <run_address>0xeb40</run_address>
         <size>0x80</size>
         <input_file_ref idref="fl-81"/>
      </object_component>
      <object_component id="oc-13a">
         <name>.text:_memccpy</name>
         <load_address>0xebc0</load_address>
         <run_address>0xebc0</run_address>
         <size>0x80</size>
         <input_file_ref idref="fl-9e"/>
      </object_component>
      <object_component id="oc-14b">
         <name>.text:___isinf</name>
         <load_address>0xec40</load_address>
         <run_address>0xec40</run_address>
         <size>0x60</size>
         <input_file_ref idref="fl-9a"/>
      </object_component>
      <object_component id="oc-16c">
         <name>.text:__llshru</name>
         <load_address>0xeca0</load_address>
         <run_address>0xeca0</run_address>
         <size>0x60</size>
         <input_file_ref idref="fl-9b"/>
      </object_component>
      <object_component id="oc-16b">
         <name>.text:__subcull</name>
         <load_address>0xed00</load_address>
         <run_address>0xed00</run_address>
         <size>0x60</size>
         <input_file_ref idref="fl-99"/>
      </object_component>
      <object_component id="oc-11a">
         <name>.text:_IRQ_enable</name>
         <load_address>0xed60</load_address>
         <run_address>0xed60</run_address>
         <size>0x40</size>
         <input_file_ref idref="fl-bb"/>
      </object_component>
      <object_component id="oc-117">
         <name>.text:_IRQ_reset</name>
         <load_address>0xeda0</load_address>
         <run_address>0xeda0</run_address>
         <size>0x40</size>
         <input_file_ref idref="fl-bb"/>
      </object_component>
      <object_component id="oc-14a">
         <name>.text:___isnan</name>
         <load_address>0xede0</load_address>
         <run_address>0xede0</run_address>
         <size>0x40</size>
         <input_file_ref idref="fl-87"/>
      </object_component>
      <object_component id="oc-f8">
         <name>.text:__args_main</name>
         <load_address>0xee20</load_address>
         <run_address>0xee20</run_address>
         <size>0x40</size>
         <input_file_ref idref="fl-89"/>
      </object_component>
      <object_component id="oc-f">
         <name>.text</name>
         <load_address>0xee60</load_address>
         <run_address>0xee60</run_address>
         <size>0x20</size>
         <input_file_ref idref="fl-2"/>
      </object_component>
      <object_component id="oc-114">
         <name>.text:_IRQ_globalDisable</name>
         <load_address>0xee80</load_address>
         <run_address>0xee80</run_address>
         <size>0x20</size>
         <input_file_ref idref="fl-bb"/>
      </object_component>
      <object_component id="oc-118">
         <name>.text:_IRQ_globalEnable</name>
         <load_address>0xeea0</load_address>
         <run_address>0xeea0</run_address>
         <size>0x20</size>
         <input_file_ref idref="fl-bb"/>
      </object_component>
      <object_component id="oc-119">
         <name>.text:_IRQ_nmiEnable</name>
         <load_address>0xeec0</load_address>
         <run_address>0xeec0</run_address>
         <size>0x20</size>
         <input_file_ref idref="fl-bb"/>
      </object_component>
      <object_component id="oc-115">
         <name>.text:_MCBSP_getXmtEventId</name>
         <load_address>0xeee0</load_address>
         <run_address>0xeee0</run_address>
         <size>0x20</size>
         <input_file_ref idref="fl-bc"/>
      </object_component>
      <object_component id="oc-11e">
         <name>.text:_MCBSP_read</name>
         <load_address>0xef00</load_address>
         <run_address>0xef00</run_address>
         <size>0x20</size>
         <input_file_ref idref="fl-bc"/>
      </object_component>
      <object_component id="oc-11d">
         <name>.text:_MCBSP_rrdy</name>
         <load_address>0xef20</load_address>
         <run_address>0xef20</run_address>
         <size>0x20</size>
         <input_file_ref idref="fl-bc"/>
      </object_component>
      <object_component id="oc-11c">
         <name>.text:_MCBSP_write</name>
         <load_address>0xef40</load_address>
         <run_address>0xef40</run_address>
         <size>0x20</size>
         <input_file_ref idref="fl-bc"/>
      </object_component>
      <object_component id="oc-11b">
         <name>.text:_MCBSP_xrdy</name>
         <load_address>0xef60</load_address>
         <run_address>0xef60</run_address>
         <size>0x20</size>
         <input_file_ref idref="fl-bc"/>
      </object_component>
      <object_component id="oc-121">
         <name>.text:__inpchar</name>
         <load_address>0xef80</load_address>
         <run_address>0xef80</run_address>
         <size>0x20</size>
         <input_file_ref idref="fl-83"/>
      </object_component>
      <object_component id="oc-150">
         <name>.text:__negll</name>
         <load_address>0xefa0</load_address>
         <run_address>0xefa0</run_address>
         <size>0x20</size>
         <input_file_ref idref="fl-a2"/>
      </object_component>
      <object_component id="oc-fa">
         <name>.text:__nop</name>
         <load_address>0xefc0</load_address>
         <run_address>0xefc0</run_address>
         <size>0x20</size>
         <input_file_ref idref="fl-86"/>
      </object_component>
      <object_component id="oc-111">
         <name>.text:__outc</name>
         <load_address>0xefe0</load_address>
         <run_address>0xefe0</run_address>
         <size>0x20</size>
         <input_file_ref idref="fl-84"/>
      </object_component>
      <object_component id="oc-110">
         <name>.text:__outs</name>
         <load_address>0xf000</load_address>
         <run_address>0xf000</run_address>
         <size>0x20</size>
         <input_file_ref idref="fl-84"/>
      </object_component>
      <object_component id="oc-11f">
         <name>.text:__uninpchar</name>
         <load_address>0xf020</load_address>
         <run_address>0xf020</run_address>
         <size>0x20</size>
         <input_file_ref idref="fl-83"/>
      </object_component>
      <object_component id="oc-109">
         <name>.text:_abort</name>
         <load_address>0xf040</load_address>
         <run_address>0xf040</run_address>
         <size>0x20</size>
         <input_file_ref idref="fl-82"/>
      </object_component>
      <object_component id="oc-173">
         <name>.text:_remove</name>
         <load_address>0xf060</load_address>
         <run_address>0xf060</run_address>
         <size>0x20</size>
         <input_file_ref idref="fl-b6"/>
      </object_component>
      <object_component id="oc-ed">
         <name>.text</name>
         <load_address>0xf080</load_address>
         <run_address>0xf080</run_address>
         <size>0x20</size>
         <input_file_ref idref="fl-bb"/>
      </object_component>
      <object_component id="oc-14">
         <name>.bss</name>
         <uninitialized>true</uninitialized>
         <run_address>0x109bc</run_address>
         <size>0xc</size>
         <input_file_ref idref="fl-3"/>
      </object_component>
      <object_component id="oc-1b">
         <name>.bss</name>
         <uninitialized>true</uninitialized>
         <run_address>0x109c8</run_address>
         <size>0x6</size>
         <input_file_ref idref="fl-4"/>
      </object_component>
      <object_component id="oc-ee">
         <name>.cinit</name>
         <load_address>0x104b8</load_address>
         <run_address>0x104b8</run_address>
         <size>0x12c</size>
         <input_file_ref idref="fl-bb"/>
      </object_component>
      <object_component id="oc-52">
         <name>.cinit</name>
         <load_address>0x105e8</load_address>
         <run_address>0x105e8</run_address>
         <size>0x5c</size>
         <input_file_ref idref="fl-8f"/>
      </object_component>
      <object_component id="oc-7b">
         <name>.cinit</name>
         <load_address>0x10648</load_address>
         <run_address>0x10648</run_address>
         <size>0x5c</size>
         <input_file_ref idref="fl-9c"/>
      </object_component>
      <object_component id="oc-16">
         <name>.cinit</name>
         <load_address>0x106a8</load_address>
         <run_address>0x106a8</run_address>
         <size>0x58</size>
         <input_file_ref idref="fl-3"/>
      </object_component>
      <object_component id="oc-f1">
         <name>.cinit</name>
         <load_address>0x10700</load_address>
         <run_address>0x10700</run_address>
         <size>0x54</size>
         <input_file_ref idref="fl-bc"/>
      </object_component>
      <object_component id="oc-e2">
         <name>.cinit</name>
         <load_address>0x10758</load_address>
         <run_address>0x10758</run_address>
         <size>0x30</size>
         <input_file_ref idref="fl-b9"/>
      </object_component>
      <object_component id="oc-27">
         <name>.cinit</name>
         <load_address>0x10788</load_address>
         <run_address>0x10788</run_address>
         <size>0x2c</size>
         <input_file_ref idref="fl-82"/>
      </object_component>
      <object_component id="oc-ca">
         <name>.cinit</name>
         <load_address>0x107b8</load_address>
         <run_address>0x107b8</run_address>
         <size>0x2c</size>
         <input_file_ref idref="fl-b4"/>
      </object_component>
      <object_component id="oc-e8">
         <name>.cinit</name>
         <load_address>0x107e8</load_address>
         <run_address>0x107e8</run_address>
         <size>0x28</size>
         <input_file_ref idref="fl-ba"/>
      </object_component>
      <object_component id="oc-35">
         <name>.cinit</name>
         <load_address>0x10810</load_address>
         <run_address>0x10810</run_address>
         <size>0x1c</size>
         <input_file_ref idref="fl-86"/>
      </object_component>
      <object_component id="oc-1d">
         <name>.cinit</name>
         <load_address>0x10830</load_address>
         <run_address>0x10830</run_address>
         <size>0x1a</size>
         <input_file_ref idref="fl-4"/>
      </object_component>
      <object_component id="oc-bb">
         <name>.cinit</name>
         <load_address>0x10850</load_address>
         <run_address>0x10850</run_address>
         <size>0xc</size>
         <input_file_ref idref="fl-b0"/>
      </object_component>
      <object_component id="oc-c2">
         <name>.cinit</name>
         <load_address>0x10860</load_address>
         <run_address>0x10860</run_address>
         <size>0xc</size>
         <input_file_ref idref="fl-b2"/>
      </object_component>
      <object_component id="oc-23">
         <name>.stack</name>
         <uninitialized>true</uninitialized>
         <run_address>0xf0a0</run_address>
         <size>0x8</size>
         <input_file_ref idref="fl-81"/>
      </object_component>
      <object_component id="oc-190">
         <name>.stack</name>
         <uninitialized>true</uninitialized>
         <run_address>0xf0a0</run_address>
         <size>0x0</size>
      </object_component>
      <object_component id="oc-cc">
         <name>.sysmem</name>
         <uninitialized>true</uninitialized>
         <run_address>0xf8a0</run_address>
         <size>0x8</size>
         <input_file_ref idref="fl-b4"/>
      </object_component>
      <object_component id="oc-191">
         <name>.sysmem</name>
         <uninitialized>true</uninitialized>
         <run_address>0xf8a0</run_address>
         <size>0x0</size>
      </object_component>
      <object_component id="oc-1e">
         <name>.const:.string</name>
         <load_address>0x100a0</load_address>
         <run_address>0x100a0</run_address>
         <size>0x14c</size>
         <input_file_ref idref="fl-4"/>
      </object_component>
      <object_component id="oc-12b">
         <name>.const:.string:__ctypes_</name>
         <load_address>0x101ec</load_address>
         <run_address>0x101ec</run_address>
         <size>0x101</size>
         <input_file_ref idref="fl-8e"/>
      </object_component>
      <object_component id="oc-68">
         <name>.const:.string</name>
         <load_address>0x102ed</load_address>
         <run_address>0x102ed</run_address>
         <size>0x2</size>
         <input_file_ref idref="fl-96"/>
      </object_component>
      <object_component id="oc-158">
         <name>.const:_digits</name>
         <load_address>0x102f0</load_address>
         <run_address>0x102f0</run_address>
         <size>0x50</size>
         <input_file_ref idref="fl-a4"/>
      </object_component>
      <object_component id="oc-15c">
         <name>.const:_digits</name>
         <load_address>0x10340</load_address>
         <run_address>0x10340</run_address>
         <size>0x50</size>
         <input_file_ref idref="fl-a6"/>
      </object_component>
      <object_component id="oc-15a">
         <name>.const:_powerof10</name>
         <load_address>0x10390</load_address>
         <run_address>0x10390</run_address>
         <size>0x48</size>
         <input_file_ref idref="fl-a4"/>
      </object_component>
      <object_component id="oc-15d">
         <name>.const:_powerof10</name>
         <load_address>0x103d8</load_address>
         <run_address>0x103d8</run_address>
         <size>0x48</size>
         <input_file_ref idref="fl-a6"/>
      </object_component>
      <object_component id="oc-dd">
         <name>.const</name>
         <load_address>0x10420</load_address>
         <run_address>0x10420</run_address>
         <size>0x40</size>
         <input_file_ref idref="fl-b8"/>
      </object_component>
      <object_component id="oc-3a">
         <name>.const:.string</name>
         <load_address>0x10460</load_address>
         <run_address>0x10460</run_address>
         <size>0x23</size>
         <input_file_ref idref="fl-87"/>
      </object_component>
      <object_component id="oc-d7">
         <name>.const</name>
         <load_address>0x10484</load_address>
         <run_address>0x10484</run_address>
         <size>0x20</size>
         <input_file_ref idref="fl-b7"/>
      </object_component>
      <object_component id="oc-140">
         <name>.const:.string:_flit$1</name>
         <load_address>0x104a4</load_address>
         <run_address>0x104a4</run_address>
         <size>0x7</size>
         <input_file_ref idref="fl-88"/>
      </object_component>
      <object_component id="oc-141">
         <name>.const:.string:_barr$2</name>
         <load_address>0x104ac</load_address>
         <run_address>0x104ac</run_address>
         <size>0x6</size>
         <input_file_ref idref="fl-88"/>
      </object_component>
      <object_component id="oc-142">
         <name>.switch:__sset_arg</name>
         <load_address>0x10994</load_address>
         <run_address>0x10994</run_address>
         <size>0x28</size>
         <input_file_ref idref="fl-88"/>
      </object_component>
      <object_component id="oc-17">
         <name>.far</name>
         <uninitialized>true</uninitialized>
         <run_address>0x80000534</run_address>
         <size>0x4c</size>
         <input_file_ref idref="fl-3"/>
      </object_component>
      <object_component id="oc-28">
         <name>.far</name>
         <uninitialized>true</uninitialized>
         <run_address>0x80000600</run_address>
         <size>0xc</size>
         <input_file_ref idref="fl-82"/>
      </object_component>
      <object_component id="oc-36">
         <name>.far</name>
         <uninitialized>true</uninitialized>
         <run_address>0x80000614</run_address>
         <size>0x8</size>
         <input_file_ref idref="fl-86"/>
      </object_component>
      <object_component id="oc-53">
         <name>.far</name>
         <uninitialized>true</uninitialized>
         <run_address>0x80000000</run_address>
         <size>0x324</size>
         <input_file_ref idref="fl-8f"/>
      </object_component>
      <object_component id="oc-7c">
         <name>.far</name>
         <uninitialized>true</uninitialized>
         <run_address>0x80000324</run_address>
         <size>0x11c</size>
         <input_file_ref idref="fl-9c"/>
      </object_component>
      <object_component id="oc-a7">
         <name>.far</name>
         <uninitialized>true</uninitialized>
         <run_address>0x80000624</run_address>
         <size>0x8</size>
         <input_file_ref idref="fl-aa"/>
      </object_component>
      <object_component id="oc-bc">
         <name>.far</name>
         <uninitialized>true</uninitialized>
         <run_address>0x8000062c</run_address>
         <size>0x4</size>
         <input_file_ref idref="fl-b0"/>
      </object_component>
      <object_component id="oc-c3">
         <name>.far</name>
         <uninitialized>true</uninitialized>
         <run_address>0x80000630</run_address>
         <size>0x4</size>
         <input_file_ref idref="fl-b2"/>
      </object_component>
      <object_component id="oc-cb">
         <name>.far</name>
         <uninitialized>true</uninitialized>
         <run_address>0x8000061c</run_address>
         <size>0x8</size>
         <input_file_ref idref="fl-b4"/>
      </object_component>
      <object_component id="oc-d6">
         <name>.far</name>
         <uninitialized>true</uninitialized>
         <run_address>0x80000634</run_address>
         <size>0x2</size>
         <input_file_ref idref="fl-b7"/>
      </object_component>
      <object_component id="oc-dc">
         <name>.far</name>
         <uninitialized>true</uninitialized>
         <run_address>0x8000060c</run_address>
         <size>0x8</size>
         <input_file_ref idref="fl-b8"/>
      </object_component>
      <object_component id="oc-e3">
         <name>.far</name>
         <uninitialized>true</uninitialized>
         <run_address>0x800005b8</run_address>
         <size>0x28</size>
         <input_file_ref idref="fl-b9"/>
      </object_component>
      <object_component id="oc-e9">
         <name>.far</name>
         <uninitialized>true</uninitialized>
         <run_address>0x800005e0</run_address>
         <size>0x20</size>
         <input_file_ref idref="fl-ba"/>
      </object_component>
      <object_component id="oc-ef">
         <name>.far</name>
         <uninitialized>true</uninitialized>
         <run_address>0x80000440</run_address>
         <size>0xf4</size>
         <input_file_ref idref="fl-bb"/>
      </object_component>
      <object_component id="oc-f2">
         <name>.far</name>
         <uninitialized>true</uninitialized>
         <run_address>0x80000580</run_address>
         <size>0x38</size>
         <input_file_ref idref="fl-bc"/>
      </object_component>
      <object_component id="oc-ab">
         <name>.cio</name>
         <uninitialized>true</uninitialized>
         <run_address>0x10874</run_address>
         <size>0x120</size>
         <input_file_ref idref="fl-ab"/>
      </object_component>
      <object_component id="oc-11">
         <name>.debug_info</name>
         <load_address>0x0</load_address>
         <run_address>0x0</run_address>
         <size>0xdb</size>
         <input_file_ref idref="fl-2"/>
      </object_component>
      <object_component id="oc-15">
         <name>.debug_info</name>
         <load_address>0xdb</load_address>
         <run_address>0xdb</run_address>
         <size>0x1490</size>
         <input_file_ref idref="fl-3"/>
      </object_component>
      <object_component id="oc-1c">
         <name>.debug_info</name>
         <load_address>0x156b</load_address>
         <run_address>0x156b</run_address>
         <size>0xacd</size>
         <input_file_ref idref="fl-4"/>
      </object_component>
      <object_component id="oc-22">
         <name>.debug_info</name>
         <load_address>0x2038</load_address>
         <run_address>0x2038</run_address>
         <size>0x70a</size>
         <input_file_ref idref="fl-81"/>
      </object_component>
      <object_component id="oc-26">
         <name>.debug_info</name>
         <load_address>0x2742</load_address>
         <run_address>0x2742</run_address>
         <size>0x7fa</size>
         <input_file_ref idref="fl-82"/>
      </object_component>
      <object_component id="oc-2b">
         <name>.debug_info</name>
         <load_address>0x2f3c</load_address>
         <run_address>0x2f3c</run_address>
         <size>0xbfd</size>
         <input_file_ref idref="fl-83"/>
      </object_component>
      <object_component id="oc-2e">
         <name>.debug_info</name>
         <load_address>0x3b39</load_address>
         <run_address>0x3b39</run_address>
         <size>0x901</size>
         <input_file_ref idref="fl-84"/>
      </object_component>
      <object_component id="oc-31">
         <name>.debug_info</name>
         <load_address>0x443a</load_address>
         <run_address>0x443a</run_address>
         <size>0x770</size>
         <input_file_ref idref="fl-85"/>
      </object_component>
      <object_component id="oc-34">
         <name>.debug_info</name>
         <load_address>0x4baa</load_address>
         <run_address>0x4baa</run_address>
         <size>0x64b</size>
         <input_file_ref idref="fl-86"/>
      </object_component>
      <object_component id="oc-39">
         <name>.debug_info</name>
         <load_address>0x51f5</load_address>
         <run_address>0x51f5</run_address>
         <size>0x2b36</size>
         <input_file_ref idref="fl-87"/>
      </object_component>
      <object_component id="oc-3d">
         <name>.debug_info</name>
         <load_address>0x7d2b</load_address>
         <run_address>0x7d2b</run_address>
         <size>0x1e72</size>
         <input_file_ref idref="fl-88"/>
      </object_component>
      <object_component id="oc-40">
         <name>.debug_info</name>
         <load_address>0x9b9d</load_address>
         <run_address>0x9b9d</run_address>
         <size>0x6e0</size>
         <input_file_ref idref="fl-89"/>
      </object_component>
      <object_component id="oc-43">
         <name>.debug_info</name>
         <load_address>0xa27d</load_address>
         <run_address>0xa27d</run_address>
         <size>0x719</size>
         <input_file_ref idref="fl-8a"/>
      </object_component>
      <object_component id="oc-46">
         <name>.debug_info</name>
         <load_address>0xa996</load_address>
         <run_address>0xa996</run_address>
         <size>0x86c</size>
         <input_file_ref idref="fl-8b"/>
      </object_component>
      <object_component id="oc-49">
         <name>.debug_info</name>
         <load_address>0xb202</load_address>
         <run_address>0xb202</run_address>
         <size>0x6e4</size>
         <input_file_ref idref="fl-8c"/>
      </object_component>
      <object_component id="oc-4c">
         <name>.debug_info</name>
         <load_address>0xb8e6</load_address>
         <run_address>0xb8e6</run_address>
         <size>0x7da</size>
         <input_file_ref idref="fl-8d"/>
      </object_component>
      <object_component id="oc-4f">
         <name>.debug_info</name>
         <load_address>0xc0c0</load_address>
         <run_address>0xc0c0</run_address>
         <size>0x5f9</size>
         <input_file_ref idref="fl-8e"/>
      </object_component>
      <object_component id="oc-51">
         <name>.debug_info</name>
         <load_address>0xc6b9</load_address>
         <run_address>0xc6b9</run_address>
         <size>0x6e6</size>
         <input_file_ref idref="fl-8f"/>
      </object_component>
      <object_component id="oc-55">
         <name>.debug_info</name>
         <load_address>0xcd9f</load_address>
         <run_address>0xcd9f</run_address>
         <size>0x981</size>
         <input_file_ref idref="fl-90"/>
      </object_component>
      <object_component id="oc-58">
         <name>.debug_info</name>
         <load_address>0xd720</load_address>
         <run_address>0xd720</run_address>
         <size>0xcf</size>
         <input_file_ref idref="fl-91"/>
      </object_component>
      <object_component id="oc-5b">
         <name>.debug_info</name>
         <load_address>0xd7ef</load_address>
         <run_address>0xd7ef</run_address>
         <size>0x7c1</size>
         <input_file_ref idref="fl-92"/>
      </object_component>
      <object_component id="oc-5e">
         <name>.debug_info</name>
         <load_address>0xdfb0</load_address>
         <run_address>0xdfb0</run_address>
         <size>0x690</size>
         <input_file_ref idref="fl-93"/>
      </object_component>
      <object_component id="oc-61">
         <name>.debug_info</name>
         <load_address>0xe640</load_address>
         <run_address>0xe640</run_address>
         <size>0x6a9</size>
         <input_file_ref idref="fl-94"/>
      </object_component>
      <object_component id="oc-64">
         <name>.debug_info</name>
         <load_address>0xece9</load_address>
         <run_address>0xece9</run_address>
         <size>0x829</size>
         <input_file_ref idref="fl-95"/>
      </object_component>
      <object_component id="oc-67">
         <name>.debug_info</name>
         <load_address>0xf512</load_address>
         <run_address>0xf512</run_address>
         <size>0xb78</size>
         <input_file_ref idref="fl-96"/>
      </object_component>
      <object_component id="oc-6b">
         <name>.debug_info</name>
         <load_address>0x1008a</load_address>
         <run_address>0x1008a</run_address>
         <size>0x6a3</size>
         <input_file_ref idref="fl-97"/>
      </object_component>
      <object_component id="oc-6e">
         <name>.debug_info</name>
         <load_address>0x1072d</load_address>
         <run_address>0x1072d</run_address>
         <size>0x82a</size>
         <input_file_ref idref="fl-98"/>
      </object_component>
      <object_component id="oc-71">
         <name>.debug_info</name>
         <load_address>0x10f57</load_address>
         <run_address>0x10f57</run_address>
         <size>0x836</size>
         <input_file_ref idref="fl-99"/>
      </object_component>
      <object_component id="oc-74">
         <name>.debug_info</name>
         <load_address>0x1178d</load_address>
         <run_address>0x1178d</run_address>
         <size>0x815</size>
         <input_file_ref idref="fl-9a"/>
      </object_component>
      <object_component id="oc-77">
         <name>.debug_info</name>
         <load_address>0x11fa2</load_address>
         <run_address>0x11fa2</run_address>
         <size>0x700</size>
         <input_file_ref idref="fl-9b"/>
      </object_component>
      <object_component id="oc-7a">
         <name>.debug_info</name>
         <load_address>0x126a2</load_address>
         <run_address>0x126a2</run_address>
         <size>0xfe7</size>
         <input_file_ref idref="fl-9c"/>
      </object_component>
      <object_component id="oc-7f">
         <name>.debug_info</name>
         <load_address>0x13689</load_address>
         <run_address>0x13689</run_address>
         <size>0x743</size>
         <input_file_ref idref="fl-9d"/>
      </object_component>
      <object_component id="oc-82">
         <name>.debug_info</name>
         <load_address>0x13dcc</load_address>
         <run_address>0x13dcc</run_address>
         <size>0x6e7</size>
         <input_file_ref idref="fl-9e"/>
      </object_component>
      <object_component id="oc-85">
         <name>.debug_info</name>
         <load_address>0x144b3</load_address>
         <run_address>0x144b3</run_address>
         <size>0x789</size>
         <input_file_ref idref="fl-9f"/>
      </object_component>
      <object_component id="oc-88">
         <name>.debug_info</name>
         <load_address>0x14c3c</load_address>
         <run_address>0x14c3c</run_address>
         <size>0x72b</size>
         <input_file_ref idref="fl-a0"/>
      </object_component>
      <object_component id="oc-8b">
         <name>.debug_info</name>
         <load_address>0x15367</load_address>
         <run_address>0x15367</run_address>
         <size>0x6b6</size>
         <input_file_ref idref="fl-a1"/>
      </object_component>
      <object_component id="oc-8e">
         <name>.debug_info</name>
         <load_address>0x15a1d</load_address>
         <run_address>0x15a1d</run_address>
         <size>0x617</size>
         <input_file_ref idref="fl-a2"/>
      </object_component>
      <object_component id="oc-91">
         <name>.debug_info</name>
         <load_address>0x16034</load_address>
         <run_address>0x16034</run_address>
         <size>0x812</size>
         <input_file_ref idref="fl-a3"/>
      </object_component>
      <object_component id="oc-94">
         <name>.debug_info</name>
         <load_address>0x16846</load_address>
         <run_address>0x16846</run_address>
         <size>0x9aa</size>
         <input_file_ref idref="fl-a4"/>
      </object_component>
      <object_component id="oc-97">
         <name>.debug_info</name>
         <load_address>0x171f0</load_address>
         <run_address>0x171f0</run_address>
         <size>0x742</size>
         <input_file_ref idref="fl-a5"/>
      </object_component>
      <object_component id="oc-9a">
         <name>.debug_info</name>
         <load_address>0x17932</load_address>
         <run_address>0x17932</run_address>
         <size>0x9bb</size>
         <input_file_ref idref="fl-a6"/>
      </object_component>
      <object_component id="oc-9d">
         <name>.debug_info</name>
         <load_address>0x182ed</load_address>
         <run_address>0x182ed</run_address>
         <size>0x76e</size>
         <input_file_ref idref="fl-a7"/>
      </object_component>
      <object_component id="oc-a0">
         <name>.debug_info</name>
         <load_address>0x18a5b</load_address>
         <run_address>0x18a5b</run_address>
         <size>0x727</size>
         <input_file_ref idref="fl-a8"/>
      </object_component>
      <object_component id="oc-a3">
         <name>.debug_info</name>
         <load_address>0x19182</load_address>
         <run_address>0x19182</run_address>
         <size>0x759</size>
         <input_file_ref idref="fl-a9"/>
      </object_component>
      <object_component id="oc-a6">
         <name>.debug_info</name>
         <load_address>0x198db</load_address>
         <run_address>0x198db</run_address>
         <size>0xee3</size>
         <input_file_ref idref="fl-aa"/>
      </object_component>
      <object_component id="oc-aa">
         <name>.debug_info</name>
         <load_address>0x1a7be</load_address>
         <run_address>0x1a7be</run_address>
         <size>0x8c0</size>
         <input_file_ref idref="fl-ab"/>
      </object_component>
      <object_component id="oc-ae">
         <name>.debug_info</name>
         <load_address>0x1b07e</load_address>
         <run_address>0x1b07e</run_address>
         <size>0x7fb</size>
         <input_file_ref idref="fl-ac"/>
      </object_component>
      <object_component id="oc-b1">
         <name>.debug_info</name>
         <load_address>0x1b879</load_address>
         <run_address>0x1b879</run_address>
         <size>0x7cc</size>
         <input_file_ref idref="fl-ad"/>
      </object_component>
      <object_component id="oc-b4">
         <name>.debug_info</name>
         <load_address>0x1c045</load_address>
         <run_address>0x1c045</run_address>
         <size>0x5cb</size>
         <input_file_ref idref="fl-ae"/>
      </object_component>
      <object_component id="oc-b7">
         <name>.debug_info</name>
         <load_address>0x1c610</load_address>
         <run_address>0x1c610</run_address>
         <size>0xcf</size>
         <input_file_ref idref="fl-af"/>
      </object_component>
      <object_component id="oc-ba">
         <name>.debug_info</name>
         <load_address>0x1c6df</load_address>
         <run_address>0x1c6df</run_address>
         <size>0x5e1</size>
         <input_file_ref idref="fl-b0"/>
      </object_component>
      <object_component id="oc-be">
         <name>.debug_info</name>
         <load_address>0x1ccc0</load_address>
         <run_address>0x1ccc0</run_address>
         <size>0x780</size>
         <input_file_ref idref="fl-b1"/>
      </object_component>
      <object_component id="oc-c1">
         <name>.debug_info</name>
         <load_address>0x1d440</load_address>
         <run_address>0x1d440</run_address>
         <size>0x880</size>
         <input_file_ref idref="fl-b2"/>
      </object_component>
      <object_component id="oc-c6">
         <name>.debug_info</name>
         <load_address>0x1dcc0</load_address>
         <run_address>0x1dcc0</run_address>
         <size>0x7b8</size>
         <input_file_ref idref="fl-b3"/>
      </object_component>
      <object_component id="oc-c9">
         <name>.debug_info</name>
         <load_address>0x1e478</load_address>
         <run_address>0x1e478</run_address>
         <size>0xb36</size>
         <input_file_ref idref="fl-b4"/>
      </object_component>
      <object_component id="oc-cf">
         <name>.debug_info</name>
         <load_address>0x1efae</load_address>
         <run_address>0x1efae</run_address>
         <size>0x805</size>
         <input_file_ref idref="fl-b5"/>
      </object_component>
      <object_component id="oc-d2">
         <name>.debug_info</name>
         <load_address>0x1f7b3</load_address>
         <run_address>0x1f7b3</run_address>
         <size>0x663</size>
         <input_file_ref idref="fl-b6"/>
      </object_component>
      <object_component id="oc-d9">
         <name>.debug_info</name>
         <load_address>0x1fe16</load_address>
         <run_address>0x1fe16</run_address>
         <size>0x8a7</size>
         <input_file_ref idref="fl-b7"/>
      </object_component>
      <object_component id="oc-df">
         <name>.debug_info</name>
         <load_address>0x206bd</load_address>
         <run_address>0x206bd</run_address>
         <size>0x89f</size>
         <input_file_ref idref="fl-b8"/>
      </object_component>
      <object_component id="oc-e5">
         <name>.debug_info</name>
         <load_address>0x20f5c</load_address>
         <run_address>0x20f5c</run_address>
         <size>0x929</size>
         <input_file_ref idref="fl-b9"/>
      </object_component>
      <object_component id="oc-eb">
         <name>.debug_info</name>
         <load_address>0x21885</load_address>
         <run_address>0x21885</run_address>
         <size>0x5b3</size>
         <input_file_ref idref="fl-ba"/>
      </object_component>
      <object_component id="oc-f4">
         <name>.debug_info</name>
         <load_address>0x21e38</load_address>
         <run_address>0x21e38</run_address>
         <size>0xd5</size>
         <input_file_ref idref="fl-bd"/>
      </object_component>
      <object_component id="oc-192">
         <name>.debug_info</name>
         <load_address>0x21f0d</load_address>
         <run_address>0x21f0d</run_address>
         <size>0x6e</size>
      </object_component>
      <object_component id="oc-12">
         <name>.debug_line</name>
         <load_address>0x0</load_address>
         <run_address>0x0</run_address>
         <size>0xcd</size>
         <input_file_ref idref="fl-2"/>
      </object_component>
      <object_component id="oc-19">
         <name>.debug_line</name>
         <load_address>0xcd</load_address>
         <run_address>0xcd</run_address>
         <size>0x158</size>
         <input_file_ref idref="fl-3"/>
      </object_component>
      <object_component id="oc-20">
         <name>.debug_line</name>
         <load_address>0x225</load_address>
         <run_address>0x225</run_address>
         <size>0xc6</size>
         <input_file_ref idref="fl-4"/>
      </object_component>
      <object_component id="oc-24">
         <name>.debug_line</name>
         <load_address>0x2eb</load_address>
         <run_address>0x2eb</run_address>
         <size>0x3d</size>
         <input_file_ref idref="fl-81"/>
      </object_component>
      <object_component id="oc-29">
         <name>.debug_line</name>
         <load_address>0x328</load_address>
         <run_address>0x328</run_address>
         <size>0x4f</size>
         <input_file_ref idref="fl-82"/>
      </object_component>
      <object_component id="oc-2c">
         <name>.debug_line</name>
         <load_address>0x377</load_address>
         <run_address>0x377</run_address>
         <size>0x8c</size>
         <input_file_ref idref="fl-83"/>
      </object_component>
      <object_component id="oc-2f">
         <name>.debug_line</name>
         <load_address>0x403</load_address>
         <run_address>0x403</run_address>
         <size>0x6a</size>
         <input_file_ref idref="fl-84"/>
      </object_component>
      <object_component id="oc-32">
         <name>.debug_line</name>
         <load_address>0x46d</load_address>
         <run_address>0x46d</run_address>
         <size>0x3d</size>
         <input_file_ref idref="fl-85"/>
      </object_component>
      <object_component id="oc-37">
         <name>.debug_line</name>
         <load_address>0x4aa</load_address>
         <run_address>0x4aa</run_address>
         <size>0x36</size>
         <input_file_ref idref="fl-86"/>
      </object_component>
      <object_component id="oc-3b">
         <name>.debug_line</name>
         <load_address>0x4e0</load_address>
         <run_address>0x4e0</run_address>
         <size>0x341</size>
         <input_file_ref idref="fl-87"/>
      </object_component>
      <object_component id="oc-3e">
         <name>.debug_line</name>
         <load_address>0x821</load_address>
[...]
         <object_component_ref idref="oc-23"/>
      </symbol>
      <symbol id="sm-118">
         <name>C$$EXIT</name>
         <value>0xf040</value>
         <object_component_ref idref="oc-109"/>
      </symbol>
      <symbol id="sm-119">
         <name>_exit</name>
         <value>0xdde0</value>
         <object_component_ref idref="oc-f9"/>
      </symbol>
      <symbol id="sm-11a">
         <name>___TI_enable_exit_profile_output</name>
         <value>0x80000608</value>
         <object_component_ref idref="oc-28"/>
      </symbol>
      <symbol id="sm-11b">
         <name>_abort</name>
         <value>0xf040</value>
         <object_component_ref idref="oc-109"/>
      </symbol>
      <symbol id="sm-11c">
         <name>__cleanup_ptr</name>
         <value>0x80000600</value>
         <object_component_ref idref="oc-28"/>
      </symbol>
      <symbol id="sm-11d">
         <name>__dtors_ptr</name>
         <value>0x80000604</value>
         <object_component_ref idref="oc-28"/>
      </symbol>
      <symbol id="sm-12d">
         <name>_scanf</name>
         <value>0xd5c0</value>
         <object_component_ref idref="oc-10f"/>
      </symbol>
      <symbol id="sm-13b">
         <name>_printf</name>
         <value>0xd3c0</value>
         <object_component_ref idref="oc-10d"/>
      </symbol>
      <symbol id="sm-145">
         <name>_ungetc</name>
         <value>0xbd60</value>
         <object_component_ref idref="oc-12a"/>
      </symbol>
      <symbol id="sm-153">
         <name>__unlock</name>
         <value>0x80000618</value>
         <object_component_ref idref="oc-36"/>
      </symbol>
      <symbol id="sm-154">
         <name>__lock</name>
         <value>0x80000614</value>
         <object_component_ref idref="oc-36"/>
      </symbol>
      <symbol id="sm-155">
         <name>__nop</name>
         <value>0xefc0</value>
         <object_component_ref idref="oc-fa"/>
      </symbol>
      <symbol id="sm-185">
         <name>__printfi</name>
         <value>0x4da0</value>
         <object_component_ref idref="oc-112"/>
      </symbol>
      <symbol id="sm-1a3">
         <name>__scanfi</name>
         <value>0x220</value>
         <object_component_ref idref="oc-122"/>
      </symbol>
      <symbol id="sm-1ad">
         <name>__args_main</name>
         <value>0xee20</value>
         <object_component_ref idref="oc-f8"/>
      </symbol>
      <symbol id="sm-1ae">
         <name>__TI_args_main</name>
         <value>0x1</value>
      </symbol>
      <symbol id="sm-1b8">
         <name>_atoi</name>
         <value>0xc140</value>
         <object_component_ref idref="oc-137"/>
      </symbol>
      <symbol id="sm-1c2">
         <name>__auto_init</name>
         <value>0xcec0</value>
         <object_component_ref idref="oc-f7"/>
      </symbol>
      <symbol id="sm-1cc">
         <name>___TI_cpp_init</name>
         <value>0xe9c0</value>
         <object_component_ref idref="oc-107"/>
      </symbol>
      <symbol id="sm-1d6">
         <name>_copy_in</name>
         <value>0xe140</value>
         <object_component_ref idref="oc-105"/>
      </symbol>
      <symbol id="sm-1de">
         <name>__ctypes_</name>
         <value>0x101ec</value>
         <object_component_ref idref="oc-12b"/>
      </symbol>
      <symbol id="sm-1e8">
         <name>__tmpnams</name>
         <value>0x800001e0</value>
         <object_component_ref idref="oc-53"/>
      </symbol>
      <symbol id="sm-1e9">
         <name>__ft_end</name>
         <value>0x80000320</value>
         <object_component_ref idref="oc-53"/>
      </symbol>
      <symbol id="sm-1ea">
         <name>__ftable</name>
         <value>0x80000000</value>
         <object_component_ref idref="oc-53"/>
      </symbol>
      <symbol id="sm-1f4">
         <name>__divd</name>
         <value>0x15a0</value>
         <object_component_ref idref="oc-15b"/>
      </symbol>
      <symbol id="sm-1fc">
         <name>__c6xabi_divu</name>
         <value>0xe080</value>
         <object_component_ref idref="oc-171"/>
      </symbol>
      <symbol id="sm-1fd">
         <name>__divu</name>
         <value>0xe080</value>
         <object_component_ref idref="oc-171"/>
      </symbol>
      <symbol id="sm-207">
         <name>_getc</name>
         <value>0xb660</value>
         <object_component_ref idref="oc-12c"/>
      </symbol>
      <symbol id="sm-208">
         <name>_fgetc</name>
         <value>0xb660</value>
         <object_component_ref idref="oc-12c"/>
      </symbol>
      <symbol id="sm-212">
         <name>__fixdli</name>
         <value>0xe420</value>
         <object_component_ref idref="oc-16e"/>
      </symbol>
      <symbol id="sm-21c">
         <name>__fltlid</name>
         <value>0xea40</value>
         <object_component_ref idref="oc-170"/>
      </symbol>
      <symbol id="sm-226">
         <name>_putc</name>
         <value>0x9880</value>
         <object_component_ref idref="oc-124"/>
      </symbol>
      <symbol id="sm-227">
         <name>_fputc</name>
         <value>0x9880</value>
         <object_component_ref idref="oc-124"/>
      </symbol>
      <symbol id="sm-233">
         <name>_fputs</name>
         <value>0x5820</value>
         <object_component_ref idref="oc-123"/>
      </symbol>
      <symbol id="sm-23d">
         <name>__frcmpyd_div</name>
         <value>0xc000</value>
         <object_component_ref idref="oc-16d"/>
      </symbol>
      <symbol id="sm-24d">
         <name>__divul</name>
         <value>0x9b20</value>
         <object_component_ref idref="oc-155"/>
      </symbol>
      <symbol id="sm-24e">
         <name>__remli</name>
         <value>0xe560</value>
         <object_component_ref idref="oc-174"/>
      </symbol>
      <symbol id="sm-24f">
         <name>__remul</name>
         <value>0xe600</value>
         <object_component_ref idref="oc-15e"/>
      </symbol>
      <symbol id="sm-250">
         <name>__divli</name>
         <value>0xd0c0</value>
         <object_component_ref idref="oc-175"/>
      </symbol>
      <symbol id="sm-25e">
         <name>__subcull</name>
         <value>0xed00</value>
         <object_component_ref idref="oc-16b"/>
      </symbol>
      <symbol id="sm-25f">
         <name>__divull</name>
         <value>0x75c0</value>
         <object_component_ref idref="oc-157"/>
      </symbol>
      <symbol id="sm-260">
         <name>__remull</name>
         <value>0xe6a0</value>
         <object_component_ref idref="oc-15f"/>
      </symbol>
      <symbol id="sm-26a">
         <name>___isinf</name>
         <value>0xec40</value>
         <object_component_ref idref="oc-14b"/>
      </symbol>
      <symbol id="sm-276">
         <name>__llshl</name>
         <value>0xeac0</value>
         <object_component_ref idref="oc-16a"/>
      </symbol>
      <symbol id="sm-277">
         <name>__llshru</name>
         <value>0xeca0</value>
         <object_component_ref idref="oc-16c"/>
      </symbol>
      <symbol id="sm-291">
         <name>_read</name>
         <value>0xd4c0</value>
         <object_component_ref idref="oc-13e"/>
      </symbol>
      <symbol id="sm-292">
         <name>_unlink</name>
         <value>0xe880</value>
         <object_component_ref idref="oc-176"/>
      </symbol>
      <symbol id="sm-293">
         <name>_lseek</name>
         <value>0xd2c0</value>
         <object_component_ref idref="oc-160"/>
      </symbol>
      <symbol id="sm-294">
         <name>_close</name>
         <value>0xc980</value>
         <object_component_ref idref="oc-172"/>
      </symbol>
      <symbol id="sm-295">
         <name>_write</name>
         <value>0xd6c0</value>
         <object_component_ref idref="oc-136"/>
      </symbol>
      <symbol id="sm-29f">
         <name>_ltoa</name>
         <value>0xc280</value>
         <object_component_ref idref="oc-16f"/>
      </symbol>
      <symbol id="sm-2a9">
         <name>_memccpy</name>
         <value>0xebc0</value>
         <object_component_ref idref="oc-13a"/>
      </symbol>
      <symbol id="sm-2b3">
         <name>_memcpy</name>
         <value>0xa200</value>
         <object_component_ref idref="oc-106"/>
      </symbol>
      <symbol id="sm-2bd">
         <name>_memset</name>
         <value>0xcaa0</value>
         <object_component_ref idref="oc-12d"/>
      </symbol>
      <symbol id="sm-2c7">
         <name>__mpyll</name>
         <value>0xe4c0</value>
         <object_component_ref idref="oc-156"/>
      </symbol>
      <symbol id="sm-2d1">
         <name>__negll</name>
         <value>0xefa0</value>
         <object_component_ref idref="oc-150"/>
      </symbol>
      <symbol id="sm-2db">
         <name>_setvbuf</name>
         <value>0x9320</value>
         <object_component_ref idref="oc-13b"/>
      </symbol>
      <symbol id="sm-2e9">
         <name>_strtod</name>
         <value>0x30e0</value>
         <object_component_ref idref="oc-145"/>
      </symbol>
      <symbol id="sm-2f3">
         <name>_strtol</name>
         <value>0x4820</value>
         <object_component_ref idref="oc-147"/>
      </symbol>
      <symbol id="sm-301">
         <name>_strtold</name>
         <value>0x36c0</value>
         <object_component_ref idref="oc-146"/>
      </symbol>
      <symbol id="sm-30b">
         <name>_strtoll</name>
         <value>0x3ca0</value>
         <object_component_ref idref="oc-148"/>
      </symbol>
      <symbol id="sm-315">
         <name>_strtoul</name>
         <value>0x5300</value>
         <object_component_ref idref="oc-143"/>
      </symbol>
      <symbol id="sm-31f">
         <name>_strtoull</name>
         <value>0x5ce0</value>
         <object_component_ref idref="oc-144"/>
      </symbol>
      <symbol id="sm-337">
         <name>_HOSTopen</name>
         <value>0xc500</value>
         <object_component_ref idref="oc-fb"/>
      </symbol>
      <symbol id="sm-338">
         <name>_HOSTread</name>
         <value>0xbec0</value>
         <object_component_ref idref="oc-fd"/>
      </symbol>
      <symbol id="sm-339">
         <name>_HOSTrename</name>
         <value>0xa440</value>
         <object_component_ref idref="oc-101"/>
      </symbol>
      <symbol id="sm-33a">
         <name>_HOSTwrite</name>
         <value>0xc620</value>
         <object_component_ref idref="oc-fe"/>
      </symbol>
      <symbol id="sm-33b">
         <name>_HOSTlseek</name>
         <value>0xb7e0</value>
         <object_component_ref idref="oc-ff"/>
      </symbol>
      <symbol id="sm-33c">
         <name>_HOSTunlink</name>
         <value>0xccc0</value>
         <object_component_ref idref="oc-100"/>
      </symbol>
      <symbol id="sm-33d">
         <name>_HOSTclose</name>
         <value>0xcbc0</value>
         <object_component_ref idref="oc-fc"/>
      </symbol>
      <symbol id="sm-34b">
         <name>C$$IO$$</name>
         <value>0xe998</value>
         <object_component_ref idref="oc-10a"/>
      </symbol>
      <symbol id="sm-34c">
         <name>__CIOBUF_</name>
         <value>0x10874</value>
         <object_component_ref idref="oc-ab"/>
      </symbol>
      <symbol id="sm-34d">
         <name>_readmsg</name>
         <value>0xe740</value>
         <object_component_ref idref="oc-10b"/>
      </symbol>
      <symbol id="sm-34e">
         <name>_writemsg</name>
         <value>0xe920</value>
         <object_component_ref idref="oc-10a"/>
      </symbol>
      <symbol id="sm-358">
         <name>__buff_read</name>
         <value>0xb940</value>
         <object_component_ref idref="oc-13d"/>
      </symbol>
      <symbol id="sm-364">
         <name>__rd_ok</name>
         <value>0xdc20</value>
         <object_component_ref idref="oc-13c"/>
      </symbol>
      <symbol id="sm-365">
         <name>__wrt_ok</name>
         <value>0xc860</value>
         <object_component_ref idref="oc-134"/>
      </symbol>
      <symbol id="sm-374">
         <name>__c6xabi_divi</name>
         <value>0xc740</value>
         <object_component_ref idref="oc-159"/>
      </symbol>
      <symbol id="sm-375">
         <name>__divi</name>
         <value>0xc740</value>
         <object_component_ref idref="oc-159"/>
      </symbol>
      <symbol id="sm-37f">
         <name>_errno</name>
         <value>0x8000062c</value>
         <object_component_ref idref="oc-bc"/>
      </symbol>
      <symbol id="sm-389">
         <name>__doflush</name>
         <value>0xd980</value>
         <object_component_ref idref="oc-135"/>
      </symbol>
      <symbol id="sm-397">
         <name>__cleanup</name>
         <value>0xd8a0</value>
         <object_component_ref idref="oc-154"/>
      </symbol>
      <symbol id="sm-3a1">
         <name>_fseek</name>
         <value>0xae40</value>
         <object_component_ref idref="oc-149"/>
      </symbol>
      <symbol id="sm-3b7">
         <name>__sys_memory</name>
         <value>0xf8a0</value>
         <object_component_ref idref="oc-cc"/>
      </symbol>
      <symbol id="sm-3b8">
         <name>_free</name>
         <value>0x7cc0</value>
         <object_component_ref idref="oc-152"/>
      </symbol>
      <symbol id="sm-3b9">
         <name>_malloc</name>
         <value>0x9fc0</value>
         <object_component_ref idref="oc-153"/>
      </symbol>
      <symbol id="sm-3c3">
         <name>__closefile</name>
         <value>0xbaa0</value>
         <object_component_ref idref="oc-169"/>
      </symbol>
      <symbol id="sm-3cd">
         <name>_remove</name>
         <value>0xf060</value>
         <object_component_ref idref="oc-173"/>
      </symbol>
      <symbol id="sm-3db">
         <name>_DSK6713_init</name>
         <value>0x61cc</value>
         <object_component_ref idref="oc-d5"/>
      </symbol>
      <symbol id="sm-3dc">
         <name>_DSK6713_version</name>
         <value>0x80000634</value>
         <object_component_ref idref="oc-d6"/>
      </symbol>
      <symbol id="sm-3dd">
         <name>_DSK6713_rget</name>
         <value>0x64e8</value>
         <object_component_ref idref="oc-d5"/>
      </symbol>
      <symbol id="sm-3de">
         <name>_DSK6713_wait</name>
         <value>0x6510</value>
         <object_component_ref idref="oc-d5"/>
      </symbol>
      <symbol id="sm-3df">
         <name>_DSK6713_rset</name>
         <value>0x64fc</value>
         <object_component_ref idref="oc-d5"/>
      </symbol>
      <symbol id="sm-3e0">
         <name>_DSK6713_waitusec</name>
         <value>0x6568</value>
         <object_component_ref idref="oc-d5"/>
      </symbol>
      <symbol id="sm-3e1">
         <name>_DSK6713_getVersion</name>
         <value>0x6594</value>
         <object_component_ref idref="oc-d5"/>
      </symbol>
      <symbol id="sm-3ef">
         <name>_DSK6713_AIC23_codeccontrolhandle</name>
         <value>0x8000060c</value>
         <object_component_ref idref="oc-dc"/>
      </symbol>
      <symbol id="sm-3f0">
         <name>_DSK6713_AIC23_codecdatahandle</name>
         <value>0x80000610</value>
         <object_component_ref idref="oc-dc"/>
      </symbol>
      <symbol id="sm-3f1">
         <name>_DSK6713_AIC23_openCodec</name>
         <value>0x8d60</value>
         <object_component_ref idref="oc-db"/>
      </symbol>
      <symbol id="sm-3ff">
         <name>_DSK6713_AIC23_config</name>
         <value>0xc480</value>
         <object_component_ref idref="oc-e1"/>
      </symbol>
      <symbol id="sm-400">
         <name>_DSK6713_AIC23_rget</name>
         <value>0xc458</value>
         <object_component_ref idref="oc-e1"/>
      </symbol>
      <symbol id="sm-401">
         <name>_DSK6713_AIC23_rset</name>
         <value>0xc3c0</value>
         <object_component_ref idref="oc-e1"/>
      </symbol>
      <symbol id="sm-40f">
         <name>_DSK6713_AIC23_setFreq</name>
         <value>0xe2c0</value>
         <object_component_ref idref="oc-e7"/>
      </symbol>
      <symbol id="sm-427">
         <name>__IRQ_eventTable</name>
         <value>0x80000468</value>
         <object_component_ref idref="oc-ef"/>
      </symbol>
      <symbol id="sm-428">
         <name>_IRQ_nmiEnable</name>
         <value>0xeec0</value>
         <object_component_ref idref="oc-119"/>
      </symbol>
      <symbol id="sm-429">
         <name>_IRQ_reset</name>
         <value>0xeda0</value>
         <object_component_ref idref="oc-117"/>
      </symbol>
      <symbol id="sm-42a">
         <name>__IRQ_intTable</name>
         <value>0x800004ec</value>
         <object_component_ref idref="oc-ef"/>
      </symbol>
      <symbol id="sm-42b">
         <name>_IRQ_globalEnable</name>
         <value>0xeea0</value>
         <object_component_ref idref="oc-118"/>
      </symbol>
      <symbol id="sm-42c">
         <name>_IRQ_globalDisable</name>
         <value>0xee80</value>
         <object_component_ref idref="oc-114"/>
      </symbol>
      <symbol id="sm-42d">
         <name>_IRQ_map</name>
         <value>0xb000</value>
         <object_component_ref idref="oc-116"/>
      </symbol>
      <symbol id="sm-42e">
         <name>_IRQ_enable</name>
         <value>0xed60</value>
         <object_component_ref idref="oc-11a"/>
      </symbol>
      <symbol id="sm-42f">
         <name>__IRQ_dispatchTable</name>
         <value>0x8000052c</value>
         <object_component_ref idref="oc-ef"/>
      </symbol>
      <symbol id="sm-430">
         <name>__IRQ_hookFetchPacket</name>
         <value>0xf080</value>
         <object_component_ref idref="oc-ed"/>
      </symbol>
      <symbol id="sm-44a">
         <name>_MCBSP_reset</name>
         <value>0xb4e0</value>
         <object_component_ref idref="oc-10c"/>
      </symbol>
      <symbol id="sm-44b">
         <name>_MCBSP_read</name>
         <value>0xef00</value>
         <object_component_ref idref="oc-11e"/>
      </symbol>
      <symbol id="sm-44c">
         <name>_MCBSP_getXmtEventId</name>
         <value>0xeee0</value>
         <object_component_ref idref="oc-115"/>
      </symbol>
      <symbol id="sm-44d">
         <name>_MCBSP_open</name>
         <value>0xd7c0</value>
         <object_component_ref idref="oc-103"/>
      </symbol>
      <symbol id="sm-44e">
         <name>__MCBSP_hDev0</name>
         <value>0x800005b0</value>
         <object_component_ref idref="oc-f2"/>
      </symbol>
      <symbol id="sm-44f">
         <name>__MCBSP_hDev1</name>
         <value>0x800005b4</value>
         <object_component_ref idref="oc-f2"/>
      </symbol>
      <symbol id="sm-450">
         <name>_MCBSP_start</name>
         <value>0xcdc0</value>
         <object_component_ref idref="oc-104"/>
      </symbol>
      <symbol id="sm-451">
         <name>_MCBSP_rrdy</name>
         <value>0xef20</value>
         <object_component_ref idref="oc-11d"/>
      </symbol>
      <symbol id="sm-452">
         <name>_MCBSP_config</name>
         <value>0xe380</value>
         <object_component_ref idref="oc-113"/>
      </symbol>
      <symbol id="sm-453">
         <name>_MCBSP_xrdy</name>
         <value>0xef60</value>
         <object_component_ref idref="oc-11b"/>
      </symbol>
      <symbol id="sm-454">
         <name>_MCBSP_write</name>
         <value>0xef40</value>
         <object_component_ref idref="oc-11c"/>
      </symbol>
      <symbol id="sm-45c">
         <name>__strasg</name>
         <value>0xdd00</value>
         <object_component_ref idref="oc-102"/>
      </symbol>
   </symbol_table>
</link_info>
