******************************************************************************
               TMS320C6x Linker PC v7.4.14                     
******************************************************************************
>> Linked Wed Feb 24 10:15:49 2016

OUTPUT FILE NAME:   <lab4.out>
ENTRY POINT SYMBOL: "_c_int00"  address: 0000eb40


MEMORY CONFIGURATION

         name            origin    length      used     unused   attr    fill
----------------------  --------  ---------  --------  --------  ----  --------
  IVECS                 00000000   00000220  00000200  00000020  RWIX
  IRAM                  00000220   0002fde0  000107a8  0001f638  RWIX
  SDRAM                 80000000   01000000  00000636  00fff9ca  RWIX
  FLASH                 90000000   00020000  00000000  00020000  RWIX


SECTION ALLOCATION MAP

 output                                  attributes/
section   page    origin      length       input sections
--------  ----  ----------  ----------   ----------------
$BRID      0    00000000    000000f4     COPY SECTION
                  00000000    00000078     csl6713.lib : csl_irq.obj ($BRID)
                  00000078    0000007c                 : csl_mcbsp.obj ($BRID)

.vectors   0    00000000    00000200     
                  00000000    00000200     Vectors_poll.obj (.vectors)

.text      0    00000220    0000ee80     
                  00000220    00000bc0     rts6700.lib : _scanfi.obj (.text:__scanfi)
                  00000de0    000007c0                 : _scanfi.obj (.text:__sset_arg)
                  000015a0    00000720                 : divd.obj (.text:__divd)
                  00001cc0    00000720     c6713dskinit.obj (.text)
                  000023e0    000006c0     rts6700.lib : _printfi.obj (.text:__getarg_diouxp)
                  00002aa0    00000640                 : _printfi.obj (.text:__setfield)
                  000030e0    000005e0                 : strtod.obj (.text:_strtod)
                  000036c0    000005e0                 : strtold.obj (.text:_strtold)
                  00003ca0    000005e0                 : strtoll.obj (.text:_strtoll)
                  00004280    000005a0                 : _scanfi.obj (.text:__sproc_int)
                  00004820    00000580                 : strtol.obj (.text:_strtol)
                  00004da0    00000560                 : _printfi.obj (.text:__printfi)
                  00005300    00000520                 : strtoul.obj (.text:_strtoul)
                  00005820    000004c0                 : fputs.obj (.text:_fputs)
                  00005ce0    000004a0                 : strtoull.obj (.text:_strtoull)
                  00006180    00000480     dsk6713bsl.lib : dsk6713.obj (.text)
                  00006600    00000420     rts6700.lib : _printfi.obj (.text:_fcvt)
                  00006a20    00000400                 : _printfi.obj (.text:__pproc_fge)
                  00006e20    00000400                 : _printfi.obj (.text:_ecvt)
                  00007220    000003a0                 : _scanfi.obj (.text:__sget_conv)
                  000075c0    00000380                 : imath64.obj (.text:__divull)
                  00007940    00000380                 : _scanfi.obj (.text:__sproc_float)
                  00007cc0    00000380                 : memory.obj (.text:_free)
                  00008040    00000360                 : _printfi.obj (.text:__pconv_e)
                  000083a0    00000360                 : _printfi.obj (.text:__pproc_fwp)
                  00008700    00000360     main.obj (.text)
                  00008a60    00000300     rts6700.lib : _printfi.obj (.text:__pproc_diouxp)
                  00008d60    00000300     dsk6713bsl.lib : dsk6713_aic23_opencodec.obj (.text)
                  00009060    000002c0     rts6700.lib : _printfi.obj (.text:__pproc_str)
                  00009320    000002c0                 : setvbuf.obj (.text:_setvbuf)
                  000095e0    000002a0                 : _printfi.obj (.text:__pconv_g)
                  00009880    000002a0                 : fputc.obj (.text:_fputc)
                  00009b20    00000260                 : imath40.obj (.text:__divul)
                  00009d80    00000240                 : _printfi.obj (.text:__mcpy)
                  00009fc0    00000240                 : memory.obj (.text:_malloc)
                  0000a200    00000240                 : memcpy62.obj (.text:_memcpy)
                  0000a440    00000220                 : trgdrv.obj (.text:_HOSTrename)
                  0000a660    00000220                 : _scanfi.obj (.text:__sproc_str)
                  0000a880    00000200                 : fscanf.obj (.text:__chkmbc)
                  0000aa80    000001e0                 : _scanfi.obj (.text:__sproc_lb)
                  0000ac60    000001e0                 : lowlev.obj (.text:_getdevice)
                  0000ae40    000001c0                 : fseek.obj (.text:_fseek)
                  0000b000    000001a0     csl6713.lib : csl_irq.obj (.text:_IRQ_map)
                  0000b1a0    000001a0     rts6700.lib : _printfi.obj (.text:__ltostr)
                  0000b340    000001a0                 : _printfi.obj (.text:__pproc_fflags)
                  0000b4e0    00000180     csl6713.lib : csl_mcbsp.obj (.text:_MCBSP_reset)
                  0000b660    00000180     rts6700.lib : fgetc.obj (.text:_fgetc)
                  0000b7e0    00000160                 : trgdrv.obj (.text:_HOSTlseek)
                  0000b940    00000160                 : _bufread.obj (.text:__buff_read)
                  0000baa0    00000160                 : fclose.obj (.text:__closefile)
                  0000bc00    00000160                 : _scanfi.obj (.text:__sget_scanset)
                  0000bd60    00000160                 : ungetc.obj (.text:_ungetc)
                  0000bec0    00000140                 : trgdrv.obj (.text:_HOSTread)
                  0000c000    00000140                 : frcmpyd_div.obj (.text:__frcmpyd_div)
                  0000c140    00000140                 : atoi.obj (.text:_atoi)
                  0000c280    00000140                 : ltoa.obj (.text:_ltoa)
                  0000c3c0    00000140     dsk6713bsl.lib : dsk6713_aic23_registers.obj (.text)
                  0000c500    00000120     rts6700.lib : trgdrv.obj (.text:_HOSTopen)
                  0000c620    00000120                 : trgdrv.obj (.text:_HOSTwrite)
                  0000c740    00000120                 : divi.obj (.text:__divi)
                  0000c860    00000120                 : _io_perm.obj (.text:__wrt_ok)
                  0000c980    00000120                 : lowlev.obj (.text:_close)
                  0000caa0    00000120                 : memset.obj (.text:_memset)
                  0000cbc0    00000100                 : trgdrv.obj (.text:_HOSTclose)
                  0000ccc0    00000100                 : trgdrv.obj (.text:_HOSTunlink)
                  0000cdc0    00000100     csl6713.lib : csl_mcbsp.obj (.text:_MCBSP_start)
                  0000cec0    00000100     rts6700.lib : autoinit.obj (.text:__auto_init)
                  0000cfc0    00000100                 : _printfi.obj (.text:__div)
                  0000d0c0    00000100                 : imath40.obj (.text:__divli)
                  0000d1c0    00000100                 : _printfi.obj (.text:__pconv_f)
                  0000d2c0    00000100                 : lowlev.obj (.text:_lseek)
                  0000d3c0    00000100                 : printf.obj (.text:_printf)
                  0000d4c0    00000100                 : lowlev.obj (.text:_read)
                  0000d5c0    00000100                 : fscanf.obj (.text:_scanf)
                  0000d6c0    00000100                 : lowlev.obj (.text:_write)
                  0000d7c0    000000e0     csl6713.lib : csl_mcbsp.obj (.text:_MCBSP_open)
                  0000d8a0    000000e0     rts6700.lib : fopen.obj (.text:__cleanup)
                  0000d980    000000e0                 : fflush.obj (.text:__doflush)
                  0000da60    000000e0                 : _printfi.obj (.text:__ecpy)
                  0000db40    000000e0                 : _printfi.obj (.text:__fcpy)
                  0000dc20    000000e0                 : _io_perm.obj (.text:__rd_ok)
                  0000dd00    000000e0                 : strasg.obj (.text:__strasg)
                  0000dde0    000000e0                 : exit.obj (.text:_exit)
                  0000dec0    000000e0                 : memory.obj (.text:_minsert)
                  0000dfa0    000000e0                 : memory.obj (.text:_mremove)
                  0000e080    000000c0                 : divu.obj (.text:__divu)
                  0000e140    000000c0                 : cpy_tbl.obj (.text:_copy_in)
                  0000e200    000000c0                 : lowlev.obj (.text:_finddevice)
                  0000e2c0    000000c0     dsk6713bsl.lib : dsk6713_aic23_setfreq.obj (.text)
                  0000e380    000000a0     csl6713.lib : csl_mcbsp.obj (.text:_MCBSP_config)
                  0000e420    000000a0     rts6700.lib : fixdli.obj (.text:__fixdli)
                  0000e4c0    000000a0                 : mpyll.obj (.text:__mpyll)
                  0000e560    000000a0                 : imath40.obj (.text:__remli)
                  0000e600    000000a0                 : imath40.obj (.text:__remul)
                  0000e6a0    000000a0                 : imath64.obj (.text:__remull)
                  0000e740    000000a0                 : trgmsg.obj (.text:_readmsg)
                  0000e7e0    000000a0     csl6713.lib : csl_irq.obj (.text:_setMux)
                  0000e880    000000a0     rts6700.lib : lowlev.obj (.text:_unlink)
                  0000e920    000000a0                 : trgmsg.obj (.text:_writemsg)
                  0000e9c0    00000080                 : cpp_init.obj (.text:___TI_cpp_init)
                  0000ea40    00000080                 : fltlid.obj (.text:__fltlid)
                  0000eac0    00000080                 : llshift.obj (.text:__llshl)
                  0000eb40    00000080                 : boot.obj (.text:_c_int00)
                  0000ebc0    00000080                 : memccpy.obj (.text:_memccpy)
                  0000ec40    00000060                 : isinf.obj (.text:___isinf)
                  0000eca0    00000060                 : llshift.obj (.text:__llshru)
                  0000ed00    00000060                 : imath64.obj (.text:__subcull)
                  0000ed60    00000040     csl6713.lib : csl_irq.obj (.text:_IRQ_enable)
                  0000eda0    00000040                 : csl_irq.obj (.text:_IRQ_reset)
                  0000ede0    00000040     rts6700.lib : _printfi.obj (.text:___isnan)
                  0000ee20    00000040                 : args_main.obj (.text:__args_main)
                  0000ee60    00000020     Vectors_poll.obj (.text)
                  0000ee80    00000020     csl6713.lib : csl_irq.obj (.text:_IRQ_globalDisable)
                  0000eea0    00000020                 : csl_irq.obj (.text:_IRQ_globalEnable)
                  0000eec0    00000020                 : csl_irq.obj (.text:_IRQ_nmiEnable)
                  0000eee0    00000020                 : csl_mcbsp.obj (.text:_MCBSP_getXmtEventId)
                  0000ef00    00000020                 : csl_mcbsp.obj (.text:_MCBSP_read)
                  0000ef20    00000020                 : csl_mcbsp.obj (.text:_MCBSP_rrdy)
                  0000ef40    00000020                 : csl_mcbsp.obj (.text:_MCBSP_write)
                  0000ef60    00000020                 : csl_mcbsp.obj (.text:_MCBSP_xrdy)
                  0000ef80    00000020     rts6700.lib : fscanf.obj (.text:__inpchar)
                  0000efa0    00000020                 : negll.obj (.text:__negll)
                  0000efc0    00000020                 : _lock.obj (.text:__nop)
                  0000efe0    00000020                 : printf.obj (.text:__outc)
                  0000f000    00000020                 : printf.obj (.text:__outs)
                  0000f020    00000020                 : fscanf.obj (.text:__uninpchar)
                  0000f040    00000020                 : exit.obj (.text:_abort)
                  0000f060    00000020                 : remove.obj (.text:_remove)
                  0000f080    00000020     csl6713.lib : csl_irq.obj (.text)

.stack     0    0000f0a0    00000800     UNINITIALIZED
                  0000f0a0    00000008     rts6700.lib : boot.obj (.stack)
                  0000f0a8    000007f8     --HOLE--

.sysmem    0    0000f8a0    00000800     UNINITIALIZED
                  0000f8a0    00000008     rts6700.lib : memory.obj (.sysmem)
                  0000f8a8    000007f8     --HOLE--

.const     0    000100a0    00000412     
                  000100a0    0000014c     main.obj (.const:.string)
                  000101ec    00000101     rts6700.lib : ctype.obj (.const:.string:__ctypes_)
                  000102ed    00000002                 : fputs.obj (.const:.string)
                  000102ef    00000001     --HOLE-- [fill = 0]
                  000102f0    00000050                 : strtod.obj (.const:_digits)
                  00010340    00000050                 : strtold.obj (.const:_digits)
                  00010390    00000048                 : strtod.obj (.const:_powerof10)
                  000103d8    00000048                 : strtold.obj (.const:_powerof10)
                  00010420    00000040     dsk6713bsl.lib : dsk6713_aic23_opencodec.obj (.const)
                  00010460    00000023     rts6700.lib : _printfi.obj (.const:.string)
                  00010483    00000001     --HOLE-- [fill = 0]
                  00010484    00000020     dsk6713bsl.lib : dsk6713.obj (.const)
                  000104a4    00000007     rts6700.lib : _scanfi.obj (.const:.string:_flit$1)
                  000104ab    00000001     --HOLE-- [fill = 0]
                  000104ac    00000006                 : _scanfi.obj (.const:.string:_barr$2)

.cinit     0    000104b8    000003bc     
                  000104b8    0000012c     csl6713.lib : csl_irq.obj (.cinit)
                  000105e4    00000004     --HOLE-- [fill = 0]
                  000105e8    0000005c     rts6700.lib : defs.obj (.cinit)
                  00010644    00000004     --HOLE-- [fill = 0]
                  00010648    0000005c                 : lowlev.obj (.cinit)
                  000106a4    00000004     --HOLE-- [fill = 0]
                  000106a8    00000058     c6713dskinit.obj (.cinit)
                  00010700    00000054     csl6713.lib : csl_mcbsp.obj (.cinit)
                  00010754    00000004     --HOLE-- [fill = 0]
                  00010758    00000030     dsk6713bsl.lib : dsk6713_aic23_registers.obj (.cinit)
                  00010788    0000002c     rts6700.lib : exit.obj (.cinit)
                  000107b4    00000004     --HOLE-- [fill = 0]
                  000107b8    0000002c                 : memory.obj (.cinit)
                  000107e4    00000004     --HOLE-- [fill = 0]
                  000107e8    00000028     dsk6713bsl.lib : dsk6713_aic23_setfreq.obj (.cinit)
                  00010810    0000001c     rts6700.lib : _lock.obj (.cinit)
                  0001082c    00000004     --HOLE-- [fill = 0]
                  00010830    0000001a     main.obj (.cinit)
                  0001084a    00000006     --HOLE-- [fill = 0]
                  00010850    0000000c     rts6700.lib : errno.obj (.cinit)
                  0001085c    00000004     --HOLE-- [fill = 0]
                  00010860    0000000c                 : fopen.obj (.cinit)
                  0001086c    00000004     --HOLE-- [fill = 0]
                  00010870    00000004     (.pad.cinit) [fill = 0]

.cio       0    00010874    00000120     UNINITIALIZED
                  00010874    00000120     rts6700.lib : trgmsg.obj (.cio)

.switch    0    00010994    00000028     
                  00010994    00000028     rts6700.lib : _scanfi.obj (.switch:__sset_arg)

.bss       0    000109bc    00000012     UNINITIALIZED
                  000109bc    0000000c     c6713dskinit.obj (.bss)
                  000109c8    00000006     main.obj (.bss)

.far       0    80000000    00000636     UNINITIALIZED
                  80000000    00000324     rts6700.lib : defs.obj (.far)
                  80000324    0000011c                 : lowlev.obj (.far)
                  80000440    000000f4     csl6713.lib : csl_irq.obj (.far)
                  80000534    0000004c     c6713dskinit.obj (.far)
                  80000580    00000038     csl6713.lib : csl_mcbsp.obj (.far)
                  800005b8    00000028     dsk6713bsl.lib : dsk6713_aic23_registers.obj (.far)
                  800005e0    00000020                    : dsk6713_aic23_setfreq.obj (.far)
                  80000600    0000000c     rts6700.lib : exit.obj (.far)
                  8000060c    00000008     dsk6713bsl.lib : dsk6713_aic23_opencodec.obj (.far)
                  80000614    00000008     rts6700.lib : _lock.obj (.far)
                  8000061c    00000008                 : memory.obj (.far)
                  80000624    00000008                 : trgdrv.obj (.far)
                  8000062c    00000004                 : errno.obj (.far)
                  80000630    00000004                 : fopen.obj (.far)
                  80000634    00000002     dsk6713bsl.lib : dsk6713.obj (.far)


GLOBAL SYMBOLS: SORTED ALPHABETICALLY BY Name 

address    name
--------   ----
000109bc   $bss
000109bc   .bss
00000220   .text
0000f040   C$$EXIT
0000e998   C$$IO$$
80000538   _AIC23CfgData
80000534   _AIC_data
8000060c   _DSK6713_AIC23_codeccontrolhandle
80000610   _DSK6713_AIC23_codecdatahandle
0000c480   _DSK6713_AIC23_config
00008d60   _DSK6713_AIC23_openCodec
0000c458   _DSK6713_AIC23_rget
0000c3c0   _DSK6713_AIC23_rset
0000e2c0   _DSK6713_AIC23_setFreq
00006594   _DSK6713_getVersion
000061cc   _DSK6713_init
000064e8   _DSK6713_rget
000064fc   _DSK6713_rset
80000634   _DSK6713_version
00006510   _DSK6713_wait
00006568   _DSK6713_waitusec
0000cbc0   _HOSTclose
0000b7e0   _HOSTlseek
0000c500   _HOSTopen
0000bec0   _HOSTread
0000a440   _HOSTrename
0000ccc0   _HOSTunlink
0000c620   _HOSTwrite
0000ed60   _IRQ_enable
0000ee80   _IRQ_globalDisable
0000eea0   _IRQ_globalEnable
0000b000   _IRQ_map
0000eec0   _IRQ_nmiEnable
0000eda0   _IRQ_reset
0000e380   _MCBSP_config
0000eee0   _MCBSP_getXmtEventId
0000d7c0   _MCBSP_open
0000ef00   _MCBSP_read
0000b4e0   _MCBSP_reset
0000ef20   _MCBSP_rrdy
0000cdc0   _MCBSP_start
0000ef40   _MCBSP_write
0000ef60   _MCBSP_xrdy
00010874   __CIOBUF_
8000052c   __IRQ_dispatchTable
80000468   __IRQ_eventTable
0000f080   __IRQ_hookFetchPacket
800004ec   __IRQ_intTable
800005b0   __MCBSP_hDev0
800005b4   __MCBSP_hDev1
0000f8a0   __STACK_END
00000800   __STACK_SIZE
00000800   __SYSMEM_SIZE
00000001   __TI_args_main
0000e9c0   ___TI_cpp_init
80000608   ___TI_enable_exit_profile_output
ffffffff   ___TI_pprof_out_hndl
ffffffff   ___TI_prof_data_size
ffffffff   ___TI_prof_data_start
ffffffff   ___binit__
000109bc   ___bss__
ffffffff   ___c_args__
000104b8   ___cinit__
000109ce   ___end__
0000f0a0   ___etext__
0000ec40   ___isinf
ffffffff   ___pinit__
00000220   ___text__
0000ee20   __args_main
0000cec0   __auto_init
0000b940   __buff_read
0000c740   __c6xabi_divi
0000e080   __c6xabi_divu
0000d8a0   __cleanup
80000600   __cleanup_ptr
0000baa0   __closefile
000101ec   __ctypes_
000015a0   __divd
0000c740   __divi
0000d0c0   __divli
0000e080   __divu
00009b20   __divul
000075c0   __divull
0000d980   __doflush
80000604   __dtors_ptr
0000e420   __fixdli
0000ea40   __fltlid
0000c000   __frcmpyd_div
80000320   __ft_end
80000000   __ftable
0000eac0   __llshl
0000eca0   __llshru
80000614   __lock
0000e4c0   __mpyll
0000efa0   __negll
0000efc0   __nop
00004da0   __printfi
0000dc20   __rd_ok
0000e560   __remli
0000e600   __remul
0000e6a0   __remull
00000220   __scanfi
0000f0a0   __stack
0000dd00   __strasg
0000ed00   __subcull
0000f8a0   __sys_memory
800001e0   __tmpnams
80000618   __unlock
0000c860   __wrt_ok
0000f040   _abort
0000c140   _atoi
00001cc0   _c6713_dsk_init
0000eb40   _c_int00
0000c980   _close
00001d98   _comm_intr
00001d6c   _comm_poll
80000558   _config
0000e140   _copy_in
8000062c   _errno
0000dde0   _exit
0000b660   _fgetc
00009880   _fputc
00005820   _fputs
00007cc0   _free
000109c8   _fs
0000ae40   _fseek
0000b660   _getc
000109c4   _hAIC23_handle
00002258   _input_left_sample
00002318   _input_right_sample
0000215c   _input_sample
000109cc   _inputsource
00008700   _isolate
0000d2c0   _lseek
0000c280   _ltoa
00008858   _main
00009fc0   _malloc
0000ebc0   _memccpy
0000a200   _memcpy
0000caa0   _memset
00001fac   _output_left_sample
00002084   _output_right_sample
00001e9c   _output_sample
0000d3c0   _printf
00009880   _putc
0000d4c0   _read
0000e740   _readmsg
0000f060   _remove
0000d5c0   _scanf
00009320   _setvbuf
000030e0   _strtod
00004820   _strtol
000036c0   _strtold
00003ca0   _strtoll
00005300   _strtoul
00005ce0   _strtoull
0000bd60   _ungetc
0000e880   _unlink
00000020   _vector1
00000140   _vector10
00000160   _vector11
00000180   _vector12
000001a0   _vector13
000001c0   _vector14
000001e0   _vector15
00000040   _vector2
00000060   _vector3
00000080   _vector4
000000a0   _vector5
000000c0   _vector6
000000e0   _vector7
00000100   _vector8
00000120   _vector9
00000000   _vectors
0000d6c0   _write
0000e920   _writemsg
ffffffff   binit
000104b8   cinit
000109ce   end
0000f0a0   etext
ffffffff   pinit


GLOBAL SYMBOLS: SORTED BY Symbol Address 

address    name
--------   ----
00000000   _vectors
00000001   __TI_args_main
00000020   _vector1
00000040   _vector2
00000060   _vector3
00000080   _vector4
000000a0   _vector5
000000c0   _vector6
000000e0   _vector7
00000100   _vector8
00000120   _vector9
00000140   _vector10
00000160   _vector11
00000180   _vector12
000001a0   _vector13
000001c0   _vector14
000001e0   _vector15
00000220   .text
00000220   ___text__
00000220   __scanfi
00000800   __STACK_SIZE
00000800   __SYSMEM_SIZE
000015a0   __divd
00001cc0   _c6713_dsk_init
00001d6c   _comm_poll
00001d98   _comm_intr
00001e9c   _output_sample
00001fac   _output_left_sample
00002084   _output_right_sample
0000215c   _input_sample
00002258   _input_left_sample
00002318   _input_right_sample
000030e0   _strtod
000036c0   _strtold
00003ca0   _strtoll
00004820   _strtol
00004da0   __printfi
00005300   _strtoul
00005820   _fputs
00005ce0   _strtoull
000061cc   _DSK6713_init
000064e8   _DSK6713_rget
000064fc   _DSK6713_rset
00006510   _DSK6713_wait
00006568   _DSK6713_waitusec
00006594   _DSK6713_getVersion
000075c0   __divull
00007cc0   _free
00008700   _isolate
00008858   _main
00008d60   _DSK6713_AIC23_openCodec
00009320   _setvbuf
00009880   _fputc
00009880   _putc
00009b20   __divul
00009fc0   _malloc
0000a200   _memcpy
0000a440   _HOSTrename
0000ae40   _fseek
0000b000   _IRQ_map
0000b4e0   _MCBSP_reset
0000b660   _fgetc
0000b660   _getc
0000b7e0   _HOSTlseek
0000b940   __buff_read
0000baa0   __closefile
0000bd60   _ungetc
0000bec0   _HOSTread
0000c000   __frcmpyd_div
0000c140   _atoi
0000c280   _ltoa
0000c3c0   _DSK6713_AIC23_rset
0000c458   _DSK6713_AIC23_rget
0000c480   _DSK6713_AIC23_config
0000c500   _HOSTopen
0000c620   _HOSTwrite
0000c740   __c6xabi_divi
0000c740   __divi
0000c860   __wrt_ok
0000c980   _close
0000caa0   _memset
0000cbc0   _HOSTclose
0000ccc0   _HOSTunlink
0000cdc0   _MCBSP_start
0000cec0   __auto_init
0000d0c0   __divli
0000d2c0   _lseek
0000d3c0   _printf
0000d4c0   _read
0000d5c0   _scanf
0000d6c0   _write
0000d7c0   _MCBSP_open
0000d8a0   __cleanup
0000d980   __doflush
0000dc20   __rd_ok
0000dd00   __strasg
0000dde0   _exit
0000e080   __c6xabi_divu
0000e080   __divu
0000e140   _copy_in
0000e2c0   _DSK6713_AIC23_setFreq
0000e380   _MCBSP_config
0000e420   __fixdli
0000e4c0   __mpyll
0000e560   __remli
0000e600   __remul
0000e6a0   __remull
0000e740   _readmsg
0000e880   _unlink
0000e920   _writemsg
0000e998   C$$IO$$
0000e9c0   ___TI_cpp_init
0000ea40   __fltlid
0000eac0   __llshl
0000eb40   _c_int00
0000ebc0   _memccpy
0000ec40   ___isinf
0000eca0   __llshru
0000ed00   __subcull
0000ed60   _IRQ_enable
0000eda0   _IRQ_reset
0000ee20   __args_main
0000ee80   _IRQ_globalDisable
0000eea0   _IRQ_globalEnable
0000eec0   _IRQ_nmiEnable
0000eee0   _MCBSP_getXmtEventId
0000ef00   _MCBSP_read
0000ef20   _MCBSP_rrdy
0000ef40   _MCBSP_write
0000ef60   _MCBSP_xrdy
0000efa0   __negll
0000efc0   __nop
0000f040   C$$EXIT
0000f040   _abort
0000f060   _remove
0000f080   __IRQ_hookFetchPacket
0000f0a0   ___etext__
0000f0a0   __stack
0000f0a0   etext
0000f8a0   __STACK_END
0000f8a0   __sys_memory
000101ec   __ctypes_
000104b8   ___cinit__
000104b8   cinit
00010874   __CIOBUF_
000109bc   $bss
000109bc   .bss
000109bc   ___bss__
000109c4   _hAIC23_handle
000109c8   _fs
000109cc   _inputsource
000109ce   ___end__
000109ce   end
80000000   __ftable
800001e0   __tmpnams
80000320   __ft_end
80000468   __IRQ_eventTable
800004ec   __IRQ_intTable
8000052c   __IRQ_dispatchTable
80000534   _AIC_data
80000538   _AIC23CfgData
80000558   _config
800005b0   __MCBSP_hDev0
800005b4   __MCBSP_hDev1
80000600   __cleanup_ptr
80000604   __dtors_ptr
80000608   ___TI_enable_exit_profile_output
8000060c   _DSK6713_AIC23_codeccontrolhandle
80000610   _DSK6713_AIC23_codecdatahandle
80000614   __lock
80000618   __unlock
8000062c   _errno
80000634   _DSK6713_version
ffffffff   ___TI_pprof_out_hndl
ffffffff   ___TI_prof_data_size
ffffffff   ___TI_prof_data_start
ffffffff   ___binit__
ffffffff   ___c_args__
ffffffff   ___pinit__
ffffffff   binit
ffffffff   pinit

[181 symbols]
