******************************************************************************
               TMS320C6x Linker PC v7.4.14                     
******************************************************************************
>> Linked Wed Jan 20 09:43:21 2016

OUTPUT FILE NAME:   <lab_1.out>
ENTRY POINT SYMBOL: "_c_int00"  address: 00001f40


MEMORY CONFIGURATION

         name            origin    length      used     unused   attr    fill
----------------------  --------  ---------  --------  --------  ----  --------
  IRAM                  00000000   00030000  00003180  0002ce80  RWIX
  L2RAM                 00030000   00010000  00000000  00010000  RWIX
  EMIFCE0               80000000   10000000  00000000  10000000  RWIX
  EMIFCE1               90000000   10000000  00000000  10000000  RWIX
  EMIFCE2               a0000000   10000000  00000000  10000000  RWIX
  EMIFCE3               b0000000   10000000  00000000  10000000  RWIX


SECTION ALLOCATION MAP

 output                                  attributes/
section   page    origin      length       input sections
--------  ----  ----------  ----------   ----------------
.data      0    00000000    00000000     UNINITIALIZED

.pinit     0    00000000    00000000     UNINITIALIZED

$BRID      0    00000000    000000f4     COPY SECTION
                  00000000    00000078     csl6713.lib : csl_irq.obj ($BRID)
                  00000078    0000007c                 : csl_mcbsp.obj ($BRID)

.text      0    00000000    000021e0     
                  00000000    00000720     c6713dskinit.obj (.text)
                  00000720    00000480     dsk6713bsl.lib : dsk6713.obj (.text)
                  00000ba0    00000300                    : dsk6713_aic23_opencodec.obj (.text)
                  00000ea0    00000240     rts6700.lib : memcpy62.obj (.text:_memcpy)
                  000010e0    00000220     main.obj (.text)
                  00001300    000001a0     csl6713.lib : csl_irq.obj (.text:_IRQ_map)
                  000014a0    00000180                 : csl_mcbsp.obj (.text:_MCBSP_reset)
                  00001620    00000140     dsk6713bsl.lib : dsk6713_aic23_registers.obj (.text)
                  00001760    00000100     csl6713.lib : csl_mcbsp.obj (.text:_MCBSP_start)
                  00001860    00000100     rts6700.lib : autoinit.obj (.text:__auto_init)
                  00001960    000000e0     csl6713.lib : csl_mcbsp.obj (.text:_MCBSP_open)
                  00001a40    000000e0     rts6700.lib : strasg.obj (.text:__strasg)
                  00001b20    000000e0                 : exit.obj (.text:_exit)
                  00001c00    000000c0                 : cpy_tbl.obj (.text:_copy_in)
                  00001cc0    000000c0     dsk6713bsl.lib : dsk6713_aic23_setfreq.obj (.text)
                  00001d80    000000a0     csl6713.lib : csl_mcbsp.obj (.text:_MCBSP_config)
                  00001e20    000000a0                 : csl_irq.obj (.text:_setMux)
                  00001ec0    00000080     rts6700.lib : cpp_init.obj (.text:___TI_cpp_init)
                  00001f40    00000080                 : boot.obj (.text:_c_int00)
                  00001fc0    00000040     csl6713.lib : csl_irq.obj (.text:_IRQ_enable)
                  00002000    00000040                 : csl_irq.obj (.text:_IRQ_reset)
                  00002040    00000040     rts6700.lib : args_main.obj (.text:__args_main)
                  00002080    00000020     Vectors_poll.obj (.text)
                  000020a0    00000020     csl6713.lib : csl_irq.obj (.text:_IRQ_globalDisable)
                  000020c0    00000020                 : csl_irq.obj (.text:_IRQ_globalEnable)
                  000020e0    00000020                 : csl_irq.obj (.text:_IRQ_nmiEnable)
                  00002100    00000020                 : csl_mcbsp.obj (.text:_MCBSP_getXmtEventId)
                  00002120    00000020                 : csl_mcbsp.obj (.text:_MCBSP_read)
                  00002140    00000020                 : csl_mcbsp.obj (.text:_MCBSP_rrdy)
                  00002160    00000020                 : csl_mcbsp.obj (.text:_MCBSP_write)
                  00002180    00000020                 : csl_mcbsp.obj (.text:_MCBSP_xrdy)
                  000021a0    00000020     rts6700.lib : exit.obj (.text:_abort)
                  000021c0    00000020     csl6713.lib : csl_irq.obj (.text)

.stack     0    000021e0    00000800     UNINITIALIZED
                  000021e0    00000008     rts6700.lib : boot.obj (.stack)
                  000021e8    000007f8     --HOLE--

.cinit     0    000029e0    0000028c     
                  000029e0    0000012c     csl6713.lib : csl_irq.obj (.cinit)
                  00002b0c    00000004     --HOLE-- [fill = 0]
                  00002b10    00000058     c6713dskinit.obj (.cinit)
                  00002b68    00000054     csl6713.lib : csl_mcbsp.obj (.cinit)
                  00002bbc    00000004     --HOLE-- [fill = 0]
                  00002bc0    00000030     dsk6713bsl.lib : dsk6713_aic23_registers.obj (.cinit)
                  00002bf0    0000002c     rts6700.lib : exit.obj (.cinit)
                  00002c1c    00000004     --HOLE-- [fill = 0]
                  00002c20    00000028     dsk6713bsl.lib : dsk6713_aic23_setfreq.obj (.cinit)
                  00002c48    0000001a     main.obj (.cinit)
                  00002c62    00000006     --HOLE-- [fill = 0]
                  00002c68    00000004     (.pad.cinit) [fill = 0]

.far       0    00002c6c    000001d6     UNINITIALIZED
                  00002c6c    000000f4     csl6713.lib : csl_irq.obj (.far)
                  00002d60    0000004c     c6713dskinit.obj (.far)
                  00002dac    00000038     csl6713.lib : csl_mcbsp.obj (.far)
                  00002de4    00000028     dsk6713bsl.lib : dsk6713_aic23_registers.obj (.far)
                  00002e0c    00000020                    : dsk6713_aic23_setfreq.obj (.far)
                  00002e2c    0000000c     rts6700.lib : exit.obj (.far)
                  00002e38    00000008     dsk6713bsl.lib : dsk6713_aic23_opencodec.obj (.far)
                  00002e40    00000002                    : dsk6713.obj (.far)

.const     0    00002e44    0000012c     
                  00002e44    000000ca     main.obj (.const:_$P$T0$1)
                  00002f0e    00000002     --HOLE-- [fill = 0]
                  00002f10    00000040     dsk6713bsl.lib : dsk6713_aic23_opencodec.obj (.const)
                  00002f50    00000020                    : dsk6713.obj (.const)

.bss       0    00002f70    00000012     UNINITIALIZED
                  00002f70    0000000c     c6713dskinit.obj (.bss)
                  00002f7c    00000006     main.obj (.bss)

.vectors   0    00003000    00000200     
                  00003000    00000200     Vectors_poll.obj (.vectors)


GLOBAL SYMBOLS: SORTED ALPHABETICALLY BY Name 

address    name
--------   ----
00002f70   $bss
00002f70   .bss
00000000   .data
00000000   .text
000021a0   C$$EXIT
00002d64   _AIC23CfgData
00002d60   _AIC_data
00002e38   _DSK6713_AIC23_codeccontrolhandle
00002e3c   _DSK6713_AIC23_codecdatahandle
000016e0   _DSK6713_AIC23_config
00000ba0   _DSK6713_AIC23_openCodec
000016b8   _DSK6713_AIC23_rget
00001620   _DSK6713_AIC23_rset
00001cc0   _DSK6713_AIC23_setFreq
00000b34   _DSK6713_getVersion
0000076c   _DSK6713_init
00000a88   _DSK6713_rget
00000a9c   _DSK6713_rset
00002e40   _DSK6713_version
00000ab0   _DSK6713_wait
00000b08   _DSK6713_waitusec
00001fc0   _IRQ_enable
000020a0   _IRQ_globalDisable
000020c0   _IRQ_globalEnable
00001300   _IRQ_map
000020e0   _IRQ_nmiEnable
00002000   _IRQ_reset
00001d80   _MCBSP_config
00002100   _MCBSP_getXmtEventId
00001960   _MCBSP_open
00002120   _MCBSP_read
000014a0   _MCBSP_reset
00002140   _MCBSP_rrdy
00001760   _MCBSP_start
00002160   _MCBSP_write
00002180   _MCBSP_xrdy
00002d58   __IRQ_dispatchTable
00002c94   __IRQ_eventTable
000021c0   __IRQ_hookFetchPacket
00002d18   __IRQ_intTable
00002ddc   __MCBSP_hDev0
00002de0   __MCBSP_hDev1
000029e0   __STACK_END
00000800   __STACK_SIZE
00000001   __TI_args_main
00001ec0   ___TI_cpp_init
00002e34   ___TI_enable_exit_profile_output
ffffffff   ___TI_pprof_out_hndl
ffffffff   ___TI_prof_data_size
ffffffff   ___TI_prof_data_start
ffffffff   ___binit__
00002f70   ___bss__
ffffffff   ___c_args__
000029e0   ___cinit__
00000000   ___data__
00000000   ___edata__
00002f82   ___end__
000021e0   ___etext__
ffffffff   ___pinit__
00000000   ___text__
00002040   __args_main
00001860   __auto_init
00002e2c   __cleanup_ptr
00002e30   __dtors_ptr
000021e0   __stack
00001a40   __strasg
000021a0   _abort
00000000   _c6713_dsk_init
00001f40   _c_int00
000000d8   _comm_intr
000000ac   _comm_poll
00002d84   _config
00001c00   _copy_in
00001b20   _exit
00002f7c   _fs
00002f78   _hAIC23_handle
00000598   _input_left_sample
00000658   _input_right_sample
0000049c   _input_sample
00002f80   _inputsource
000012cc   _main
00000ea0   _memcpy
000002ec   _output_left_sample
000003c4   _output_right_sample
000001dc   _output_sample
000010e0   _part1
00001144   _part2
000011d0   _part3
00003020   _vector1
00003140   _vector10
00003160   _vector11
00003180   _vector12
000031a0   _vector13
000031c0   _vector14
000031e0   _vector15
00003040   _vector2
00003060   _vector3
00003080   _vector4
000030a0   _vector5
000030c0   _vector6
000030e0   _vector7
00003100   _vector8
00003120   _vector9
00003000   _vectors
ffffffff   binit
000029e0   cinit
00000000   edata
00002f82   end
000021e0   etext
ffffffff   pinit


GLOBAL SYMBOLS: SORTED BY Symbol Address 

address    name
--------   ----
00000000   .data
00000000   .text
00000000   ___data__
00000000   ___edata__
00000000   ___text__
00000000   _c6713_dsk_init
00000000   edata
00000001   __TI_args_main
000000ac   _comm_poll
000000d8   _comm_intr
000001dc   _output_sample
000002ec   _output_left_sample
000003c4   _output_right_sample
0000049c   _input_sample
00000598   _input_left_sample
00000658   _input_right_sample
0000076c   _DSK6713_init
00000800   __STACK_SIZE
00000a88   _DSK6713_rget
00000a9c   _DSK6713_rset
00000ab0   _DSK6713_wait
00000b08   _DSK6713_waitusec
00000b34   _DSK6713_getVersion
00000ba0   _DSK6713_AIC23_openCodec
00000ea0   _memcpy
000010e0   _part1
00001144   _part2
000011d0   _part3
000012cc   _main
00001300   _IRQ_map
000014a0   _MCBSP_reset
00001620   _DSK6713_AIC23_rset
000016b8   _DSK6713_AIC23_rget
000016e0   _DSK6713_AIC23_config
00001760   _MCBSP_start
00001860   __auto_init
00001960   _MCBSP_open
00001a40   __strasg
00001b20   _exit
00001c00   _copy_in
00001cc0   _DSK6713_AIC23_setFreq
00001d80   _MCBSP_config
00001ec0   ___TI_cpp_init
00001f40   _c_int00
00001fc0   _IRQ_enable
00002000   _IRQ_reset
00002040   __args_main
000020a0   _IRQ_globalDisable
000020c0   _IRQ_globalEnable
000020e0   _IRQ_nmiEnable
00002100   _MCBSP_getXmtEventId
00002120   _MCBSP_read
00002140   _MCBSP_rrdy
00002160   _MCBSP_write
00002180   _MCBSP_xrdy
000021a0   C$$EXIT
000021a0   _abort
000021c0   __IRQ_hookFetchPacket
000021e0   ___etext__
000021e0   __stack
000021e0   etext
000029e0   __STACK_END
000029e0   ___cinit__
000029e0   cinit
00002c94   __IRQ_eventTable
00002d18   __IRQ_intTable
00002d58   __IRQ_dispatchTable
00002d60   _AIC_data
00002d64   _AIC23CfgData
00002d84   _config
00002ddc   __MCBSP_hDev0
00002de0   __MCBSP_hDev1
00002e2c   __cleanup_ptr
00002e30   __dtors_ptr
00002e34   ___TI_enable_exit_profile_output
00002e38   _DSK6713_AIC23_codeccontrolhandle
00002e3c   _DSK6713_AIC23_codecdatahandle
00002e40   _DSK6713_version
00002f70   $bss
00002f70   .bss
00002f70   ___bss__
00002f78   _hAIC23_handle
00002f7c   _fs
00002f80   _inputsource
00002f82   ___end__
00002f82   end
00003000   _vectors
00003020   _vector1
00003040   _vector2
00003060   _vector3
00003080   _vector4
000030a0   _vector5
000030c0   _vector6
000030e0   _vector7
00003100   _vector8
00003120   _vector9
00003140   _vector10
00003160   _vector11
00003180   _vector12
000031a0   _vector13
000031c0   _vector14
000031e0   _vector15
ffffffff   ___TI_pprof_out_hndl
ffffffff   ___TI_prof_data_size
ffffffff   ___TI_prof_data_start
ffffffff   ___binit__
ffffffff   ___c_args__
ffffffff   ___pinit__
ffffffff   binit
ffffffff   pinit

[110 symbols]
